nohup: ignoring input
dataset shape: (50, 64, 64, 1200)
Navier-Stokes (vis = 1e-4) custom split loaded: ntrain=1000, ntest=200
X train shape: torch.Size([1000, 64, 64, 10]) Y train shape: torch.Size([1000, 64, 64, 40])
X test shape: torch.Size([200, 64, 64, 10]) Y test shape: torch.Size([200, 64, 64, 40])
The autoencoder type is MLP.
KNO2d model is completed.
Koopman Model has been compiled!
The Model Parameters Number is  526026
Epoch Time [Train Recons MSE] [Train Pred MSE] [Eval Recons MSE] [Eval Pred MSE]
0 53.468355802997394 0.04763916574418542 2.1647806227207185 0.3055902603268623 1.925104057788849
1 49.350069853000605 0.02275041791796684 1.8806812596321105 0.20933613777160645 1.8369026064872742
2 48.99923553500048 0.015894471563398835 1.887013043165207 0.13807041332125664 1.9590091168880464
3 49.002031536001596 0.014063851773738858 1.8332962465286256 0.14907876446843146 1.7535233557224275
4 51.03472401799809 0.08089830399304627 2.7838730239868164 0.6957306039333342 3.280370354652405
5 64.59699015200022 0.26719442033767704 4.930993514060974 2.9335146522521973 5.120540881156922
6 55.105997440001374 0.25367189764976517 5.141023168563843 2.813100700378418 5.120162463188171
7 55.31238232200121 0.24378691136837 5.140949716567993 2.7283386087417605 5.119528031349182
8 54.01407871500123 0.23862385940551753 5.140943789482117 2.669840295314789 5.119934892654419
9 53.87940746700042 0.23556530225276937 5.140743579864502 2.654508714675903 5.1204084873199465
10 54.181210697002825 0.23354475009441367 5.140778021812439 2.6280810713768004 5.119683933258057
11 54.17270598899995 0.23270940017700195 5.148284869194031 2.653395938873291 5.1406536340713505
12 54.62025737600197 0.23296791279315957 5.165403571128845 2.6147047376632693 5.140835380554199
13 53.62968614199781 0.2323075275421144 5.165030188560486 2.6362186217308046 5.141316556930542
14 53.01611183999921 0.23180847156047826 5.16535496711731 2.609010951519012 5.142422461509705
15 53.463750217997585 0.2315357234477996 5.1648406887054445 2.7127019047737124 5.191164469718933
16 53.309077891000925 0.24751207935810082 5.27674364566803 2.804262363910675 5.253193140029907
17 53.741582950999145 0.27930610918998733 5.7341461086273195 3.3341097426414494 5.9542395830154415
18 53.364865077001014 0.2911140542030333 5.921283869743347 3.320199077129364 5.952713584899902
19 53.46744462999777 0.2906228835582734 5.9216796493530275 3.321078021526337 5.952610492706299
20 53.66250109400062 0.29037712574005137 5.921293082237244 3.348420960903167 5.952403783798218
21 53.6507080099982 0.28986547207832336 5.909889979362488 3.33361958026886 5.936722612380981
22 53.4617850350005 0.28972238874435413 5.907512249946595 3.3292235088348385 5.9361933946609495
23 53.89925231500092 0.28967644667625425 5.908001937866211 3.3221500539779663 5.936060690879822
24 53.688087608003116 0.2891647484302522 5.897669248580932 3.315383677482605 5.915706753730774
25 53.824992382000346 0.28859401059150686 5.889963150024414 3.317637155055999 5.915313792228699
26 53.65747639199981 0.2950985774993895 5.961172380447388 3.4424664926528927 6.052633833885193
27 53.40293975399982 0.299873367547989 6.013655114173889 3.433634707927704 6.052281236648559
28 53.82016656700216 0.29984093260765077 6.013452687263489 3.455231416225433 6.053602695465088
29 53.39583800000037 0.2998371856212616 6.013442144393921 3.4281533622741707 6.053569555282593
30 53.322541338999145 0.29979965448379525 6.013535437583923 3.4133748126029966 6.05298171043396
31 53.0200304889986 0.2996835794448852 6.013212718963623 3.443465030193328 6.051369476318359
32 53.87423551699976 0.29965595102310166 6.0149175786972044 3.4390912842750545 6.056101679801941
33 53.95971972299958 0.29996377706527705 6.018731961250305 3.450227823257446 6.0575206756591795
34 54.743783890000486 0.29989616942405706 6.017948441505432 3.4358310222625734 6.055444693565368
35 54.071241655998165 0.30035276055336 6.013531012535095 3.462171196937561 6.054201531410217
36 53.92997533999733 0.3004194614887238 6.012928462028503 3.4439946889877318 6.054944849014282
37 53.21151700900009 0.3003271770477296 6.013073420524597 3.4353977918624885 6.054297661781311
38 53.32688432299983 0.30040300226211547 6.013033223152161 3.44033020734787 6.05446183681488
39 54.27362569599791 0.3003123657703399 6.012949266433716 3.438946783542633 6.054207754135132
40 54.25149850800153 0.30013568592071543 6.012828574180603 3.4488371634483337 6.053473711013794
41 56.95268286300052 0.30024771928787236 6.014034748077393 3.4571954536437994 6.053951406478882
42 54.32995898900117 0.3002555320262908 6.013933053016663 3.447030873298645 6.053780937194825
43 56.76228054300009 0.30029555726051327 6.01418179512024 3.453127477169037 6.055070900917054
44 54.621020770999166 0.30034537672996514 6.014373092651367 3.455189247131348 6.055277252197266
45 57.03735243900155 0.3008584158420563 6.018249497413636 3.460741107463837 6.05870213508606
46 55.324095769999985 0.3014074609279633 6.015170102119446 3.458798251152038 6.0574439525604244
47 53.615214491997904 0.3017565686702729 6.017136182785034 3.49880743265152 6.064991855621338
48 53.61169497099763 0.30447735977172835 6.0152523851394655 3.507153816223144 6.060772466659546
49 53.295520347001 0.30126861047744746 5.960061635971069 3.4056837010383605 5.924955558776856
50 53.17580242600161 0.29735054564476016 5.89555561542511 3.409709136486053 5.926143836975098
51 53.56742702799602 0.21664466905593865 4.40492014169693 1.8456333184242246 3.9024779200553894
52 53.10489587199845 0.15833533453941354 3.896700868606567 1.7618845176696776 3.901111114025116
53 59.023334664001595 0.15386086678504943 3.893503475189209 1.7166661059856416 3.896209704875946
54 57.13732511000126 0.14873522686958307 3.8743214344978334 1.6694179129600524 3.8697319507598875
55 57.486658449997776 0.14697643291950224 3.8770860767364503 1.7240577888488768 3.930137276649475
56 56.25993569899583 0.1519021669626236 3.931036899089813 1.7061669433116915 3.9331103324890138
57 56.54691099199408 0.15123922181129457 3.93011305809021 1.6944070279598236 3.9291017174720766
58 57.04167372400116 0.1494000639915466 3.9168622660636903 1.6514924252033232 3.912279260158539
59 55.587957486997766 0.14884659111499787 3.9110836958885193 1.6665823316574098 3.9114479660987853
60 53.10107877799601 0.14876222360134123 3.911120607852936 1.6754315543174745 3.912233793735504
61 51.89662765999674 0.14886037695407867 3.9113554787635803 1.68531906247139 3.9125577926635744
62 53.824713942005474 0.1542961740493774 3.9405062699317934 1.8584902155399319 3.9920267343521116
63 53.35353995300102 0.16110833621025086 3.9878817772865296 1.8402474963665008 3.9887943387031557
64 51.842355036998924 0.16050716853141783 3.9874549388885496 1.7985783040523529 3.9898574113845826
65 52.77393301700067 0.1579014837741852 3.9666919708251953 1.7855071234703064 3.968088686466217
66 51.077103032002924 0.1566602910757065 3.963309988975525 1.767443264722824 3.9710789561271667
67 50.93117211900244 0.15199124336242675 3.9272464513778687 1.6943096911907198 3.906098425388336
68 51.59175067600154 0.1568661124706268 3.815118148326874 2.000631368160248 3.7421319007873537
69 49.74368095299724 0.1738933650255203 3.7351300716400146 1.9804783213138581 3.7437914609909058
70 50.842460915999254 0.17293387603759766 3.7354767966270446 1.9756763517856597 3.7438511490821837
71 51.25671967100061 0.17256236171722414 3.7355729484558107 1.9675405132770536 3.7438963413238526
72 50.750054989999626 0.1724344235658646 3.7355286502838134 1.969883457422257 3.743889129161835
73 51.23861221700645 0.17235301566123964 3.7355667567253112 1.9757791912555693 3.743891489505768
74 51.097697123994294 0.17231340229511263 3.7355998063087466 1.9685339426994326 3.7438730120658876
75 51.39928580800188 0.1723389438390732 3.7356232404708862 1.9645641434192658 3.7438881754875184
76 50.87673760299367 0.17230095303058623 3.7356118869781496 1.9709540450572967 3.74388188123703
77 50.07156843199482 0.17220278871059416 3.7355618023872377 1.969389499425888 3.743839979171753
78 51.27288630800467 0.17224176132678992 3.7355790948867797 1.9792389583587648 3.74378160238266
79 51.45884448200377 0.17222380983829502 3.735482032299042 1.9653462183475494 3.7438775539398192
80 52.561423990999174 0.1721819832324982 3.735518569946289 1.9728736567497254 3.7438835382461546
81 51.01855629599595 0.1722103751897812 3.7355458760261535 1.9654716789722446 3.743932104110718
82 53.116417024997645 0.17219711220264444 3.7356017589569093 1.9633470952510834 3.743936097621918
83 51.22559072200238 0.1722328573465348 3.7357002091407776 1.9616517674922946 3.743955159187317
84 52.34024977499939 0.17220654618740083 3.7357739925384523 1.9676572215557102 3.743920612335205
85 52.22143472600146 0.17226655483245845 3.7358168458938597 1.96950425028801 3.7439401388168334
86 52.06256039199798 0.17221792793273924 3.7356930589675903 1.9656096863746644 3.7438814997673036
87 51.888073288995656 0.17224212324619292 3.7356764698028564 1.9661399030685427 3.7439703822135924
88 51.23566851700161 0.17224471330642693 3.7357481646537782 1.965621736049652 3.743914616107941
89 51.425685160000285 0.17219409835338592 3.735607306957245 1.9717593145370487 3.7440056085586546
90 50.28479839400097 0.17219552600383764 3.735505404472351 1.9647046864032744 3.743950164318085
91 49.400829031001194 0.17216292333602903 3.7355091738700867 1.9690313065052034 3.7439094305038454
92 49.67324485699646 0.1721948630809785 3.7355430054664613 1.9658484315872193 3.744027149677277
93 49.517350217996864 0.1721894046068192 3.735343863964081 1.9777639853954312 3.743757259845734
94 51.03864591799356 0.17217972886562338 3.7353348112106324 1.964340568780899 3.7437157034873962
95 50.59992090799642 0.1721498055458069 3.7353054904937744 1.9651599824428558 3.7436447739601135
96 49.256766206002794 0.17216529417037965 3.735280468463898 1.9714804005622864 3.7436657905578614
97 49.05821017099515 0.1721157248020171 3.735277004241943 1.9640901446342471 3.743654930591583
98 50.13689540899941 0.17219008719921106 3.735459039211273 1.974933831691742 3.743619406223297
99 49.7960633900002 0.16537405931949617 3.7434414768218995 1.6490263319015501 3.7770576238632203
100 49.859851644003356 0.13800352120399473 3.727892234325409 1.579843176603317 3.7522801399230956
101 51.49262198100041 0.1274630728363991 3.7598153614997862 0.8960604280233383 3.878085231781006
102 51.47151240299718 0.0761478127837181 3.8480742144584656 0.8530075299739839 3.870173966884613
103 50.20291821799765 0.07361817693710326 3.8468213534355162 0.8365809041261674 3.8701491951942444
104 50.174939860997256 0.07269440484046936 3.8472462248802186 0.8291274678707122 3.869921100139618
105 50.020501450002484 0.07222374904155733 3.8473041582107546 0.8266758275032042 3.870327043533325
106 50.245940692999284 0.07204811477661131 3.846628797054291 0.8236243796348572 3.8708433866500855
107 50.17259419099719 0.07188133251667027 3.846540403366089 0.8234584611654283 3.870461845397949
108 49.89849011099432 0.07179285860061645 3.8465776443481445 0.8215189439058304 3.8702893018722535
109 49.0490572130002 0.07171542251110076 3.8461242747306823 0.8179653435945509 3.8702423095703127
110 50.30432554899744 0.07163467973470686 3.8459194350242614 0.8190137434005736 3.869177746772766
111 50.52689627500513 0.07169763648509979 3.8454248833656313 0.8174716770648957 3.870138931274414
112 49.38875810999889 0.07166535228490829 3.8455280828475953 0.8155605012178422 3.8710696578025816
113 49.773992965005164 0.07167356598377224 3.845332636833191 0.815120334625244 3.8699719190597532
114 50.25707573499676 0.07162354815006255 3.8454740905761717 0.8145529466867447 3.870436501502991
115 50.337099090000265 0.07151657944917678 3.846793258190155 0.8120355468988419 3.8705068230628967
116 50.42395963300078 0.07136976337432861 3.84639080286026 0.8157295054197311 3.8703193187713625
117 49.36665100300161 0.07131328147649767 3.846518898010254 0.8143715405464172 3.8704129695892333
118 49.79841321200365 0.0719573635458946 3.8456675720214846 0.8333817189931871 3.869217562675476
119 49.23914887299907 0.07300847345590594 3.8446705818176268 0.8306730407476426 3.868454623222351
120 50.118531702006294 0.07314966958761215 3.8430220246315003 0.8345279014110567 3.866664099693298
121 51.42755835100252 0.07315943181514743 3.8424806499481203 0.8365228521823882 3.866942119598389
122 52.021366211003624 0.10445917505025859 3.8323286151885987 1.5403096461296082 3.844163179397583
123 50.913454709996586 0.13380187368392948 3.8201363778114317 1.5279516768455506 3.8443041324615477
124 50.18404680700041 0.13327608573436733 3.8202397775650025 1.5258683788776397 3.844110929965973
125 49.66858916700585 0.13309733557701103 3.8201288032531737 1.5260918307304379 3.8444721698760986
126 51.13410773200303 0.13303647387027742 3.820225031375885 1.5207910025119784 3.8444533348083496
127 49.97866355500446 0.1329682146310806 3.82020085811615 1.5251859211921692 3.8443268060684206
128 50.71760880399961 0.13275720381736764 3.819875512123108 1.5164475226402283 3.843868672847748
129 49.28445181200368 0.13230475175380707 3.818974726200104 1.5193864321708679 3.843958485126495
130 49.62810778700077 0.13237503612041468 3.819225239753723 1.517795432806015 3.8443364024162294
131 49.85083370799839 0.13233727002143858 3.8190611457824706 1.5174830806255337 3.844000482559204
132 49.889052077996894 0.13235663449764248 3.8191177535057066 1.5181669878959656 3.843949723243713
133 50.185757315004594 0.13233785641193394 3.8191074442863466 1.5169548404216766 3.8439695835113525
134 50.06729266399634 0.13232663428783417 3.819022741317749 1.5165378737449646 3.8434084177017214
135 50.68050854699686 0.13227367007732385 3.8190240406990053 1.5161904096603394 3.843816077709198
136 50.07792943799723 0.13200932240486152 3.818251407146454 1.5116881501674653 3.8429972767829894
137 51.03057265499956 0.13180402767658234 3.8182435393333436 1.5127830743789672 3.8435677528381347
138 52.793117854998854 0.13183301806449896 3.818441298007965 1.5119352972507476 3.843744421005249
139 50.27219775200501 0.13184992194175715 3.8185104942321777 1.5100409185886383 3.8434849858283995
140 49.969579992000945 0.13180762541294097 3.8181642270088196 1.5099633979797367 3.8434298396110536
141 49.61063886099873 0.1334469428062439 3.8195025968551635 1.548769942522049 3.845273756980896
142 50.34268321599666 0.13520603656768793 3.821260142326355 1.5479725146293641 3.845652997493744
143 50.29801634300384 0.13524341690540315 3.821355664730072 1.5514764177799225 3.8454364776611327
144 51.01316981200216 0.1372917584180832 3.8271542954444886 1.583858902454376 3.853884780406952
145 50.15011723399948 0.13745885789394374 3.8289879322052003 1.5745307993888855 3.8533141136169435
146 50.72285702899535 0.13744160413742068 3.8291904973983764 1.5763189637660981 3.8534387707710267
147 50.26303451399872 0.13747601544857024 3.8291229724884035 1.5747789013385776 3.853677213191986
148 50.19898225399811 0.13764467763900753 3.82918817281723 1.5776380848884581 3.8539186239242555
149 50.02091301300243 0.13770389211177828 3.8291524171829225 1.5786072051525117 3.8538469791412355
150 50.95268469800067 0.13785878765583037 3.8291703701019286 1.582771166563034 3.8540257811546326
151 51.150190530002874 0.13784014260768887 3.8291550350189207 1.5793825805187227 3.8541980743408204
152 50.86443778299872 0.13732211959362034 3.826982719898224 1.5689961326122286 3.8497868895530702
153 52.69260567099991 0.13697655892372132 3.825975229740143 1.569247924089432 3.8501080513000487
154 54.762234907000675 0.1369862438440323 3.8259895634651184 1.5711510801315307 3.8500826835632322
155 55.55824023199966 0.1368628511428833 3.8267414593696594 1.5699161052703856 3.85529305934906
156 52.41124158100138 0.14483331823349002 3.8284695386886596 1.76901980638504 3.85039222240448
157 50.22402080300526 0.1544903055429459 3.8260417199134826 1.7715741109848022 3.8506065130233766
158 50.55251321799733 0.15444383704662326 3.8260690641403197 1.7710635673999786 3.8505085468292237
159 50.98387856000045 0.15415627455711362 3.829004728794098 1.7609513068199156 3.852855408191681
160 50.80522921199736 0.15337019586563108 3.828428907394409 1.753011850118637 3.852594757080078
161 49.98217851999652 0.15270232093334207 3.8279194617271424 1.7469069409370424 3.8534407377243043
162 50.56392266900366 0.15327040970325473 3.827809946537018 1.8545860624313353 3.8534335494041443
163 51.65198626399797 0.15879287898540498 3.829381809234619 1.8096246325969698 3.853187692165375
164 51.26392684900202 0.1578551052808761 3.8299909162521364 1.8191069829463955 3.856053924560547
165 50.10279496199655 0.15812955129146578 3.8317397689819335 1.814367469549179 3.8563910126686096
166 49.55208496200066 0.157800323009491 3.8311912059783935 1.78658548951149 3.8535275220870973
167 50.646385276006185 0.15442973995208736 3.8280608010292054 1.7690251672267916 3.852038323879242
168 50.2897404020041 0.1549105851650238 3.826157612800598 1.777712163925171 3.84867240190506
169 51.04280660900258 0.15484172010421748 3.8255407190322877 1.8311549615859986 3.854954493045807
170 49.78995902799943 0.1446815581321716 3.801727149486542 1.6468849503993988 3.8227972269058226
171 52.43445086399879 0.14302035868167873 3.797302196025848 1.6464437234401703 3.822109878063202
172 50.8666154349994 0.14308371543884277 3.7971537351608275 1.6469335389137267 3.822151505947113
173 50.63043495599413 0.14291522729396822 3.7967397117614747 1.6352443885803223 3.8225505113601685
174 51.921327715994266 0.14234730398654943 3.79749938249588 1.638876791000366 3.822411024570465
175 50.116524846001994 0.1419852833747864 3.796791570186615 1.6265596532821658 3.8224496722221373
176 50.916590849003114 0.14156607627868653 3.796642332077026 1.6246783578395845 3.821446883678436
177 50.35123452999687 0.14092891132831573 3.797026689052582 1.6228992426395414 3.825693953037262
178 51.45142492799641 0.14411393690109256 3.8076094651222228 1.660006295442581 3.83345205783844
179 50.06761280399951 0.1391058465242386 3.7975282406806947 1.5649004805088045 3.8199246406555174
180 50.8269240150039 0.13738978052139283 3.7987624192237854 1.5832208752632142 3.824368727207184
181 49.77116459800163 0.13758352637290958 3.798631389141083 1.5790825629234313 3.8230586647987366
182 50.37670418500056 0.1377271772623062 3.7972663903236388 1.5928926527500153 3.821883761882782
183 51.05421525100246 0.13747302567958833 3.792823679447174 1.555091277360916 3.8099451541900633
184 50.59804437900311 0.14026997137069694 3.7960729026794433 1.6545582187175754 3.8366682052612306
185 50.5498095389994 0.14453372383117677 3.81357946395874 1.6580388176441194 3.837792146205902
186 51.77985671100032 0.14114633786678313 3.8127345967292787 1.4357194352149965 3.8254966855049135
187 55.70228753599804 0.12353197896480558 3.8047172021865845 1.4346276795864106 3.8285311341285704
188 51.78217310900072 0.12561278712749485 3.8042409920692446 1.4319542598724364 3.826891803741455
189 50.98234861599485 0.12606111478805543 3.8054754328727722 1.4434094440937042 3.8298256158828736
190 52.44639171900053 0.12625375175476075 3.804823522567749 1.4444382417201997 3.8288432717323304
191 51.338523380996776 0.11930488169193268 3.7947518014907837 1.3034386193752288 3.8097907662391663
192 53.647020158001396 0.11346874713897709 3.784491539001465 1.2951959919929503 3.8087274551391603
193 52.638664508005604 0.11316266155242916 3.7833436822891233 1.2964723837375642 3.808040499687195
194 50.6532964049984 0.11339333176612858 3.7977314972877503 1.303335973024368 3.8380577206611632
195 51.59583732399915 0.113519642829895 3.8114590406417848 1.3050004386901857 3.8369924426078796
196 54.17732679600158 0.11363655948638918 3.8100400972366333 1.3082893371582032 3.836241269111633
197 51.42205533100059 0.11357126486301423 3.809736976623535 1.3066932320594788 3.8356224060058595
198 51.93157361900376 0.11349319851398466 3.810333709716797 1.2995532739162443 3.83725483417511
199 51.65530269200099 0.1151604009866714 3.812709839344025 1.8556904113292696 3.841632866859436
200 50.77191879499878 0.1462996304035187 3.8078744840621948 1.6264583790302276 3.8290900230407714
201 50.9085020929997 0.141146873831749 3.8027301955223085 1.6219592523574828 3.829071581363678
202 50.00608748100058 0.14093890750408178 3.802559595108032 1.6186164283752444 3.8315999627113344
203 49.73514348300523 0.14100241100788113 3.808312656879425 1.616439425945282 3.8350329399108887
204 51.06022886500432 0.1413068672418594 3.807852795124054 1.6642012321949005 3.827857029438019
205 49.63377960800426 0.14494257497787477 3.799249813556671 1.675645841360092 3.8261929512023927
206 51.32382813000004 0.1461698715686798 3.801874976158142 1.6836195147037507 3.8291197776794434
207 55.54576685700158 0.14529647171497345 3.802554247379303 1.653319703340531 3.8273659229278563
208 52.74185101600597 0.14431203222274777 3.801822853088379 1.6639170122146605 3.828956830501556
209 53.38554013599787 0.12628547585010522 3.8207514023780824 1.3503472411632538 3.8540362238883974
210 53.01164289799635 0.11783179461956023 3.8274506664276124 1.3657006859779357 3.8511032342910765
211 54.42056140200293 0.08932005310058594 3.8373225116729737 0.8376872771978379 3.8709146857261656
212 54.76166761999775 0.0722453728318214 3.8453701305389405 0.8196928161382676 3.8711249828338623
213 55.08869864600274 0.07127532452344897 3.845465099811554 0.8195105999708178 3.871338665485382
214 55.80908088900469 0.07132563996315001 3.8465641641616823 0.8126359075307846 3.871105420589447
215 56.41846818100021 0.07109396362304687 3.846451632976532 0.8126457291841508 3.8718504190444945
216 59.15632032099529 0.07049387437105181 3.8452106404304502 0.8036528313159943 3.8691713929176332
217 52.158046697004465 0.07029719829559325 3.844783504009247 0.8025677686929704 3.869418001174927
218 54.15693524500239 0.07244443225860599 3.8445656943321227 0.9082629156112672 3.8696043729782104
219 54.2840905080011 0.08009101879596708 3.845286796092987 0.9181512510776519 3.8705534815788267
220 52.9917755120041 0.08024872845411302 3.8453875279426573 0.9251244819164277 3.870571053028107
221 60.68069148399809 0.0806695149540901 3.842865514755249 0.9219683277606963 3.8590551257133483
222 71.6305551530022 0.10087241113185881 3.8542085313796997 1.219899011850357 3.8851152896881103
223 72.8852210010009 0.12110553944110873 3.8824492049217225 1.501146630048752 3.9233767986297607
224 66.93898509399878 0.12997072052955627 3.8956552505493165 1.4900252342224118 3.921328294277191
225 54.53354385399871 0.12776440083980556 3.895037474632263 1.4301931715011595 3.9228063941001894
226 54.05958235899743 0.1256171880960464 3.8950023078918456 1.4460047924518586 3.9207045078277587
227 53.20363743099733 0.11775693625211714 3.9047928524017332 0.9217748880386353 3.974560189247131
228 54.62997674700455 0.07642561340332031 3.9700583362579347 0.8501678645610811 4.000658595561982
229 53.384903805999784 0.07313599491119384 3.972902352809906 0.8332742094993592 3.999583911895752
230 54.510280943002726 0.07198468905687332 3.9718366289138793 0.8206735551357269 3.998244559764862
231 52.023420266996254 0.0714020881652832 3.971423671245575 0.8145385193824767 3.997595489025116
232 53.55558553899755 0.07094808304309846 3.970444405078888 0.8109000164270401 3.996735227108002
233 53.983858617000806 0.0706346257328987 3.969524533748627 0.8065938669443129 3.995980274677277
234 53.89189771000383 0.07045954370498654 3.9697979044914247 0.8075934076309205 3.996172297000885
235 52.364465530001326 0.07074610662460325 3.9732378220558164 0.8131316196918487 4.000122463703155
236 53.80576946600195 0.07086265647411347 3.975152726173401 0.8110892218351363 4.000726747512817
237 52.72612395499891 0.07084431791305543 3.9757815074920653 0.8133865696191787 4.004131579399109
238 52.97549755500222 0.07084495663642883 3.976971035003662 0.8153059196472168 4.0026405334472654
239 53.02062020000449 0.0705911987423897 3.9746077394485475 0.8074384844303131 4.001087844371796
240 52.43453151400172 0.07050421780347822 3.974241349697113 0.8074107372760773 4.000265634059906
241 54.87147901800199 0.07085123419761655 3.977929871082306 0.8173305517435075 4.009476387500763
242 53.35121528300078 0.0712947380542755 3.9842166042327882 0.8139348155260085 4.007546889781952
243 52.480940920999274 0.07122366070747374 3.9836048030853273 0.8134086066484449 4.0083468675613405
244 53.414402586000506 0.07127176195383073 3.984251494407654 0.8119051212072371 4.005199575424195
245 55.135425594999106 0.07087381398677825 3.976610083580017 0.8087210291624067 4.000996541976929
246 52.94968323800276 0.07080945396423337 3.975735468864441 0.809693642258644 4.000621271133423
247 52.639080972003285 0.07068493938446047 3.9745984864234924 0.8056835973262787 3.9990986466407774
248 53.7498289590003 0.07034242314100268 3.9727633380889893 0.8030788272619247 3.9985016703605654
249 54.58781751499919 0.07028907209634783 3.9723725271224977 0.8023769605159758 3.9980645179748535
250 54.045334907001234 0.0696384055018425 3.9651599955558776 0.7944563871622086 3.9899020075798033
251 55.61771877799765 0.06933055633306504 3.962202548980713 0.7957370728254318 3.9887489438056947
252 52.75518957799795 0.06911648708581924 3.9596621656417845 0.7973371905088424 3.9869433283805846
253 58.45773627300514 0.06909292644262316 3.9596176743507385 0.7933323919773102 3.9890891313552856
254 53.6775450579953 0.06843055105209352 3.961250536441803 0.7840927517414092 3.9882768273353575
255 57.37381916499726 0.06830940681695938 3.9610605430603028 0.7839362072944642 3.987316918373108
256 53.764260092997574 0.0682874477505684 3.9605163764953613 0.7868329882621766 3.9872063517570497
257 58.11506186200131 0.06824853324890139 3.9602346348762514 0.7823143303394317 3.986491334438324
258 54.69961908899859 0.06696898448467252 3.9580760478973387 0.7627671563625336 3.9832647800445558
259 52.62639566699363 0.06686757379770282 3.9577510237693785 0.7608796817064285 3.983679711818695
260 55.165480654999556 0.06687054806947706 3.957723596096039 0.7656263744831087 3.983786571025848
261 66.94554311099637 0.06709314262866974 3.9581233644485474 0.8083217763900757 3.9965339303016663
262 64.55022596000344 0.07340730679035187 3.9893790245056153 0.8427096682786941 4.017805862426758
263 59.5912857719959 0.0728290001153946 3.9893767046928406 0.8280702245235444 4.014258992671967
264 58.1044737120028 0.07256275898218155 3.9890863513946533 0.8268395215272901 4.012487936019897
265 56.79711944099836 0.07057883459329602 3.9732577800750732 0.8016802847385407 3.9970548510551454
266 54.49665201000607 0.0708918824195862 3.9764324593544007 0.8338148581981658 4.016241717338562
267 58.3086435380028 0.07029436576366424 3.970356590747833 0.7978457456827164 3.992109179496765
268 56.056655713997316 0.06977941113710402 3.966328203678131 0.7992430007457734 3.9916341662406922
269 53.95089584899688 0.06977368235588073 3.966390137672424 0.7969770199060441 3.9901665568351747
270 58.39876176799589 0.0691536796092987 3.9616262793540953 0.7844412845373154 3.984223783016205
271 55.48676695999893 0.06830763703584672 3.9562937355041505 0.7722043883800507 3.9753143191337585
272 58.41245441100182 0.06735566413402559 3.9482553577423096 0.7383232760429382 3.9493257999420166
273 53.83359637000103 0.06426808822154995 3.9171409153938295 0.7360495442152024 3.942988920211792
274 57.21652372300014 0.06416378563642498 3.9161092686653136 0.7371091258525849 3.9427689790725706
275 55.57691330200032 0.064082672894001 3.9156700444221495 0.7368558597564698 3.942435896396637
276 56.81467848000466 0.06566991180181506 3.921421866416931 0.754806569814682 3.946815538406372
277 56.915006499999436 0.0659772458076477 3.9191641283035277 0.7513527345657349 3.9453930377960207
278 54.360209113001474 0.0653906120061874 3.921317436695099 0.750147277712822 3.9480259895324705
279 57.61479241300549 0.0652082582116127 3.92179390668869 0.746083310842514 3.947613835334778
280 58.284173576998 0.06514378583431245 3.920835561752319 0.7454419505596162 3.945634496212006
281 56.995552231004694 0.0776539435386658 3.9545671463012697 1.2771207857131959 4.145452857017517
282 56.20159600899933 0.09940483254194256 4.1396518898010255 1.10936864733696 4.1662917852401735
283 56.72193846099981 0.10275238859653472 4.133648917675019 1.2704847002029418 4.144435620307922
284 57.21309525799734 0.08648968261480335 4.111667425632477 0.8096447247266768 4.124432444572449
285 58.14709995500016 0.06998797833919529 4.097229826450348 0.7974339485168458 4.1242218017578125
286 59.6448938389949 0.06942761325836182 4.0965922665596 0.794169489145279 4.123028230667114
287 62.000021601998014 0.07073675632476807 4.113180451393127 0.8305850255489349 4.148657512664795
288 57.86676785899908 0.07785998570919034 4.126031222343445 0.9233015370368957 4.153373527526855
289 56.54581822700129 0.0770163630843163 4.160637009143829 0.8794806164503098 4.221720361709595
290 56.000066899003286 0.07651717752218243 4.1958048319816585 0.8779459071159363 4.22121946811676
291 57.25846717099921 0.07614547288417814 4.19481769323349 0.8718251174688338 4.221007871627807
292 55.63976326100237 0.07600707417726517 4.194400701522827 0.8709960639476778 4.220200848579407
293 54.90760985599627 0.07636910754442212 4.193786814212799 1.2041602170467378 4.256011414527893
294 58.412811604001035 0.16365311133861546 4.328401184082031 1.8858512854576113 4.368854355812073
295 59.375968469001236 0.16188509559631348 4.340759239196777 1.8739290022850035 4.347838592529297
296 55.637368215000606 0.1702456954717636 4.320519919395447 1.947973784208298 4.3488919019699095
297 59.625827487994684 0.16986171734333044 4.323105392456054 1.9472840011119843 4.3523718357086185
298 59.027364663998014 0.16924322557449345 4.324227204322815 1.9411496996879578 4.351824378967285
299 57.368593788 0.16900060594081878 4.324665222167969 1.943443828821182 4.352321648597718
300 69.33869773599872 0.16889681875705723 4.3243556451797485 1.9410345017910005 4.351828122138977
301 56.197229804005474 0.16886762750148773 4.3246151018142704 1.9424859797954561 4.351991462707519
302 57.63770656899578 0.16886249291896813 4.324430904388428 1.9414345037937164 4.35184919834137
303 60.48949961300241 0.16884324634075162 4.324365260601044 1.946329718828201 4.35167818069458
304 62.36794961900159 0.16879568517208096 4.3244664669036865 1.9373567736148836 4.3522762060165405
305 58.9222639399959 0.168792380809784 4.324744787216186 1.9421326255798337 4.351069664955139
306 80.29600377199677 0.16879693639278423 4.3246820402145385 1.9368712580204008 4.351724433898926
307 128.5847731429967 0.16882033383846284 4.32434627532959 1.940739395618439 4.351836204528809
308 74.42321497899684 0.16872219681739814 4.324242177009583 1.941299031972885 4.352233147621154
309 74.18440603100316 0.16859680724143977 4.322342572212219 1.9374874114990237 4.348664402961731
310 80.61072142800549 0.1684913840293884 4.320275092124939 1.9349856567382815 4.347867870330811
311 72.88118186200154 0.16852713894844057 4.320379319190979 1.9408040416240695 4.347704339027405
312 58.26087419399846 0.16860932409763332 4.320452957153321 1.9409503710269924 4.347915577888489
313 63.561423892002495 0.168530706524849 4.32017523765564 1.9456198573112489 4.34883828163147
314 64.18438209300075 0.1686954214572906 4.321117329597473 1.9382088243961337 4.348719596862793
315 63.52892292699835 0.16865758669376374 4.320534420013428 1.9374733054637907 4.34961347579956
316 61.16494273799617 0.16867248606681834 4.321529788970947 1.9382066190242768 4.347542357444763
317 62.081618721997074 0.1687181824445724 4.321778073310852 1.9404607033729555 4.3491661071777346
318 61.42205651199765 0.168656921505928 4.321760153770446 1.9351672923564909 4.349396991729736
319 64.29705477099924 0.16695415174961092 4.318557753562927 1.8595223140716555 4.340006947517395
320 62.301943174999906 0.15975968563556675 4.311703772544861 1.829614654779434 4.339928245544433
321 63.461240159995214 0.15932789111137394 4.312168030738831 1.827500867843628 4.339678931236267
322 63.87192073600454 0.15909171009063722 4.312213401794434 1.831337126493454 4.340319395065308
323 64.9243351499972 0.15916162645816803 4.312459344863892 1.839134495258331 4.340613079071045
324 60.642323726999166 0.15920706164836884 4.312379355430603 1.8341398787498473 4.341319513320923
325 59.06305342399719 0.15925258922576904 4.312486162185669 1.833216046094894 4.3412127017974855
326 56.8078531200008 0.15888734543323513 4.311525411605835 1.820007916688919 4.338696074485779
327 60.485177439004474 0.15865735983848567 4.310585889816284 1.8295723891258242 4.339541363716125
328 57.188425995002035 0.15861786711215978 4.310647106170654 1.8205402123928072 4.338469409942627
329 64.3213786990018 0.15902116978168487 4.312042813301087 1.829197044372559 4.340899038314819
330 64.30656835799891 0.15896384859085078 4.311925601959229 1.819341472387314 4.340121483802795
331 61.73281985199719 0.1585053812265396 4.311812829971314 1.8221539187431333 4.340166211128235
332 58.8516995989994 0.15850372219085698 4.312113509178162 1.8202630674839018 4.339748072624206
333 61.20267538000189 0.1584912539720535 4.31205904006958 1.8216762173175813 4.339601302146912
334 64.91672708999977 0.15852110219001772 4.311840744018554 1.8202728807926178 4.3391235113143924
335 59.816207169002155 0.1584090187549591 4.310975704193115 1.8242026591300966 4.334576368331909
336 62.13944489399728 0.15904508531093606 4.305621671676636 1.8296343410015108 4.334055495262146
337 63.71957246700185 0.1593223483562469 4.30473946094513 1.8355920457839965 4.332361936569214
338 60.23843593100173 0.15928108382225034 4.303567247390747 1.8275337576866146 4.329982662200928
339 58.3418441419999 0.1588098864555359 4.302559704780578 1.816820352077484 4.329061269760132
340 60.09847373199591 0.15609590756893157 4.292373332977295 1.6873369657993316 4.235784435272217
341 64.04094539600192 0.1449177082777024 4.180534563064575 1.6550869238376618 4.206061291694641
342 59.976523076999 0.14361746621131893 4.177096893787384 1.6427336120605467 4.203463935852051
343 56.41045513800054 0.1432585043907166 4.176886785030365 1.6441232573986055 4.203951168060303
344 58.456808456001454 0.14347510504722596 4.1775130987167355 1.6507980954647063 4.206588816642761
345 56.82020727299823 0.1435398621559143 4.176715121269226 1.6396998107433318 4.203483438491821
346 58.35441969800013 0.14325949072837832 4.176286301612854 1.6415385437011718 4.20284481048584
347 62.118983833999664 0.14309754276275632 4.175582108497619 1.6428587293624877 4.202809071540832
348 59.02063793299749 0.14305576515197754 4.1747256898880005 1.6414213705062868 4.2026472091674805
349 61.18750204000389 0.14310712695121766 4.175187184810638 1.6419074916839598 4.202378296852112
350 57.10996561600041 0.13720692908763885 4.168704588413238 1.465898778438568 4.18803915977478
351 59.108072234004794 0.12819881308078765 4.160747239589691 1.4389084935188294 4.152929401397705
352 54.846199573003105 0.1271155104637146 4.085864460468292 1.4427013397216795 4.106000995635986
353 59.11568101400189 0.1270059468746185 4.081498336791992 1.4367473125457761 4.106033802032471
354 57.668727668999054 0.13059484815597533 4.090321125984192 1.5772508943080903 4.137850308418274
355 56.68536915600271 0.13830776131153105 4.113493893146515 1.5833962666988373 4.141879940032959
356 57.09198560000368 0.13832227718830106 4.114379291534424 1.5758440792560577 4.141329073905945
357 56.639714254000864 0.13831062519550322 4.1140714406967165 1.5745134651660921 4.141199469566345
358 56.08458276699821 0.13729930210113517 4.1139097809791565 1.5697200036048888 4.140771341323853
359 55.090226695996535 0.13737273907661443 4.1138272905349735 1.5708964359760285 4.14008584022522
360 56.64625449300365 0.13426251184940333 4.119005873203277 1.5273685038089753 4.1527135372161865
361 58.62830472399946 0.1322358201742172 4.123393249511719 1.5229464447498322 4.152225947380066
362 58.2699853600061 0.1309853672981262 4.120906503200531 1.4968134069442747 4.147549438476562
363 57.86539362099575 0.12964681553840635 4.118256030082702 1.4928946125507356 4.146509885787964
364 55.225147143006325 0.1294945075511932 4.117937664985657 1.4881507432460785 4.1460518598556515
365 57.568102639001154 0.12879770660400391 4.116153621673584 1.4687574076652528 4.142512917518616
366 56.17640401599783 0.1278208731412887 4.113815686702728 1.4669026768207551 4.141992139816284
367 55.32519276999665 0.127795527935028 4.1133465218544005 1.4685198700428006 4.140802812576294
368 60.99523522800155 0.12769586980342867 4.112503380775451 1.468287729024887 4.140117645263672
369 57.57749604900164 0.12766377031803136 4.112540531158447 1.4666795480251313 4.139260601997376
370 72.6395527929999 0.1599891248941421 4.227130584716797 1.8946041238307956 4.293215727806091
371 75.99121182700037 0.16257061004638668 4.263891282081604 1.8659456169605257 4.293084502220154
372 73.56537652599945 0.1609350382089615 4.263555231094361 1.8520543563365937 4.291536021232605
373 78.85691080499964 0.16052764034271244 4.262985906600952 1.8537971162796023 4.2914965629577635
374 72.19340892199398 0.16032160735130319 4.261502027511597 1.8562039422988892 4.291249251365661
375 72.91382551000424 0.1599068113565445 4.260785536766052 1.8404854476451873 4.29004852771759
376 69.33470268000383 0.1595619488954545 4.260342235565186 1.8477027165889737 4.290495872497559
377 57.94024168800388 0.15995218920707702 4.263449025154114 1.8551242911815642 4.296636080741882
378 58.416360210001585 0.16057559382915498 4.267305464744568 1.8604936182498935 4.297114157676697
379 56.75087580300169 0.16041745781898498 4.26693247795105 1.8557746648788451 4.295708203315735
380 55.05868033399747 0.16036872851848608 4.266840949058532 1.8534251356124876 4.295161867141724
381 54.87247569199826 0.15792011654376986 4.27740770816803 1.78007922410965 4.323725295066834
382 55.64526259899867 0.15430195522308351 4.302424726486206 1.7596059823036192 4.486220598220825
383 56.77063500799704 0.15753429079055795 4.53291431427002 1.8147036576271056 4.571707630157471
384 57.357946854004695 0.15719844472408298 4.544983730316162 1.8010584747791287 4.56888473033905
385 56.09780132400192 0.15648083925247194 4.544204239845276 1.793667652606964 4.568876338005066
386 55.920271356997546 0.15604796850681305 4.543524565696717 1.792094501256943 4.569099187850952
387 58.581275398006255 0.15576199650764463 4.543224377632141 1.7873801791667936 4.568642640113831
388 55.71580535900284 0.15559621322154993 4.5433413743972775 1.7855602741241454 4.568140149116516
389 61.35183350000443 0.15542775213718416 4.542773776054382 1.7866526806354526 4.567886734008789
390 77.4205610900026 0.1532864702939987 4.520099697113037 1.7498923194408416 4.536773657798767
391 74.01477896399592 0.15240747213363642 4.510984282493592 1.7517086529731754 4.5365567922592165
392 74.21512869800063 0.15232679414749137 4.510845828056335 1.7499777007102968 4.53560745716095
393 71.34342295899842 0.15233854115009307 4.511105031967163 1.748577826023102 4.537568998336792
394 69.1999937330038 0.1522931176424027 4.5109635972976685 1.7515957140922545 4.537468695640564
395 71.434095360004 0.1522553173303604 4.510675921440124 1.746841838359833 4.536940932273865
396 70.64510209400032 0.15221025133132943 4.5101980876922605 1.7500519454479218 4.5358668804168705
397 56.59053433199733 0.15192548620700838 4.507511959075928 1.7445682823657989 4.5317412376403805
398 56.909116923998226 0.15151351296901702 4.503993320465088 1.7443608427047728 4.5315509557724
399 78.75271828100085 0.15147994804382317 4.503770356178284 1.7456507289409635 4.5311082124710085
400 69.08794405900699 0.15149991476535804 4.50442940235138 1.7431726384162904 4.530957746505737
401 73.69044237399794 0.15144539451599126 4.5036901140213015 1.7433465170860292 4.531708073616028
402 70.71468568200362 0.1514486407041549 4.503826670646667 1.7456126987934113 4.530799841880798
403 70.50291441599984 0.1514301538467408 4.503461213111877 1.7425506794452665 4.529110622406006
404 70.52769777699723 0.15139512300491328 4.502926769256592 1.7412042164802553 4.529643535614014
405 70.15120105600363 0.15144480204582206 4.503445525169372 1.7429662907123564 4.5294102191925045
406 67.74902787099563 0.15139049923419948 4.5027690649032595 1.7418013107776642 4.528724002838135
407 69.29290074599703 0.15138630723953245 4.502846746444702 1.7440459001064301 4.529646015167236
408 68.38120196300588 0.15136428046226508 4.50272114276886 1.741319385766983 4.529749417304993
409 68.12713923299452 0.15134395980834958 4.502298698425293 1.7439397585391998 4.529050946235657
410 72.65558005099592 0.15090199565887455 4.497959957122803 1.7305153465270997 4.5215456008911135
411 67.74027403799846 0.15032851922512055 4.493831396102905 1.7353705930709835 4.523486518859864
412 66.62181769100425 0.15043023109436032 4.495124588012695 1.7341784727573397 4.523200416564942
413 63.05934033400263 0.15038411295413967 4.494609684944153 1.7327309119701382 4.5233134746551515
414 56.10316776299442 0.15036169302463537 4.494737524986267 1.732054784297943 4.522235321998596
415 57.56111227100337 0.15023288154602044 4.493874864578247 1.7342646813392641 4.520673942565918
416 59.50406043700059 0.15021091568469996 4.493653016090393 1.7301390731334685 4.521342849731445
417 73.32059371500509 0.1501215717792511 4.492341742515564 1.732416695356369 4.519766926765442
418 77.58237985300366 0.15032888603210448 4.4951909732818605 1.732232482433319 4.5233063220977785
419 75.35743622500013 0.1502235028743744 4.494189443588257 1.7320638704299927 4.522861313819885
420 73.48559928400209 0.14978898561000822 4.492627816200256 1.7194134068489078 4.512710428237915
