nohup: ignoring input
dataset shape :  (50, 64, 64, 1200)
Navier-Stokes (vis = 1e-3) Dataset has been loaded successfully!
X train shape: torch.Size([1000, 64, 64, 10]) Y train shape: torch.Size([1000, 64, 64, 40])
X test shape: torch.Size([200, 64, 64, 10]) Y test shape: torch.Size([200, 64, 64, 40])
The autoencoder type is MLP.
KNO2d model is completed.
Koopman Model has been compiled!
The Model Parameters Number is  526026
Epoch Time [Train Recons MSE] [Train Pred MSE] [Eval Recons MSE] [Eval Pred MSE]
0 54.37095181999757 0.03222621943056584 0.333391600549221 0.16107544675469398 0.13986455723643304
1 50.27189474400075 0.011354594770818951 0.11169199079275131 0.10368186794221401 0.11835348159074784
2 50.16302375899977 0.006213433779776094 0.06377229783684016 0.04510313406586647 0.038415942527353766
3 48.98959147300047 0.0031022372152656307 0.03489091070368886 0.02873043365776539 0.029072891641408204
4 49.552295076999144 0.0020356340613216155 0.030255350451916456 0.021303692199289796 0.02083796951919794
5 60.18240743500064 0.0014611225379630927 0.023962719570845364 0.015542390225455166 0.032699862867593764
6 50.32068825299939 0.00125919377245009 0.021226068064570426 0.014420667197555304 0.023039300367236136
7 48.84645609600193 0.0010741364518180487 0.01716089965775609 0.010826646219938993 0.013364612637087703
8 47.80099580499882 0.0009192457180470231 0.013392151650041342 0.010413775900378822 0.01479628956876695
9 47.41820299099709 0.0008953702389262618 0.018871547309681772 0.009270163737237453 0.011382744880393147
10 47.27276466599869 0.0007869416070170701 0.012874847501516342 0.009129278222098946 0.011900541745126248
11 48.16865611200046 0.000714996416121721 0.012510317177511752 0.008969696555286646 0.01755765648558736
12 48.82287977300075 0.0006579887550324201 0.00927591605577618 0.00669359425548464 0.005986644420772791
13 48.20537591699758 0.0005932740946300328 0.008303648461587727 0.0071018690662458545 0.006322541763074696
14 47.838340618000075 0.0005923402961343527 0.010115909092128277 0.006494694370776416 0.009260871657170355
15 47.78528421500232 0.0005471374844200908 0.008817956098355353 0.005952898883260787 0.008642323780804873
16 47.62347833500098 0.0005175849311053752 0.009188679018989206 0.005538343973457814 0.004878228181041777
17 47.89765945899853 0.0004948030929081141 0.010165949645452201 0.005916791413910686 0.011689623119309545
18 47.15849819199866 0.0004895250187255441 0.008602768534328788 0.004907886828295886 0.006073784036561847
19 48.04519058799997 0.0005373721430078148 0.012792158026713877 0.0063472046144306665 0.01131516951136291
20 47.879816109001695 0.0004459967999719084 0.008110135155729949 0.005170675087720155 0.008417784399352968
21 47.18830515600348 0.0004421068087685852 0.00891637166030705 0.004750054897740484 0.006796424486674368
22 47.66950196200196 0.0004857463820371777 0.008590145779307931 0.004302037213928998 0.007713299314491451
23 47.63393551199988 0.00045372927119024105 0.0096792477555573 0.004611121173948049 0.005965125956572592
24 48.200369733000116 0.00038732557534240197 0.006225834207143634 0.004206176223233342 0.006093510705977678
25 47.70413462600118 0.0004237720665987582 0.010842143641784787 0.004012166457250714 0.0066275356337428095
26 47.724215817001095 0.00035598112316802136 0.006865020652767271 0.005030230754055082 0.009347756998613477
27 47.69468969800073 0.6394676619563252 5.531237080255523 6.78586667060852 9.205549144744873
28 46.670713650000835 0.5216557741165161 9.317294330596924 5.659449920654296 9.221032571792602
29 47.97151135799868 0.47885565710067746 9.319215230941772 5.42657817363739 9.221086120605468
30 47.98036177600079 0.4641224093437195 9.319187564849853 5.313122081756592 9.221139669418335
31 47.21012823399724 0.4563659257888794 9.319258403778075 5.238374977111817 9.221191263198852
32 47.51438748899818 0.45149715566635146 9.319178743362427 5.182262997627258 9.221279382705688
33 47.62854042099934 0.44828552389144916 9.319213495254516 5.171666312217711 9.220894145965577
34 48.18723939800111 0.4461489419937134 9.319175252914428 5.128092517852783 9.221069622039796
35 48.44165516499925 0.4445085196495054 9.319164133071899 5.114394044876098 9.220998620986938
36 48.052350652000314 0.4433145108222962 9.319147882461548 5.1155981540679925 9.220945405960084
37 48.14966862399888 0.4425432009696959 9.31914960861206 5.089281916618347 9.22117657661438
38 48.05589814499763 0.4419317946434022 9.319122505187988 5.08825355052948 9.221097421646117
39 48.373386016999575 0.44145407390594477 9.319162979125977 5.077791876792908 9.221054458618164
40 48.057699897999555 0.4410493750572204 9.319208860397339 5.071849265098573 9.221120834350586
41 48.22751315500136 0.4408086671829226 9.319438819885255 5.077339119911192 9.220953845977784
42 47.589011340998695 0.440552921295166 9.319322814941406 5.066757493019105 9.220843315124512
43 48.12219849999747 0.44032791280746475 9.319312391281128 5.07069965839386 9.22083249092102
44 48.8102805799972 0.4402881302833558 9.31934464454651 5.062284440994263 9.220927333831787
45 49.22683504900124 0.4401484689712523 9.319322052001953 5.073685956001282 9.221009254455566
46 49.28766582400203 0.44004604387283314 9.31932825088501 5.06070240020752 9.22095022201538
47 49.02547611099726 0.4400170345306396 9.319384031295776 5.062537341117858 9.221020650863647
48 52.92552315100329 0.4400301246643067 9.319281730651856 5.061195979118347 9.220931673049927
49 50.8132508009985 0.4400622601509092 9.31939546585083 5.075632591247558 9.220888376235962
50 52.39909752300082 0.43997236108779914 9.319369645118714 5.080324378013611 9.22084903717041
51 50.17689509900083 0.44001872110366824 9.319359550476074 5.062981724739075 9.220827627182008
52 48.50100464700154 0.43993341827392585 9.319307851791383 5.071660647392273 9.220823287963867
53 47.59601171699978 0.4399479413032531 9.319379148483277 5.062082133293152 9.22089319229126
54 47.95700716799911 0.43988789844512943 9.319411277770996 5.064275240898132 9.220958137512207
55 48.08710089300075 0.4398720574378967 9.319330492019652 5.070168786048889 9.220897340774536
56 48.222071563999634 0.4398908038139342 9.319411211013794 5.0664929485321055 9.220909547805785
57 47.62243719199614 0.4401152577400207 9.319383573532104 5.065834269523621 9.221012449264526
58 51.455967996000254 0.43995980405807494 9.31933910369873 5.063773956298829 9.220980787277222
59 56.03135352500249 0.4398823475837707 9.31938497543335 5.076393699645996 9.221039485931396
60 53.331538938997255 0.4398616151809693 9.319305200576782 5.066228632926942 9.22097897529602
61 51.62489971600007 0.4398733339309691 9.319304914474488 5.069024891853331 9.221006870269775
62 53.16483034099656 0.4399235181808472 9.319313201904297 5.062167825698852 9.220940160751343
63 52.126870499996585 0.4399501981735231 9.319289865493774 5.059564580917358 9.220908594131469
64 51.742881789999956 0.439916714668274 9.319299173355102 5.07351800441742 9.220976257324219
65 53.41675766700064 0.4399032421112061 9.31931565284729 5.0618082141876215 9.221016597747802
66 53.06479941800353 0.44001383876800526 9.319239387512207 5.063097109794617 9.221110391616822
67 52.384676080000645 0.4398691220283506 9.3193372631073 5.0873469066619865 9.220963335037231
68 51.89733003300353 0.43998125314712516 9.319344282150269 5.065369319915772 9.220898628234863
69 52.356954595998104 0.43995047903060913 9.31933253288269 5.06447114944458 9.221021461486817
70 51.707909055003256 0.4400148930549623 9.319292602539063 5.069759206771851 9.220958232879639
71 53.33100196200394 0.4399446644783021 9.31934232711792 5.05951720237732 9.220889520645141
72 51.188403265005036 0.43992277050018314 9.319314804077148 5.060163311958313 9.221078824996948
73 52.13243139599945 0.44001562690734863 9.319300746917724 5.077011246681215 9.22098684310913
74 50.63896109699999 0.4399705014228823 9.319282217025757 5.058744568824767 9.220918989181518
75 51.06108008400042 0.4399417963027956 9.319310998916626 5.0626351833343515 9.220951890945434
76 52.543901958997594 0.43999712419509907 9.31958758354187 5.066451692581177 9.221464443206788
77 50.83296618999884 0.4398982634544372 9.32095064163208 5.086963400840758 9.22146635055542
78 50.03760725799657 0.4399689750671388 9.321051626205444 5.061120719909668 9.221315050125122
79 51.1594047030012 0.4399700655937194 9.321075468063354 5.064675574302674 9.221629667282105
80 52.42425928800367 0.43999357843399034 9.32100043296814 5.064682836532593 9.22156844139099
81 50.69823006400111 0.43995919513702403 9.320989742279053 5.065968294143676 9.221609926223755
82 51.2620072100035 0.4399963445663453 9.320982694625854 5.0625068378448494 9.221597671508789
83 50.65125480799907 0.43993720340728776 9.3210582447052 5.081386542320251 9.221399545669556
84 50.777550653001526 0.43997950458526625 9.321131048202515 5.068237900733948 9.221622657775878
85 51.3534447619968 0.439946053981781 9.320884246826171 5.062127566337585 9.221666622161866
86 52.14475784399838 0.4400664625167848 9.320960054397583 5.077645778656007 9.221750020980835
87 51.22193970200169 0.44001924085617056 9.321020832061768 5.077177996635438 9.221627616882325
88 53.29783594499895 0.4399517831802367 9.321006240844726 5.067528104782104 9.221742248535156
89 51.330570550999255 0.4400474534034729 9.321048135757446 5.062261385917664 9.221701908111573
90 52.80168653599685 0.4399620747566222 9.32088409423828 5.088489117622375 9.221661806106567
91 52.092138018000696 0.43998244047164925 9.320932159423828 5.063587746620178 9.221866130828857
92 51.07476470900292 0.4399950852394104 9.320991983413697 5.061717882156371 9.221608448028565
93 51.48975147499732 0.4400640301704409 9.320860147476196 5.0709424877166756 9.221783924102784
94 50.61502722500154 0.4399501271247864 9.320976905822754 5.062706894874572 9.221736288070678
95 52.468295606995525 0.4400158419609073 9.320969915390014 5.063366670608522 9.221570682525634
96 49.626672475002124 0.4400211248397828 9.320958833694458 5.067637119293214 9.221678018569946
97 49.565787396000815 0.4401281023025513 9.32088397026062 5.062923645973205 9.221802234649658
98 49.84172677499737 0.44013268470764183 9.320998964309693 5.063436980247498 9.221704006195068
99 50.113501455001824 0.4401274652481079 9.320966701507569 5.062906212806701 9.221714782714844
100 50.71612357599952 0.43984130048751835 9.320907592773438 5.0612966394424435 9.221376085281372
101 49.46431938800379 0.43988017511367805 9.321081857681275 5.071730446815491 9.22106647491455
102 50.268027919002634 0.4398659567832945 9.321088380813599 5.064225869178772 9.220914936065673
103 49.76583886700246 0.43984156560897814 9.321065874099732 5.078062720298768 9.221139907836914
104 49.97533444900182 0.43998470163345343 9.319970035552979 5.068275694847106 9.219096040725708
105 49.86642724699777 0.44014843416214006 9.314587516784668 5.077439103126526 9.217826652526856
106 50.36074442300014 0.44018975019454976 9.314495372772218 5.06686460018158 9.217914628982545
107 50.65741349699965 0.4401893348693849 9.3147017288208 5.067163391113281 9.218301153182983
108 49.72423261700169 0.4401660284996035 9.314930515289307 5.07348527431488 9.218593263626099
109 50.298552758998994 0.44016899776458746 9.314974060058594 5.078707723617553 9.218568325042725
110 49.56131430700043 0.44017596817016597 9.315026807785035 5.072909479141234 9.218589258193969
111 49.88288521600043 0.4401686263084412 9.31515567779541 5.077599649429322 9.218897390365601
112 49.746610182999575 0.44009581184387214 9.315092468261719 5.068395128250122 9.218853998184205
113 49.902459573997476 0.4402107701301574 9.315087585449218 5.063477139472963 9.21901993751526
114 50.53315908699733 0.44027875041961695 9.315079135894775 5.072508358955384 9.218955850601196
115 51.052929727004084 0.44012896108627336 9.315073938369752 5.088984465599061 9.218865299224854
116 49.80706454600295 0.44019663047790514 9.315075635910034 5.080032844543457 9.218830776214599
117 49.21794691700052 0.4401602044105532 9.315071725845337 5.066119260787963 9.21880578994751
118 49.69924035200529 0.4402896580696107 9.315074253082276 5.0717999505996705 9.218832874298096
119 50.01360770100291 0.4401886258125303 9.315105285644531 5.092989463806152 9.21858196258545
120 50.18190106499969 0.4401633977890011 9.315110111236573 5.068233070373536 9.218984174728394
121 50.57942526199622 0.4401302375793458 9.315078582763672 5.080353803634643 9.21877841949463
122 50.31525442199927 0.4401558518409729 9.314980297088622 5.061767220497131 9.218841123580933
123 50.1260906949974 0.44013171529769884 9.31505069732666 5.067879528999329 9.218923854827882
124 49.578417527001875 0.44023898506164544 9.31508313179016 5.075284328460693 9.218908548355103
125 49.513183381001 0.440184588432312 9.314881525039674 5.07345157623291 9.219390106201171
126 50.334421965999354 0.44028575086593624 9.314456977844237 5.076246852874755 9.219119358062745
127 51.71095432899892 0.44023157835006715 9.315176124572753 5.0744878911972044 9.217925596237183
128 51.31329089600331 0.4400710597038268 9.316515445709229 5.0711668109893795 9.216573095321655
129 49.84723262400075 0.4400233988761903 9.31709267616272 5.081548118591309 9.216395139694214
130 50.28224250499625 0.44002925062179576 9.31713499069214 5.080466976165772 9.216550827026367
131 49.67762427300477 0.4400107960700988 9.317093143463135 5.075879344940185 9.215861177444458
132 49.64803722400393 0.4400544075965881 9.317537994384766 5.080339112281799 9.216364240646362
133 49.884754544000316 0.44006104660034184 9.31767840385437 5.069733090400696 9.216044330596924
134 50.8194038540023 0.4400143432617187 9.317649221420288 5.075386033058166 9.216657400131226
135 49.536005067995575 0.4400454502105712 9.318007755279542 5.0847880029678345 9.216611862182617
136 49.41314507100469 0.4400310416221619 9.31803147315979 5.077454218864441 9.216563606262207
137 50.48710598900652 0.4400061330795287 9.318053455352784 5.072170758247376 9.216540050506591
138 49.98764998500701 0.44004722261428825 9.317973871231079 5.069881229400634 9.216594409942626
139 50.09464871000091 0.44013334941864024 9.317956914901734 5.072483067512513 9.216657447814942
140 50.44601529100328 0.44003542900085457 9.31790922164917 5.081958436965943 9.21662940979004
141 49.68187817499711 0.44000874042511 9.317844562530517 5.067565517425537 9.216546678543091
142 49.659110932996555 0.44007197380065904 9.317665996551513 5.069298520088196 9.216328334808349
143 50.2326083500011 0.44014170408248915 9.318128261566162 5.06942401409149 9.216580581665038
144 49.819753822994244 0.44008323860168475 9.317947568893432 5.072997026443481 9.216649389266967
145 49.80135627600248 0.44014471626281737 9.31794888496399 5.069533925056457 9.216782426834106
146 49.79118353800004 0.4401322703361512 9.317911701202393 5.077135477066039 9.216445112228394
147 49.78144352999516 0.44018322610855093 9.317756023406982 5.070456328392028 9.216288232803345
148 50.42778002500563 0.4401546587944032 9.317699747085571 5.084380187988282 9.21808156967163
149 51.21895850599685 0.44021894168853726 9.316314516067505 5.0779742240905765 9.217476606369019
150 50.792190937005216 0.4403503017425535 9.316213493347169 5.066708002090454 9.217394161224366
151 49.36477038799785 0.44024908685684216 9.316214008331299 5.089753484725952 9.217576217651366
152 50.709971623000456 0.4401924495697021 9.316298332214355 5.075739498138428 9.21761965751648
153 50.32516285499878 0.44032295179367076 9.31613362312317 5.074906535148622 9.217511749267578
154 49.83469757399871 0.44027269506454475 9.316135578155517 5.066008539199829 9.217296886444093
155 50.57883751599729 0.44030198526382436 9.316203727722169 5.077381362915039 9.217602872848511
156 50.498775510000996 0.44032084798812854 9.316011085510254 5.068036813735962 9.218069934844971
157 51.013233972997114 0.4401859917640686 9.316424264907837 5.072679901123047 9.221504163742065
158 50.49183113799518 0.44025509738922125 9.318908004760742 5.066803665161132 9.221557712554931
159 50.774478760999045 0.44026989030838026 9.318574028015137 5.072652621269226 9.221637392044068
160 49.815590901002 0.44021576738357554 9.318769874572753 5.067464971542359 9.223046588897706
161 49.70655195099971 0.4402762870788575 9.31794981956482 5.07247564792633 9.223218727111817
162 49.57245103199966 0.4402538719177245 9.318221311569214 5.086258053779602 9.216299486160278
163 50.20665317899693 0.44025807523727406 9.318638076782227 5.08066713809967 9.216478061676025
164 49.664517801997135 0.4402557406425474 9.318551692962647 5.076505699157716 9.216330957412719
165 49.42741489299806 0.4401919403076174 9.318334398269654 5.082656016349793 9.215830564498901
166 49.68493661999673 0.44023586320877095 9.318860120773316 5.06995774269104 9.216388034820557
167 49.31026113999542 0.4402101182937622 9.318870306015015 5.071133503913879 9.216299438476563
168 50.68751272100053 0.4401817851066588 9.318727941513062 5.074097094535827 9.215866947174073
169 49.943275097997684 0.44019339370727534 9.320426864624023 5.077338290214539 9.218438196182252
170 51.39118270999461 0.4401899142265321 9.320689573287964 5.080548362731934 9.218330097198486
171 50.68875755699992 0.4401984691619873 9.32067440032959 5.08652446269989 9.218386554718018
172 49.35256302700145 0.44026760911941537 9.320239772796631 5.067751903533936 9.220159530639648
173 50.02112452899746 0.44022567605972285 9.320445232391357 5.0687078332901 9.220534563064575
174 51.344789438997395 0.4403065414428713 9.320472078323364 5.07944010257721 9.220569562911987
175 50.052362848000485 0.4455003027915954 9.331160030364991 5.1640743017196655 9.273184442520142
176 49.291360894996615 0.44709629964828507 9.331374750137329 5.179967947006226 9.273255157470704
177 50.00514604100317 0.4469264512062072 9.331402254104614 5.156331710815429 9.274424695968628
178 52.04112126700056 0.44683929014205925 9.331342525482178 5.163515310287476 9.272742414474488
179 50.4807840450012 0.44681043004989635 9.33129524230957 5.177241649627685 9.273328351974488
180 50.046611416000815 0.4467519121170044 9.331306982040406 5.165433306694031 9.27290678024292
181 51.328349146999244 0.4466899652481079 9.334111661911011 5.17234691619873 9.276372575759888
182 49.96967316500377 0.44731618976593024 9.32731541633606 5.137323794364929 9.255604791641236
183 49.78681004900136 0.4449128627777101 9.335686578750611 5.146648163795471 9.25458116531372
184 50.87069325899938 0.44482686376571634 9.336346683502198 5.1456281757354745 9.25627932548523
185 50.267405134 0.44478994083404527 9.33687430381775 5.137361288070679 9.2563401222229
186 50.4331192499958 0.4448278012275699 9.33661234855652 5.133852653503419 9.256316328048706
187 50.69504516199959 0.444828989982605 9.336821241378784 5.14308075428009 9.256242322921754
188 50.94394990000001 0.44487440776824977 9.336622772216797 5.1343130874633784 9.256171464920044
189 50.451550513003895 0.44478935241699197 9.3361026096344 5.13928503036499 9.257126140594483
190 51.21512493000046 0.44491470813751205 9.334143867492676 5.1483339500427245 9.251138401031493
191 51.78671661599947 0.44518745851516733 9.332578182220459 5.141422309875488 9.254635095596313
192 50.68386863199703 0.4445715265274049 9.330009126663208 5.145045642852784 9.25748438835144
193 50.082924148999155 0.44407773256301886 9.331869802474976 5.142357339859009 9.257437467575073
194 55.10115521300031 0.44418449354171763 9.332025022506715 5.13684296131134 9.2574152469635
195 52.272895488997165 0.44410319519042973 9.333041105270386 5.137162866592407 9.256204271316529
196 51.9220475789989 0.4442098455429078 9.332569522857666 5.127966394424439 9.254639196395875
197 53.36706088500068 0.4442108945846557 9.334191131591798 5.135504002571106 9.253965711593628
198 52.415259773995786 0.4442362031936644 9.333939008712768 5.127189359664917 9.25403814315796
199 52.18040016199666 0.4442566456794739 9.334233884811402 5.125155701637269 9.255611276626587
200 51.59340346400131 0.4441005611419676 9.334055728912354 5.124437594413757 9.256398344039917
201 50.643139651998354 0.44410589218139634 9.333505764007569 5.133652076721193 9.255918598175048
202 51.42761743500159 0.4441400885581971 9.333965854644775 5.129100279808044 9.255417442321777
203 52.689983198004484 0.4440956640243531 9.33399621963501 5.132578940391541 9.255481863021851
204 52.35119315900374 0.4441069631576539 9.334067935943603 5.131706213951111 9.255127048492431
205 51.93215501600207 0.4441132922172546 9.333893384933472 5.127724747657776 9.255229377746582
206 50.900156638002954 0.4441552009582518 9.334004974365234 5.127389898300171 9.255035018920898
207 50.86609278400283 0.44415522861480705 9.33363468170166 5.130097942352296 9.25533323287964
208 50.159243321999384 0.44417365598678593 9.332107973098754 5.127807092666627 9.250909948349
209 50.176296154997544 0.4440636882781981 9.33370638847351 5.1328395652771 9.252385902404786
210 50.81920358699426 0.4440201826095581 9.337258062362672 5.140866546630859 9.251891994476319
211 50.03664576700248 0.44400901079177857 9.337303285598756 5.130572190284729 9.252101802825928
212 50.71635421899555 0.444030056476593 9.33763298034668 5.138362560272216 9.251327610015869
213 51.748693082998216 0.4442306995391845 9.335112447738647 5.121786708831786 9.252841424942016
214 55.69282972100336 0.44424487304687504 9.330543127059936 5.13168866634369 9.253294038772584
215 53.619191798999964 0.44424146413803095 9.330655479431153 5.130638914108276 9.253125095367432
216 53.15444257600029 0.44425194549560537 9.329107999801636 5.123177013397217 9.24993019104004
217 53.083573402000184 0.4442122240066528 9.332762842178346 5.136353406906126 9.25280294418335
218 53.7892283809997 0.4441196122169495 9.333648109436036 5.12365113735199 9.252666473388672
219 55.1843748129977 0.44425133514404314 9.332053756713867 5.124327468872069 9.249796533584595
220 54.55752525100252 0.44423248672485366 9.331784439086913 5.125028886795043 9.250827598571778
221 57.154371883996646 0.4442428641319276 9.33160080909729 5.122923707962035 9.25013017654419
222 53.805597769001906 0.44382636499404915 9.330869398117066 5.125728878974915 9.250345087051391
223 58.892244089001906 0.4437572903633118 9.329165830612183 5.118846731185913 9.258505535125732
224 53.61180787500052 0.4435863947868346 9.329004936218261 5.122357635498047 9.259310054779053
225 54.21827231099451 0.4435585236549377 9.32916784286499 5.117794094085693 9.25957350730896
226 52.812420148002275 0.44350683641433725 9.329396896362304 5.122829198837279 9.25948519706726
227 53.667609447998984 0.44354086494445794 9.328890266418457 5.118291821479797 9.25871696472168
228 69.99653575300181 0.4451138620376588 9.328967218399049 5.134323401451111 9.201638174057006
229 71.97718017200532 0.4470040750503538 9.306376910209655 5.132222032546997 9.20327844619751
230 68.23720985700493 0.44701714849472046 9.306202659606933 5.121741132736207 9.20323567390442
231 57.77264469599322 0.4467641916275024 9.30034140586853 5.141685466766357 9.183786725997924
232 53.16992457299784 0.44663135337829574 9.300786457061768 5.130094618797303 9.18881435394287
233 54.36180750800122 0.44660618734359736 9.299177160263062 5.164328970909118 9.188497161865234
234 52.76705464300176 0.44730012750625614 9.258287105560303 5.140843954086304 9.156214332580566
235 53.527492709996295 0.44746396350860596 9.252889108657836 5.15443205833435 9.155469703674317
236 54.4495802080055 0.44734517765045184 9.253763899803161 5.158284468650818 9.14651107788086
237 52.32491196600313 0.44695161485671997 9.258411769866944 5.145976467132568 9.150366973876952
238 54.20688436299679 0.4469599804878232 9.26039174079895 5.142301859855652 9.150425958633424
239 52.817749597998045 0.4469482383728025 9.260373363494873 5.14234634399414 9.150095891952514
240 52.38272235399927 0.4469928584098815 9.260129623413086 5.135873436927795 9.15034351348877
241 54.527083244000096 0.4469166021347046 9.259831762313842 5.135596380233764 9.151945352554321
242 52.57773130300484 0.4468302474021911 9.260200548171998 5.1342489051818845 9.150854110717773
243 52.989428929002315 0.446842360019684 9.259465522766114 5.133135972023011 9.150554513931274
244 52.218682276994514 0.4469319176673888 9.257575397491456 5.1320027112960815 9.179630708694457
245 53.642225405004865 0.4471405277252195 9.250862011909485 5.130868887901306 9.180585718154907
246 52.238251196999045 0.4471734204292299 9.252219486236573 5.131944108009338 9.183055448532105
247 52.59272588600288 0.44687288522720336 9.252263765335083 5.127316565513611 9.180813264846801
248 52.79876849200082 0.44695970439910904 9.252631282806396 5.129280595779419 9.180572891235352
249 54.04949158099771 0.447161054611206 9.254112367630006 5.132285919189454 9.179940795898437
250 52.35091735899914 0.44721734094619764 9.254030618667603 5.129865984916687 9.185073947906494
251 54.238311640001484 0.44714760732650743 9.259767422676086 4.995645160675048 9.423786878585815
252 53.661138592993666 0.44125970125198355 9.483130331039428 5.009941539764405 9.509702396392822
253 51.42086611800187 0.4363984584808349 9.477325773239135 4.977476840019226 9.509440231323243
254 53.896737429000495 0.435062268257141 9.47690915107727 4.953642344474793 9.509362411499023
255 54.547429127000214 0.4346285600662231 9.47520058631897 4.995644698143006 9.510414791107177
256 52.73096196100232 0.4342362818717958 9.476184425354004 4.944620628356934 9.51073865890503
257 51.99829831600073 0.43398378992080694 9.47668170928955 4.940212392807007 9.511176013946534
258 53.87894806999975 0.43376505565643336 9.475059051513671 4.944504537582398 9.512114334106446
259 54.87557838000066 0.4336792616844178 9.47499192237854 4.951515579223633 9.511264228820801
260 56.73449167200306 0.4337063832283019 9.474844169616699 4.947806630134583 9.510739803314209
261 53.7526574959993 0.43359373283386227 9.475185775756836 4.952839121818543 9.511234188079834
262 58.03143340299721 0.433334102153778 9.477222080230712 4.939268403053284 9.510349893569947
263 57.52437859799829 0.4339745602607729 9.471427192687988 4.954697680473328 9.510990810394286
264 53.552542719000485 0.4338958067893983 9.470212869644165 4.942479071617127 9.511095523834229
265 52.53311962600128 0.4337507009506228 9.471939678192138 4.940917959213257 9.510397100448609
266 55.001575025999045 0.4337001800537109 9.473678607940673 4.942397174835205 9.508871793746948
267 59.833749874000205 0.4336343317031859 9.474083757400512 4.965549111366272 9.509073400497437
268 66.25399472099525 0.4335414791107176 9.474257364273072 4.983671717643738 9.509078407287598
269 61.65825627400045 0.43585010766983046 9.473202810287475 5.029805798530578 9.453877449035645
270 56.37590642300347 0.43473098325729365 9.485772590637207 5.012874050140381 9.45422830581665
271 54.86043307399814 0.43399360609054555 9.48768635749817 5.015686912536621 9.450262451171875
272 58.90566677600145 0.433920021533966 9.487582578659058 5.015066323280334 9.450529098510742
273 56.911489489000815 0.43357831764221205 9.48918951034546 5.016168327331544 9.449347686767577
274 53.16892030600138 0.4333859162330629 9.48922399520874 5.018026609420777 9.44905333518982
275 54.30378799900063 0.4335349407196044 9.487652807235717 5.016204252243041 9.448012781143188
276 54.17368830800115 0.4326262817382812 9.494820070266723 4.98490765094757 9.464693832397462
277 57.74449970600108 0.4328445711135865 9.492439088821412 5.004018578529358 9.464409780502319
278 54.227380374999484 0.4336080174446106 9.48739465713501 4.9830709743499755 9.464721632003783
279 54.750933324998186 0.4340096020698548 9.484223365783691 5.033013052940369 9.470685577392578
280 55.97384808199422 0.4338678221702575 9.486265611648559 5.052397255897523 9.478532695770264
281 55.17876148199866 0.5696998844146727 9.509140377044679 23.75558168411255 9.6048002243042
282 57.151515447003476 0.9249229364395143 9.613902778625489 8.289122123718261 9.622290658950806
283 56.64216934399883 0.6704736976623533 9.617639684677124 7.307148761749268 9.622342443466186
284 55.66669476000243 0.6156183681488038 9.617721614837647 6.889139876365661 9.622382020950317
285 55.98713936100103 0.5870835366249082 9.617693643569947 6.630577507019043 9.622299861907958
286 56.59754178100411 0.5679458937644957 9.617643756866455 6.44418218612671 9.62240982055664
287 57.255612622000626 0.5538142881393432 9.617681722640992 6.302210717201232 9.622336721420288
288 54.4506777409988 0.5428011331558228 9.617669401168824 6.188070712089539 9.622404336929321
289 57.26213906000339 0.5339515328407285 9.617760705947877 6.096468424797058 9.622290134429932
290 56.19101640399458 0.5265887184143065 9.61768437385559 6.016618866920472 9.622330141067504
291 56.3713855130045 0.5203388204574584 9.617723178863525 5.953836455345154 9.622360849380494
292 57.012944260997756 0.5149357223510743 9.617738542556763 5.895902147293091 9.622439622879028
293 57.7972030190067 0.5101910061836245 9.617738628387452 5.846488194465637 9.622344017028809
294 58.010378089995356 0.5059972863197328 9.617839241027832 5.797858486175537 9.62251558303833
295 55.61062690800463 0.5022330141067505 9.617744045257568 5.755739603042603 9.622455215454101
296 56.146873283003515 0.49884933662414566 9.617695798873902 5.719724230766296 9.62251524925232
297 55.990269437999814 0.49594464492797863 9.617933435440063 5.697771959304808 9.622553873062134
298 56.494766429001174 0.49445326519012456 9.619720010757446 5.672945232391358 9.623095846176147
299 54.26192810300563 0.4919476008415225 9.620087785720825 5.646280755996704 9.622643947601318
300 53.651314391005144 0.4901746335029603 9.62001859664917 5.630096492767333 9.622362518310547
301 57.23428167199745 0.4890568685531617 9.619966564178467 5.618658814430238 9.622351551055909
302 56.98792676800076 0.48794908571243295 9.620242280960083 5.607585234642029 9.62306456565857
303 55.06355889000406 0.48689461898803704 9.620193510055541 5.5942430448532106 9.623072052001953
304 58.116244438999274 0.48584785509109496 9.620284090042114 5.577352228164672 9.622816610336304
305 56.986896547998185 0.48483388042449943 9.620334186553954 5.569342341423035 9.622732639312744
306 56.04220221700234 0.48385212802886957 9.620366201400756 5.561843776702881 9.622563743591309
307 70.13510922699788 0.48288390684127813 9.620232439041137 5.547775111198425 9.622859239578247
308 56.847847429002286 0.48194959449768077 9.620289363861083 5.538778395652772 9.623092317581177
309 56.39874804900319 0.48104463958740257 9.620229845046998 5.526807761192322 9.623159885406494
310 59.95613475000573 0.480172685623169 9.620223979949952 5.520768823623658 9.623137664794921
311 62.99305499700131 0.47934028625488273 9.62035306930542 5.508282833099366 9.623161172866821
312 59.46268964200135 0.4785174698829651 9.620387420654296 5.499592752456666 9.623271703720093
313 79.05923126400012 0.47771176481246946 9.620446252822877 5.492864513397217 9.623586797714234
314 129.4473719029993 0.47700391387939456 9.620541667938232 5.481098899841308 9.623605442047118
315 72.6048322170027 0.47627995920181243 9.620632314682007 5.47346652507782 9.6234561920166
316 71.95943419700052 0.4755804686546326 9.620615921020509 5.465445628166198 9.623855447769165
317 78.24577202899673 0.47493212699890136 9.620871801376342 5.461655473709106 9.623611879348754
318 78.38607543800026 0.4742712864875795 9.620700101852417 5.451245813369751 9.623817777633667
319 58.267053077004675 0.47365184497833246 9.6206321144104 5.443951749801636 9.623866653442382
320 63.02261821799766 0.4730534296035767 9.620498695373534 5.436794114112853 9.623999071121215
321 59.8560584460065 0.4724937615394593 9.620600833892823 5.433628416061401 9.624071264266968
322 64.10230807599874 0.47191896486282336 9.620525712966918 5.429312381744385 9.623595571517944
323 60.47239713899762 0.47140728187561026 9.620597200393677 5.4179464626312255 9.62328372001648
324 58.61082964399975 0.47092219209671 9.620635499954224 5.411480603218079 9.623369216918945
325 62.14338126099756 0.4704474487304689 9.620783357620239 5.4132546043396 9.623950052261353
326 62.897139150998555 0.470014144420624 9.620760221481323 5.405548696517945 9.624169540405273
327 63.70039697500033 0.46957949972152724 9.620830755233765 5.397440195083618 9.624110746383668
328 63.65343199799827 0.46916414165496834 9.620800008773804 5.3991872024536125 9.624197912216186
329 63.304357857996365 0.46877790164947514 9.620832681655884 5.387971673011779 9.624122667312623
330 60.75644135699986 0.46840598487854007 9.620828514099122 5.384159631729126 9.6240788936615
331 60.29632796999795 0.46805696773529043 9.620810089111329 5.380239834785462 9.624076461791992
332 60.8707604500014 0.4677234306335448 9.620795021057129 5.380085487365723 9.623500967025757
333 55.53774124299525 0.467428195476532 9.621013469696045 5.375650820732117 9.623613786697387
334 60.08371069900022 0.4671131172180178 9.62090461730957 5.372948441505431 9.623983573913574
335 55.93963482700201 0.46683297109603905 9.620874528884888 5.367854499816895 9.623744010925293
336 62.43942312800209 0.4665477933883668 9.6208766746521 5.365732703208924 9.62383074760437
337 63.92615194199607 0.4663056287765501 9.620554704666137 5.368594703674318 9.62315092086792
338 60.023324874004174 0.4660289654731751 9.619117021560669 5.358105974197389 9.62159080505371
339 60.297142147996055 0.4658109765052794 9.619011106491088 5.359360399246216 9.621404600143432
340 59.94521658899612 0.46560947656631446 9.61912275314331 5.359028649330139 9.621710014343261
341 60.69487673899857 0.46549725866317765 9.619043493270874 5.355898060798645 9.622627878189087
342 61.03038395100157 0.4652131657600402 9.61900050163269 5.3504753065109245 9.621569967269897
343 61.01308292400063 0.4650278925895691 9.619164323806762 5.347467694282532 9.621761560440063
344 64.10584323700459 0.46486247110366813 9.61910722732544 5.34797815322876 9.622106838226319
345 56.61470877199463 0.4647055640220643 9.61914789199829 5.3465635061264045 9.621733665466309
346 59.13297900899488 0.4645812044143678 9.619110774993896 5.344837322235106 9.622019147872924
347 60.69791250699927 0.46445101165771485 9.61924280166626 5.344870476722717 9.62209324836731
348 61.226784509002755 0.4643447670936582 9.619293928146362 5.340281081199646 9.621933889389037
349 58.495782728998165 0.46421508121490485 9.619173021316529 5.344562830924987 9.62190408706665
350 57.35074343100132 0.4640971879959104 9.61900866508484 5.34296139717102 9.621939849853515
351 54.05421388000104 0.46398121118545504 9.61889090538025 5.337910957336426 9.62241997718811
352 56.67268150000018 0.46388722610473637 9.618830404281617 5.340302672386168 9.622353267669677
353 57.38279399900057 0.4638097262382508 9.61897689819336 5.3392489671707155 9.622382116317748
354 58.78224423600477 0.46370501089096067 9.618796262741089 5.336171135902405 9.622631502151489
355 58.80093517399655 0.4635956082344053 9.618541145324707 5.341367940902711 9.622165775299072
356 56.787950176003505 0.46353632545471213 9.618508806228638 5.333809061050415 9.62162971496582
357 58.54252419599652 0.4634668622016905 9.61845320701599 5.3326388931274415 9.62180824279785
358 58.72931312099536 0.4633792982101439 9.618534164428711 5.333457107543945 9.62181077003479
359 55.69323828799679 0.4633516597747802 9.618604154586793 5.334770607948304 9.621770668029786
360 55.01210642299702 0.4632960777282716 9.618534469604493 5.330725088119507 9.621912384033203
361 57.55392414599919 0.46325357437133774 9.618464803695678 5.332677321434021 9.621843385696412
362 56.44627373100229 0.4632039794921875 9.61851987838745 5.329415774345398 9.621768903732299
363 57.052698899999086 0.4631657462120057 9.618590421676636 5.332570142745972 9.621911668777466
364 54.0355289729996 0.4631004986762999 9.618366985321044 5.331669507026672 9.622374343872071
365 56.038715544003935 0.46308841562271136 9.618616352081299 5.328203082084657 9.622179555892945
366 55.85712677200354 0.46305067110061643 9.618546085357666 5.329624819755554 9.622494554519653
367 57.81968004800001 0.46300156545639043 9.61837022781372 5.329789986610413 9.62201714515686
368 54.88867260000552 0.46299610424041726 9.618547191619873 5.327193989753723 9.622405433654786
369 57.84416354000132 0.46259784555435196 9.616343383789063 5.315448088645935 9.615892791748047
370 56.62417382600688 0.4616423525810241 9.613144674301147 5.313525366783143 9.615359210968018
371 57.87832321700262 0.46162366390228265 9.612824563980103 5.314264783859253 9.615533638000489
372 56.864235891000135 0.46154059600830083 9.612850332260132 5.314308338165284 9.61544246673584
373 54.58711556899652 0.4614920520782471 9.613226728439331 5.31447991847992 9.616265630722046
374 55.94410103500559 0.4614430518150329 9.6133291721344 5.312402439117432 9.616924285888672
375 55.96529470400128 0.4613749446868896 9.612902879714966 5.3101961803436275 9.616465759277343
376 57.90022063699871 0.4614070205688477 9.61310094833374 5.3115068674087516 9.616513681411742
377 56.27690017299756 0.46140776538848854 9.613125896453857 5.311260390281677 9.616423797607421
378 75.65572425500432 0.4613851842880248 9.612770013809204 5.308518033027649 9.61646647453308
379 76.44780801900197 0.461424156188965 9.61289662361145 5.310275449752808 9.616218423843383
380 73.76034557299863 0.4614198269844057 9.613109140396118 5.309485373497008 9.616084337234497
381 76.76617253500444 0.4613412199020383 9.612419738769532 5.312379517555237 9.615521717071534
382 75.10344585999701 0.4613899970054628 9.612755937576294 5.31292284488678 9.61595540046692
383 73.67512039699795 0.4613785109519958 9.612746200561524 5.307507176399231 9.614998054504394
384 64.39683772499848 0.4613938016891483 9.612667903900146 5.308186416625977 9.614798545837402
385 55.68626021400269 0.46133669376373293 9.61231707572937 5.314742817878723 9.615553998947144
386 57.039059602000634 0.4612608547210695 9.612187089920043 5.312684402465821 9.615755939483643
387 56.02382696299901 0.4612616057395936 9.612234258651734 5.307290329933166 9.615376424789428
388 54.850456617998134 0.4612845911979675 9.61273964881897 5.305623469352722 9.614780902862549
389 56.32776018000004 0.4612905311584473 9.612820672988892 5.307406678199767 9.61496262550354
390 55.401871656002186 0.461321108341217 9.612880363464356 5.3097718667984015 9.615658569335938
391 56.351054632999876 0.4613282504081727 9.61243595123291 5.304749836921692 9.6139226436615
392 57.11262016600085 0.46125381517410297 9.612099113464355 5.315594925880431 9.614714193344117
393 56.04386306100059 0.46122810411453247 9.612457971572876 5.309570269584656 9.614479494094848
394 57.16252594200341 0.46133498096466063 9.611434545516968 5.3065739488601675 9.617076110839843
395 58.76024611000321 0.46155727100372274 9.613407554626464 5.308804278373719 9.617190790176391
396 55.61352530000295 0.4615538210868835 9.613294973373414 5.304400610923767 9.617065858840942
397 64.59830729199894 0.46160474395751955 9.61352876663208 5.307257003784179 9.617175388336182
398 75.92923670399614 0.4615910043716429 9.613605709075928 5.308995733261108 9.616140413284302
399 75.93444806699699 0.4614803309440613 9.613249216079712 5.307201209068298 9.616969442367553
400 71.16909788599878 0.46139256143569957 9.613052797317504 5.302944827079774 9.616852521896362
401 71.2546517419978 0.46141466999053954 9.612883586883544 5.30335090637207 9.61658697128296
402 65.41339821199654 0.4613883905410767 9.6131569480896 5.3070166873931885 9.618509197235108
403 69.73032695800066 0.46137593746185296 9.613401727676392 5.3053679895401 9.617874479293823
404 67.29568704900157 0.46138760471344 9.613615350723267 5.306789631843567 9.617491292953492
405 55.19728898299945 0.4614109363555907 9.613694095611573 5.3046266555786135 9.618399095535278
406 56.36376723900321 0.4613500652313233 9.61346983909607 5.301970143318178 9.617310667037964
407 79.80410627699894 0.46133409118652324 9.613301906585694 5.305519790649414 9.617127609252929
408 69.26220028700482 0.45990503120422366 9.611396932601929 5.280059185028076 9.613746786117554
409 72.3414682129951 0.4587824707031249 9.609368476867676 5.2787707757949835 9.614189004898071
410 70.55517912399955 0.45878448581695525 9.609431343078613 5.275626516342163 9.614692163467407
411 70.112635245001 0.4587491755485537 9.609234199523925 5.279239592552186 9.613813018798828
412 67.95132625700353 0.45870532035827627 9.609161500930787 5.277686018943787 9.613167524337769
413 69.33428043800086 0.458776155948639 9.609273853302001 5.27721330165863 9.614644956588744
414 68.5069996500024 0.4587984743118287 9.608925390243531 5.277393126487732 9.613508462905884
415 69.63449684200168 0.45885679197311413 9.60835678100586 5.279022264480591 9.613211154937744
416 67.309329978998 0.4588801608085632 9.608510007858277 5.280527625083924 9.613133096694947
417 68.82916202299384 0.45887918853759774 9.608638544082641 5.278318939208985 9.612566089630127
418 69.8784851340024 0.4587782225608825 9.608542919158936 5.277499690055846 9.61255612373352
419 67.18916786400223 0.45876508140563965 9.608515567779541 5.275834994316101 9.612300491333007
420 65.09874617799505 0.4587799339294433 9.608308382034302 5.280109825134277 9.613810539245605
421 62.990927393002494 0.45849521684646605 9.613102731704712 5.27804172039032 9.619630002975464
422 56.09709190099966 0.4582898693084719 9.614152183532715 5.272287087440491 9.619542694091797
423 55.79123689699918 0.4582577867507935 9.614430418014527 5.273217210769653 9.620270395278931
424 55.99416523500258 0.45814839744567853 9.613260707855225 5.266630735397339 9.613935565948486
425 70.38972284000192 0.4577376580238342 9.608545570373535 5.265745844841004 9.614128017425537
426 72.82605104800314 0.4576545519828796 9.608354444503783 5.267196278572083 9.613628578186034
427 73.19169907700416 0.4576060962677001 9.608162879943848 5.267754912376404 9.612841701507568
428 74.53246145500452 0.4571250891685487 9.607861862182617 5.262403740882873 9.608635902404785
