nohup: ignoring input
loaded grouped PDEBench shallow-water samples: 50/1000
loaded grouped PDEBench shallow-water samples: 100/1000
loaded grouped PDEBench shallow-water samples: 150/1000
loaded grouped PDEBench shallow-water samples: 200/1000
loaded grouped PDEBench shallow-water samples: 250/1000
loaded grouped PDEBench shallow-water samples: 300/1000
loaded grouped PDEBench shallow-water samples: 350/1000
loaded grouped PDEBench shallow-water samples: 400/1000
loaded grouped PDEBench shallow-water samples: 450/1000
loaded grouped PDEBench shallow-water samples: 500/1000
loaded grouped PDEBench shallow-water samples: 550/1000
loaded grouped PDEBench shallow-water samples: 600/1000
loaded grouped PDEBench shallow-water samples: 650/1000
loaded grouped PDEBench shallow-water samples: 700/1000
loaded grouped PDEBench shallow-water samples: 750/1000
loaded grouped PDEBench shallow-water samples: 800/1000
loaded grouped PDEBench shallow-water samples: 850/1000
loaded grouped PDEBench shallow-water samples: 900/1000
loaded grouped PDEBench shallow-water samples: 950/1000
loaded grouped PDEBench shallow-water samples: 1000/1000
PDEBench grouped shallow-water HDF5 loaded: 0000 to 0999
Shallow Water Equations Dataset has been loaded successfully!
split: ntrain=900, ntest=100
X train shape: torch.Size([900, 128, 128, 10]) Y train shape: torch.Size([900, 128, 128, 40])
X test shape: torch.Size([100, 128, 128, 10]) Y test shape: torch.Size([100, 128, 128, 40])
The autoencoder type is MLP.
KNO2d model is completed.
Koopman Model has been compiled!
The Model Parameters Number is  526026
Epoch Time [Train Recons MSE] [Train Pred MSE] [Eval Recons MSE] [Eval Pred MSE]
0 97.84599772100046 0.026938515419347425 0.07359763804124668 0.025806458704173564 0.00512549530249089
1 94.46179227500033 0.0020674949610191913 0.004693845515915503 0.02372106311842799 0.004095890664029866
2 103.339633890002 0.0016575150310786239 0.0036852522080557215 0.018884153794497253 0.002949123166035861
3 91.45468454000002 0.0012442192668095234 0.002868618439727773 0.01277077365666628 0.0024617436924017967
4 90.21922722900126 0.0008860911547930706 0.0024284615957488615 0.008913217750377952 0.002242449956247583
5 89.39617579100013 0.0006205157182800273 0.001693253993936297 0.0065443012164905666 0.001815688272472471
6 88.87000022199936 0.0004539729040374776 0.0013247682286115984 0.004466391990426927 0.0012632211699383333
7 89.73424945199804 0.00035919234234218806 0.0011103997928633665 0.0036773818871006373 0.0011347375955665484
8 89.69494334900082 0.0003032455852695017 0.0009151828750166007 0.00321442112326622 0.0009809571638470516
9 89.68398318300024 0.0002651307072180013 0.0007877771244643049 0.003027395473327488 0.0006382425111951306
10 89.83015843300018 0.00023534884462909163 0.0006589208218631231 0.002692758000921458 0.0005615026137093082
11 90.36769944800108 0.00020784401910431277 0.0006465116268373095 0.002301914676791057 0.0005294917806168087
12 89.77197239700035 0.00018526723394946508 0.0005254154686958323 0.0020132307335734368 0.0004823064475203864
13 89.38623748600003 0.00016351640360274663 0.00048462602911361803 0.0018140172818675638 0.0004531750382739119
14 89.0779554610017 0.00014539398996728575 0.00045269703437548337 0.0016037976043298842 0.0003790273127378896
15 89.40081220100183 0.00012933972003843837 0.0004531103115166641 0.0014892766112461688 0.00045345639809966085
16 90.23584132500037 0.00011669414344295443 0.0004391717498138961 0.0013473221124149861 0.000372889700520318
17 90.24640354300209 0.00010613152718481915 0.00041891870480160125 0.0012208665360230952 0.0003333823129651137
18 89.8918657519971 9.474004861355451e-05 0.0004058581757514427 0.0011266821558820084 0.0006037816201569512
19 89.99156217500058 8.678722971429424e-05 0.0003428382588835019 0.0009639439050806687 0.00028895143332192675
20 89.74550908099991 7.840371525768812e-05 0.0003230546913982835 0.0008915974019328131 0.000321278371848166
21 90.11006649499905 7.244046263319132e-05 0.0003476589720877301 0.0008581449271878228 0.0002864718080672901
22 90.04996920099802 6.657549639284197e-05 0.0003298472718193403 0.0007441594736883417 0.00026529259193921464
23 90.68707369600088 6.452519208930122e-05 0.00047531746669038615 0.0007224684330867602 0.0003995071790996008
24 93.12829180699919 5.751428611498946e-05 0.000288131018977664 0.0006437015917617828 0.00034919264289783313
25 92.86006270399957 5.347453843569388e-05 0.00030306581837875353 0.0006074774824082851 0.0003124464812572114
26 93.22198204000233 4.999299347724044e-05 0.0002891400495071947 0.0005813202814897522 0.00025026885341503655
27 92.93099551100022 4.995744140210768e-05 0.0003439681719303028 0.000522108017175924 0.0003232964656490367
28 89.52122417999999 4.5906358896495975e-05 0.00028468456277753123 0.0005503303575096651 0.0002316240774234757
29 90.02952425500189 4.2641948158335354e-05 0.00025213001734098524 0.000480110308562871 0.0008338566112797707
30 89.52579901100034 4.2892383935395604e-05 0.00036023050836067545 0.00044940234773093834 0.00022015607173671016
31 97.16834794900205 4.002429045309931e-05 0.0002655363367618217 0.0004328368592541665 0.00021926688132225535
32 95.72473229400202 3.9122667617953605e-05 0.00039307039349094136 0.00042096021643374116 0.00023563546346849762
33 95.86566505900555 3.559529778107794e-05 0.00020843221274036397 0.0004073169449111447 0.00025405631240573714
34 94.85849877500004 3.544112086981638e-05 0.000323131138833964 0.00041631426691310483 0.00020646103366743772
35 95.26238296099473 3.390267919005256e-05 0.00023052916286461469 0.0004266277002170682 0.0012423105479683727
36 94.6408507879969 3.5198249590596086e-05 0.0003060857466253866 0.00044743634003680205 0.0006132133305072785
37 95.31991761099925 3.216221046588745e-05 0.00022894229518391916 0.00035682552785146974 0.0002586383510788437
38 97.08454791399708 3.2671374364225735e-05 0.00027461471343283647 0.0004336180654354394 0.00019309542622067966
39 92.0616816039983 3.328625749822499e-05 0.00027646366046004306 0.00035537166491849347 0.0002803384646540508
40 93.80724134100456 2.976981143648217e-05 0.000247481183679257 0.00033505338535178453 0.00024190836702473462
41 95.01257933500165 2.8844610601986965e-05 0.00021052814150203226 0.00033946889830986036 0.0001874764340755064
42 92.2271869210017 3.1823452098049335e-05 0.0002674859824765008 0.00032027218985604123 0.00030449860787484795
43 93.32502043300337 2.7433040838028932e-05 0.00022998045638410582 0.0003160268932697363 0.00015904722386039793
44 97.40805262299546 2.9707794803673284e-05 0.00029942206407819564 0.0003117820742772892 0.00022718594918842429
45 95.87020532199676 2.6661783663762932e-05 0.00017254982578581097 0.0003213709578267299 0.00016796294512460007
46 94.09879847399861 2.8143946821930715e-05 0.00040858235871483984 0.0003124799884972163 0.00016403487607021816
47 94.81533391599805 2.553794570202527e-05 0.00017923077959696658 0.0002982928667915985 0.00016993855533655732
48 94.14134674399975 2.7608247958899802e-05 0.00018819430940008412 0.00029333546292036777 0.0001601599869900383
49 95.65613706099975 2.6298473918965708e-05 0.00021440943746711127 0.0002769185444049072 0.00036549972865032034
50 95.18691198399756 2.3711337651345967e-05 0.00019407201438702436 0.00028786608338123184 0.00018448646660544908
51 92.7105054929998 2.7125277273525055e-05 0.0004666302488961568 0.0002913642993371468 0.00020691460085799917
52 94.4372217889977 2.2810693278895802e-05 0.00015382168207401668 0.0002598205101094208 0.00014977746541262605
53 92.12000401799742 2.40026721682322e-05 0.00020266322106989617 0.0002569075375504326 0.00015888942944002337
54 93.09396779899544 2.305564329920647e-05 0.00016466494008555958 0.00023664142107008955 0.00013796195489703677
55 93.40733110099973 2.3647043150655608e-05 0.00034468116993795976 0.00025576058120350357 0.00024119989175233058
56 91.64162091400067 2.1429815129118237e-05 0.00016619390064281307 0.00024199912892072456 0.0001911816347273998
57 92.32166708899604 2.2392552499594695e-05 0.0001880155883150615 0.00023065374523866919 0.0001382933809509268
58 94.3276075429967 2.142626446180254e-05 0.0001767782472193681 0.00024808895293972457 0.00016469813635922037
59 92.79007245699904 2.249106500029382e-05 0.0002696767608237375 0.00022917286245501602 0.0001480135168094421
60 91.75213569500193 2.0132490074805315e-05 0.00015306286707830925 0.00021893543060286903 0.00014352390353451484
61 92.29892821599788 2.0163811002728627e-05 0.00018091964625960424 0.00031743604005896487 0.00023111098053050228
62 93.08859625700279 1.978022820872462e-05 0.00021815030623757695 0.00020930998362018722 0.00016679202890372834
63 92.8900054590049 1.9410103676717773e-05 0.00016206114588486446 0.0002715516391617711 0.0001940959286002908
64 92.70972974799952 1.9664746093136877e-05 0.00018373262298862554 0.00021387783708632925 0.00015490549631067552
65 91.34067892599705 1.846106820772144e-05 0.00016604317623003024 0.00020301845797803252 0.00016333892999682577
66 91.74110658500285 1.8371952226314334e-05 0.00018248553149331 0.00020837514355662282 0.0001600947289261967
67 92.20848100700096 1.8797082027756715e-05 0.00018518333898908976 0.00022552499518496916 0.0002467234546202235
68 90.80940755399934 1.7475110972655877e-05 0.00016675578578239462 0.00019712567795068028 0.00014861053932690993
69 92.49254836599721 1.8834038095923866e-05 0.0002212752972506375 0.00039682653208728875 0.0007996072090463713
70 95.26846373100125 1.7055499867840102e-05 0.00020173507307643174 0.0002068589245027397 0.00015782774571562185
71 91.94114222699864 1.673969672184385e-05 0.00017926730603600542 0.0002055168371589389 0.00013293699048517739
72 93.11650930599717 1.641001521622658e-05 0.00017173281687266555 0.00018714484860538503 0.0002848269767127931
73 92.24291828300193 1.6922995495810427e-05 0.00024161999936040958 0.00018782952858600763 0.00012941901331942063
74 91.80355039599817 1.7173013560144072e-05 0.0001863813457425244 0.0001844734443875495 0.00016081334179034456
75 92.56644240899914 1.625847366085508e-05 0.0001343326260717327 0.00017000295207253657 0.00012619111003004947
76 91.61831562699808 1.6487950492268683e-05 0.0002066067120015052 0.00021706517698476092 0.00013644067366840317
77 92.37346881399571 1.635748076094186e-05 0.00018695244147642773 0.00018426011854899113 0.00012177545067970641
78 92.08606053499534 1.8217011610330612e-05 0.00029966454049928064 0.00017096853756811472 0.00010516315924178344
79 92.01711628200428 1.4701092311750278e-05 0.00013382370125327724 0.00019026998954359444 0.00012894226565549616
80 91.39883915099927 1.5741846339854726e-05 0.00017172820452186795 0.00015984540979843584 0.0002899161234381609
81 93.15152049699827 1.5415815238763253e-05 0.00017859954103995631 0.00017762214411050082 0.00013024082363699563
82 92.56819737700425 1.5852855043097703e-05 0.00014567189165164664 0.0001616712678514887 0.00015653224763809704
83 91.54229342899635 1.4585183695695984e-05 0.0001573752361663436 0.0002026857282908168 0.00011348293191986159
84 92.37369863099593 1.5753074706784294e-05 0.000160250331343074 0.0002200126342358999 0.0002775267181277741
85 92.75707232000423 1.488911181998748e-05 0.00018950882468844713 0.00025091860763495785 0.0003295629081549123
86 93.97993876099645 1.5074774621300297e-05 0.00015449986005680531 0.00025163894883007743 0.0002778366244456265
87 93.468149084998 1.4459350139885732e-05 0.00017376815473350385 0.00015449521757545883 0.00017753841966623441
88 94.83383450600377 1.4555161639388345e-05 0.00017606219803888558 0.00015637814882211385 0.00012800353797501885
89 91.69446416300343 1.4525292345853e-05 0.00017111440886057809 0.00017308873531874272 0.0001157611062808428
90 92.87310411100043 1.5439782659490855e-05 0.00018996316935550162 0.0001489462737663416 0.00012337225780356675
91 93.40315857899986 1.3646809452944186e-05 0.00016634035321961467 0.00015699152863817288 0.00014527929743053393
92 92.94625250499666 1.5854943695659222e-05 0.00020220629129552334 0.0001501218689372763 0.0001142067470937036
93 92.74037329999555 1.2874339465472277e-05 0.00013281999171239377 0.00015703886965638957 0.00010537804155319463
94 91.90979544800211 1.4044894297613713e-05 0.00015439888435745766 0.00017308291498920877 0.00011307150562060997
95 92.81866402200103 1.3783781404425899e-05 0.0002013984675512701 0.00014384135894943029 0.00012720525883196386
96 92.4362220260009 1.4222558428526907e-05 0.0001803417094682421 0.0001490790276147891 0.00017947582819033414
97 92.0184370930001 1.4454967927627464e-05 0.00015270348679526555 0.00014615251166105733 0.00014133242584648542
98 93.28472538600181 1.3492056463696324e-05 0.000150614274106273 0.00013725657416216564 0.00010138869474758394
99 92.17909736299771 1.272334229320728e-05 0.00014334566961527647 0.00013521245346055367 0.00011564805099624209
100 92.23637216600036 1.1260540138917152e-05 9.593062815030053e-05 0.00013074943322862967 9.196032115141862e-05
101 91.60807842500071 1.1056335271051563e-05 9.969716945003407e-05 0.0001424762170063332 0.00011839556354971137
102 91.54118513499998 1.1413329880775161e-05 0.00012389400184878872 0.00012840920535381884 0.00011229696865484584
103 92.68385068099451 1.1221384164754361e-05 0.00012758043404675036 0.0001280959489668021 9.68400312558515e-05
104 92.76877548600169 1.107236316278836e-05 0.00010285089742359965 0.00015465310010768005 0.00010613498488964979
105 93.91391011900123 1.1147104740100784e-05 0.00012587398252637488 0.0001276518892700551 0.00012450111098587512
106 94.10451083600492 1.0708865540638932e-05 0.00011400009227347457 0.0001259963065967895 0.00011689680432027671
107 94.65087594000215 1.081016987073882e-05 0.000128667097265457 0.00012525256737717425 9.851731883827596e-05
108 94.77404225500504 1.062429736420098e-05 0.00012019934175542504 0.00012557066162116826 0.00010316145708202384
109 93.9191086580031 1.0391011787255087e-05 0.0001086372412020056 0.00012068169831763955 0.00011143810916109942
110 94.09044793299836 1.0389457743763663e-05 0.00011762768529782382 0.0001236044126562774 9.35602674871916e-05
111 94.41386343100021 1.074496403614628e-05 0.0001470667491958011 0.0001226348728960147 0.00013818582592648455
112 94.83637997299957 1.0303930658766256e-05 0.00011188622783164546 0.0001198848581407219 0.00011937570598092861
113 96.71097763199941 1.0307924181284359e-05 0.0001111611990280734 0.0001214623256237246 9.634611851652152e-05
114 93.30314634900424 1.0394752555132274e-05 0.00012587046565184007 0.00011505660360853654 9.270640839531552e-05
115 92.19068251200224 1.0038067852696658e-05 0.0001127688704097333 0.00011830789990199264 0.00012626753414224368
116 94.07096319999982 9.991467444100029e-06 0.00011657318747085001 0.00011601341619098093 0.0001123828005802352
117 98.60842681200302 9.830760086010232e-06 0.00010469029043128508 0.00011681465723086149 0.00010101552070409525
118 98.90549577500497 1.0125891332993183e-05 0.0001383627838448673 0.00011179647444805595 9.511346906947438e-05
119 95.42627028899733 1.0036098168105435e-05 0.00011186719978771483 0.0001096214217977831 0.00015594173237332143
120 97.7776903289996 9.605143499761145e-06 0.00010860137295417694 0.00011622914564213716 9.866057880572043e-05
121 98.89512621000176 9.694986749511572e-06 0.00012353448396930212 0.00010897664382355287 0.00012139484679209999
122 101.07603432999895 9.837399583274318e-06 0.00011467703075646164 0.00011113722699519714 0.00013447897072182968
123 100.79167282200069 9.708250428148963e-06 0.00010980490252323862 0.00010821009826031514 0.00010680042214517016
124 99.46004911299678 9.548586618216685e-06 0.00010977095597708184 0.00010756135110568722 0.00010755591283668764
125 95.9257099069946 9.174146764255251e-06 0.00011024553233356629 0.00010880359724978917 0.00010054398080683313
126 124.82096317600372 9.609067047777997e-06 0.00011984149059571792 0.0001146775142842671 9.401755378348752e-05
127 119.91324034400168 9.616818034474919e-06 0.00017347480703998978 0.00011071682332840281 0.000189762630907353
128 95.68234846300038 9.07578002928252e-06 0.00010599092925581823 0.00010461969126481562 9.356095360999462e-05
129 97.74711117299739 9.059349182886457e-06 0.00011474290246648404 0.00010583715869870504 9.174222213914618e-05
130 97.64975069699722 8.999051883114995e-06 0.00010445141233503819 0.0001247078294545645 0.00010724216663220432
131 95.98644873000012 9.297961173110205e-06 0.00012182176287751645 0.0001110222260467708 0.00022784295870224014
132 96.07706560299994 8.884645742202535e-06 0.00011029165588196418 0.00010269893558870536 9.010646681417711e-05
133 98.98488542799896 9.036752659691651e-06 0.00011570607607104143 0.00015655912786314728 0.00016379881926695817
134 96.86724527399929 8.900151313153203e-06 0.0001271800324805857 0.00010565136166405863 9.223284614563454e-05
135 96.20812414900138 8.918603634811005e-06 9.971703002520371e-05 0.00015661766374250874 9.512328688288108e-05
136 95.23819514700153 8.90802903692626e-06 0.00013280539080571746 0.00010009519930463285 0.00012901282352686393
137 95.73798495499796 9.02236395429807e-06 0.00012381309348307291 0.00010025919902545866 9.032749985635747e-05
138 96.13167611200333 8.771980776348053e-06 0.00011671717875287868 0.00010491736211406532 0.00012179101941001136
139 97.8062004300009 8.735439435743805e-06 0.00013178797311815693 0.00010088381233799737 0.00013908265173085966
140 98.22675719800463 8.516513207723623e-06 9.741466549005256e-05 0.00010054180173028726 9.756992767506745e-05
141 96.43664294599876 8.734433833726349e-06 0.00013000155174975388 0.00010543938995397184 0.0001043879849021323
142 95.47872625000309 8.405509668389437e-06 0.0001139295883654591 9.970991879526989e-05 8.770780186750926e-05
143 97.4308305309969 8.613851427475719e-06 0.00011642995773905163 9.94663873279933e-05 0.00012008612029603682
144 100.57933573100308 8.519888348625195e-06 0.00012874525354062726 9.53986627428094e-05 8.219327828555834e-05
145 104.80188623400318 8.485701813090904e-06 0.0001029928570561525 0.00010209053376456722 0.00010785312915686517
146 102.15762247800012 8.822982047907629e-06 0.0001271228740127602 9.430343226995321e-05 9.66328301728936e-05
147 97.32115370599786 8.324207782506058e-06 0.00010530036678473052 9.601969693903811e-05 9.534562232147437e-05
148 109.4421351389974 8.22316408731341e-06 0.0001318874864308681 0.00010101122235937508 0.0001078142347978428
149 108.78108282599715 8.21960648560586e-06 0.00010596616335129107 9.295309486333281e-05 0.0001004483117867494
150 100.26624404400354 8.189124172430533e-06 0.00011521705216889838 9.275824682845268e-05 0.00012021723996440415
151 103.53217613900051 8.028651059753932e-06 0.00011003728525085736 9.336163420812226e-05 9.225092981068883e-05
152 97.28890841699467 8.52499539178098e-06 0.00011658014951131514 0.000103974439916783 0.0002793557374388911
153 99.02633483200043 8.183194347818947e-06 0.00010187248287062782 9.28690059663495e-05 8.475742433802224e-05
154 101.02729262899811 8.173504874220172e-06 0.00010878960739420209 9.218541337759236e-05 0.00011929686370422132
155 99.83028089700383 8.14244977542936e-06 0.00011782941894327653 9.405231437995099e-05 9.089304403460119e-05
156 101.61191152800166 7.904189333203252e-06 0.00012651114387457103 0.00010587785938696471 0.00025294723163824526
157 100.99138020499959 8.56993014167529e-06 0.000131751148081902 9.27951011544792e-05 9.278174184146337e-05
158 102.37488027200015 7.710490572208072e-06 9.863316150181668e-05 9.044061094755307e-05 0.00015362845224444754
159 103.0032877870035 8.099228341759748e-06 0.00011386257671498848 8.920795960875693e-05 8.354339661309496e-05
160 101.83279086500261 7.993931907953488e-06 0.00011631864541009742 9.493691897660028e-05 0.0001559844946314115
161 103.22870816700015 7.952494456225799e-06 0.00011116397310817976 9.080104377062527e-05 0.0001144533835031325
162 102.89649978899979 7.770855356486405e-06 0.00010033352381368685 8.935740079323294e-05 0.00011569952184800058
163 105.32116986899928 7.829501240242584e-06 0.00013080547129599532 9.259798265702556e-05 0.00011608742534008343
164 100.4888965650025 7.753171242560103e-06 0.00010593780728716714 0.00012534841189335567 0.0004389160603750497
165 100.37418803999753 7.979429879520062e-06 0.00012126355589619683 8.903898633434437e-05 8.27636664325837e-05
166 101.14806572600355 7.903586538304805e-06 0.00015418924942625582 8.775970862188843e-05 9.141213013208471e-05
167 100.69479072499962 7.697213623032442e-06 0.00010597539569264174 8.788146755250635e-05 9.005028769024648e-05
168 100.8479606470064 7.805530371519532e-06 0.0001387596669196177 8.858885827066843e-05 0.00010045705930679105
169 102.50153747500008 7.759396691350654e-06 9.897383315546904e-05 9.407724697666709e-05 0.00018333284024265594
170 102.69401811200078 7.520859285755756e-06 0.00010272851925239795 8.87176130345324e-05 0.00010506473772693425
171 110.94310830200266 7.970779428837381e-06 0.0001159457193959194 0.00010573515246505849 0.0001305272577155847
172 104.41103169399867 7.466918804210667e-06 0.00011070405740206802 8.826072778902017e-05 8.179317228496075e-05
173 111.11558942499687 7.759216269833913e-06 0.0001140186015416273 0.0001810973860847298 0.00021527924691326915
174 122.935566852997 7.5531168780192575e-06 0.00011368167797627393 9.181549401546363e-05 0.00018265530161443166
175 178.56479579399456 7.4770113921355596e-06 0.00011482024076233048 8.903861707949546e-05 9.519471641397103e-05
176 127.05106635300035 7.647558120677583e-06 0.00011241674263955146 0.0001340014762536157 0.0001684248389210552
177 133.25830364599824 7.659953890753155e-06 0.00010095026664203033 0.00011037277334253303 9.570626498316415e-05
178 104.8579509649935 7.482227829314069e-06 0.00010074139491836022 0.00010807835264131425 9.468162279517856e-05
179 111.93576671399933 7.615781329756526e-06 0.00012716135032759567 9.112472092965616e-05 0.00011196153209311888
180 107.76164861699363 7.437707243095956e-06 0.00010530370192201291 8.326456874783617e-05 9.663039782026317e-05
181 109.90559061000386 7.552699179440322e-06 0.00011740834185426744 8.380729224882089e-05 0.00010556920278759208
182 113.26294653600053 7.5402377195940856e-06 0.00013003860492770197 8.400280596106313e-05 8.60387532156892e-05
183 108.63607047100231 7.462396457008756e-06 0.00010293832811940876 8.055138769123005e-05 0.00011868687179230619
184 108.4036230260026 7.3673133657494995e-06 0.00010602205159860508 8.709447465662378e-05 0.0001142553493991727
185 108.05461031399318 7.616213727790937e-06 9.535858650148536e-05 8.485077283694407e-05 0.00010202212142758071
186 103.25082196899893 7.269855106844465e-06 0.00012195213756866805 8.470505454170053e-05 9.057868483068887e-05
187 103.64698363299976 7.4261617919546495e-06 0.0001236731575368645 9.555312142765616e-05 0.00011808239396486897
188 111.19644125099876 7.494463716284373e-06 0.00011658058049053781 9.512440534308553e-05 0.00010490892927919048
189 109.42267778799578 7.735714427528565e-06 0.00013184894956389648 8.390141287236474e-05 8.488176645187196e-05
190 105.13389477100282 7.097144480212596e-06 8.924146301675743e-05 8.600080531323328e-05 9.426299620827195e-05
191 107.97836838299554 7.671877996876393e-06 0.00011936067870313613 8.354172787221616e-05 9.877838128886651e-05
192 109.78892561099929 7.087292720421427e-06 0.00011040617630189646 8.349434483534424e-05 0.00010419378995720762
193 105.64579525499721 7.325533650954539e-06 0.00010703825015904538 9.241085732355715e-05 9.47205950069474e-05
194 106.822715014001 7.244532569327726e-06 0.00010077470429273995 8.10155896760989e-05 8.739488366700243e-05
195 107.77030323700455 7.278808445537125e-06 0.00012088740934106884 8.126491869916207e-05 0.00014847486163489522
196 101.1108403879989 7.125174330819087e-06 0.00011916713932199248 8.227595826610923e-05 8.643894507258665e-05
197 102.27737622299901 7.293224031551895e-06 9.067534382565e-05 7.998853638127911e-05 8.931929405662232e-05
198 106.20581161299924 7.382647977970513e-06 0.00011295430716321183 8.301311027025804e-05 8.435722193098628e-05
199 103.02921341200272 7.440743492123957e-06 9.328473493547386e-05 8.980313563370145e-05 0.00011071809385612141
200 104.091615258003 6.697303858042383e-06 7.749606164806109e-05 8.075931953499092e-05 7.788459806761239e-05
201 103.85500625699933 6.710927464155244e-06 8.037692548694193e-05 8.253482381405775e-05 8.185544502339325e-05
202 103.98299873100041 6.679503724929715e-06 8.290783953270874e-05 8.459346689051019e-05 8.683925843797625e-05
203 102.4892568810028 6.7133305957314535e-06 9.077789101057634e-05 7.941804360598326e-05 7.661577255930751e-05
204 98.88598051699955 6.833499044458018e-06 9.839701556807591e-05 8.489797619404271e-05 8.363462075067218e-05
205 98.38928305899753 6.69889186004487e-06 8.269618714014844e-05 7.82637018710375e-05 8.470478824165184e-05
206 103.0290450149987 6.671744207172501e-06 8.314669410335935e-05 8.240415088948795e-05 9.575682852300816e-05
207 102.04422640099801 6.693374491280543e-06 0.00010204630012190642 7.810499064362376e-05 7.691099490330089e-05
208 101.45749005299876 6.703115589819698e-06 8.834106888065839e-05 7.818792837497312e-05 9.152945640380494e-05
209 100.7747833320027 6.644435561611312e-06 9.01730838652131e-05 7.670028724533041e-05 7.667573263461235e-05
210 100.50301161399693 6.664970711022357e-06 0.00010185784522036556 8.161946898326278e-05 7.648446626262739e-05
211 103.19507654300105 6.619204199927888e-06 7.912132083826388e-05 7.737744323094374e-05 8.37098814372439e-05
212 128.90154419000464 6.643864679871408e-06 8.979442071803432e-05 8.004012845049147e-05 8.925048750825226e-05
213 127.85128604199417 6.600109835643604e-06 8.649028253178888e-05 7.671597442822531e-05 8.19945791590726e-05
214 126.66544150999835 6.57919097648118e-06 8.217315565464864e-05 7.691880615311677e-05 8.253460619016551e-05
215 122.04469912400236 6.696085252365773e-06 9.115918538656034e-05 8.072545344475657e-05 0.00011510539734445046
216 102.7337453900036 6.605259453256925e-06 8.533168341576433e-05 7.61069358122768e-05 8.693936579220462e-05
217 101.26400269699661 6.603743192196507e-06 8.49103087805108e-05 7.775009475153639e-05 0.00011482020709081553
218 100.39269202200376 6.64555170159373e-06 0.00010614638938730221 7.828858579159713e-05 7.682636496610939e-05
219 99.51966683899809 6.533778311374287e-06 8.188420385219312e-05 7.954082786454821e-05 0.0001028012698952807
220 103.63632846400287 6.589685322574547e-06 8.876681927682108e-05 7.830122034647503e-05 9.028020867845044e-05
221 100.12641290699685 6.678590570017048e-06 9.731625897176046e-05 8.152621288900264e-05 8.18708631413756e-05
222 101.51248290600051 6.6319777013430014e-06 8.256566385777357e-05 7.658528986212332e-05 7.696868924540467e-05
223 119.66965798700403 6.569550466034948e-06 8.787709711113065e-05 7.684179145144299e-05 7.515554025303573e-05
224 125.07205073899968 6.639235394282472e-06 8.607989095455398e-05 7.62931828649016e-05 9.24342341022566e-05
225 120.81207033900137 6.594201111309102e-06 9.710169053707634e-05 7.828367997717579e-05 8.414960502705071e-05
226 119.54741927499708 6.559400363686206e-06 8.497330685107348e-05 7.837953795387875e-05 8.297714157379232e-05
227 118.3949465820042 6.464314750094972e-06 8.066070590252315e-05 7.489456802431959e-05 9.076174574147444e-05
228 102.11078615899896 6.591588773719399e-06 9.043478777231131e-05 7.699077454162762e-05 8.210650048567913e-05
229 128.1492731929975 6.6114230624710544e-06 9.573477347860009e-05 7.505139677959961e-05 8.14445287687704e-05
230 125.09992647400213 6.473914191802682e-06 7.92074642554831e-05 7.495585170545382e-05 7.81833990913583e-05
231 121.74063875000138 6.569516242759876e-06 9.256263797902243e-05 7.881847814132924e-05 8.381037259823643e-05
232 122.6834955710001 6.5559918180547846e-06 8.397329446678568e-05 7.468525214790135e-05 7.82501869252883e-05
233 118.62159615899873 6.700579340556742e-06 9.565903314473366e-05 8.125703086989233e-05 8.248637859651354e-05
234 117.58941780600435 6.466040273759666e-06 8.18758974977148e-05 7.839884528948458e-05 0.00019449090177658945
235 120.26207971300028 6.589715691613186e-06 8.550150467069923e-05 7.575274117698426e-05 7.976729721121955e-05
236 117.10621534800157 6.5416411315608345e-06 9.2337475952162e-05 7.944124015921261e-05 9.491447417531163e-05
237 113.56403919299919 6.604437041662301e-06 8.835163041819922e-05 7.828658221114894e-05 9.013154049171135e-05
238 100.10320444500394 6.5469093735575586e-06 0.00010001443794559843 7.691674058150967e-05 7.786709720676299e-05
239 110.57522229599999 6.446326208080993e-06 8.92975176005469e-05 7.725417213805486e-05 7.908039042376913e-05
240 124.4743956070015 6.7130473002584475e-06 8.756567601974691e-05 7.683266565436499e-05 7.905264683358837e-05
241 125.90449078699748 6.469897481211873e-06 8.113882763104307e-05 7.747361563815503e-05 7.883959005994257e-05
242 118.93288712600042 6.496233133172307e-06 8.934143487648625e-05 7.704818293859716e-05 7.967407436808571e-05
243 118.73902699899918 6.55127081699902e-06 0.00010251802426258413 7.629779669514393e-05 7.941145959193819e-05
244 115.65883109199785 6.578715213739395e-06 8.649724162144897e-05 8.309139724588021e-05 9.542006810079329e-05
245 113.16673388699564 6.4104353522351516e-06 8.189857791067981e-05 8.011048434127588e-05 8.97655696462607e-05
246 99.93395784900349 6.433128940746728e-06 9.389257607431824e-05 8.301038418721873e-05 0.00013737270783167332
247 99.97481553899706 6.53803761653964e-06 8.521727330743388e-05 7.459526819729947e-05 7.457825449819211e-05
248 103.12498955399496 6.539666766103534e-06 8.418440868101445e-05 7.439248860464431e-05 9.731699828989804e-05
249 101.30222775100265 6.544826353799888e-06 0.0001038002570162967 7.434371142153395e-05 9.294841547671239e-05
250 101.37812853299693 6.417111492030217e-06 8.828377948601781e-05 7.428106015140656e-05 7.666615238122176e-05
251 99.7342752609984 6.441889179566511e-06 8.639820872405026e-05 7.334692458243809e-05 0.00010454309849592392
252 100.92452108100406 6.3911155909105804e-06 8.086037256968362e-05 7.53147407522192e-05 8.140387835737783e-05
253 101.90067226199608 6.537018849081101e-06 9.20801543947568e-05 8.240305138315307e-05 9.275456686737016e-05
254 98.8762057779968 6.7069717139626535e-06 9.209843792632456e-05 7.443286667694338e-05 7.729525532340631e-05
255 100.7049767149947 6.396089839755506e-06 8.466026394873753e-05 8.685588480147999e-05 8.189500076696276e-05
256 101.99984350400337 6.4734768582436825e-06 8.056322690713892e-05 7.836705692170654e-05 7.877197458583396e-05
257 101.07220212499669 6.612561905462318e-06 0.00010363262643093347 7.491244617995106e-05 7.511296971642877e-05
258 100.20814285900269 6.3699373479014165e-06 8.218630565453269e-05 7.893590045568998e-05 7.897473224147689e-05
259 100.62173485899984 6.4659048762728654e-06 8.03209921286907e-05 7.251452982018236e-05 8.879847264324781e-05
260 99.7125245749994 7.018755887757937e-06 0.00013174925649461026 7.620476622832939e-05 7.666987658012658e-05
261 103.4789073159991 6.468724267405273e-06 7.844697744682586e-05 8.178038660844324e-05 8.22581998363603e-05
262 102.31922729899816 6.889843433681463e-06 8.79039917183238e-05 7.232407933770448e-05 7.462821122317109e-05
263 99.0623028090049 6.831351264635385e-06 0.00010080754828878627 7.446617655659794e-05 7.30033247236861e-05
264 100.28241807599989 6.321772268873044e-06 7.857997851614426e-05 7.434178558469285e-05 7.474619051208719e-05
265 100.35488097200141 6.408932846776831e-06 8.946896737648381e-05 7.881649195041973e-05 7.819438142178114e-05
266 101.05388836700149 6.367093056825168e-06 8.456263486651652e-05 7.660532068257452e-05 9.803550055949017e-05
267 102.75331570699927 6.593155406638587e-06 9.430157923715241e-05 8.13604969152948e-05 8.69231535034487e-05
268 105.57234324599995 6.331625491940129e-06 8.536269876155226e-05 7.958090129250193e-05 9.154712424788158e-05
269 113.47449634200166 6.487263362942031e-06 8.47166073880443e-05 8.189746920834295e-05 7.663623655389529e-05
270 102.1293255979981 6.619005578411613e-06 9.549965523345034e-05 7.675884851778392e-05 7.400267495540901e-05
271 102.52632971999992 6.4785418483855525e-06 8.417977005592547e-05 7.383166794170393e-05 7.777077480568551e-05
272 101.92087412700494 6.587991792912365e-06 8.758935606844413e-05 7.597565701871645e-05 7.211619813460857e-05
273 102.83840990599856 6.56357774965323e-06 9.603356912622177e-05 8.384599423152394e-05 0.00010903048314503394
274 100.19732743599889 6.602528182055619e-06 9.333010610943247e-05 7.64468015404418e-05 7.443266767950262e-05
275 100.10987128700071 6.29411965645785e-06 7.64795520000108e-05 7.648011356650386e-05 7.330678163270931e-05
276 104.11323439600528 6.4129001697842264e-06 8.719325831205223e-05 8.021544985240326e-05 8.314800361404195e-05
277 102.20678676600073 6.491322025491777e-06 8.877771562967811e-05 8.045172897254816e-05 9.090372004720848e-05
278 99.93212347199733 6.3121189729524e-06 8.704759986560223e-05 7.872697548009455e-05 9.028146268974524e-05
279 101.72205151900562 6.537879819208882e-06 8.707313382829953e-05 7.553266506874932e-05 7.436868218064774e-05
280 94.90187685300043 6.5237889187604526e-06 8.675641955859545e-05 7.349708135734545e-05 8.57907063618768e-05
281 94.93064460599999 6.415905617258328e-06 8.606598381043619e-05 7.53520197031321e-05 7.450459088431671e-05
282 93.61530283599859 6.89001996256088e-06 0.00010779827112451635 7.902661804109812e-05 7.88596567872446e-05
283 98.63548415400146 6.363228555225456e-06 9.233734567209871e-05 7.72966347722104e-05 7.97619555669371e-05
284 95.05236643399985 6.380507846996706e-06 8.015536986931693e-05 7.432745369442272e-05 7.484550369554199e-05
285 94.21085332400253 6.510118562598819e-06 9.135995492720718e-05 7.412515638861804e-05 7.654565561097116e-05
286 94.8318356949967 6.420415605437789e-06 8.499338424978002e-05 7.42615942726843e-05 8.019193373911548e-05
287 96.03721329200198 6.4089210152613065e-06 9.866435312788882e-05 7.561245431134011e-05 7.667704303457868e-05
288 96.94192259199917 6.347909980427682e-06 7.881784569892463e-05 7.400630911433836e-05 0.00010547777274041436
289 96.30737584800227 6.5932049316567496e-06 9.873069773473415e-05 8.797325339401143e-05 0.00010653331919456832
290 95.83937710399914 6.38653872657515e-06 8.40836421654482e-05 7.901147153461354e-05 7.920454991108272e-05
291 96.46143192899763 6.470149207113235e-06 8.657760485625153e-05 7.551126844191457e-05 7.479362029698678e-05
292 97.23220503700577 6.290017914175727e-06 8.067822394271691e-05 7.832937699276954e-05 8.86948750121519e-05
293 97.32523123099963 6.316601320577316e-06 7.82769419553612e-05 7.403466333926189e-05 8.341178472619504e-05
294 93.65605121200497 6.5899494620680365e-06 0.00011772135791640418 7.364520937699125e-05 7.666141391382553e-05
295 95.01348407300247 6.361933323609671e-06 8.248584304561114e-05 0.00012074943195329978 0.00010455498777446337
296 97.50532273000135 6.5593987245746495e-06 9.030353503476362e-05 8.714293588127475e-05 0.00014883347539580428
297 98.16741199600074 6.466526726095859e-06 8.175426883099135e-05 7.271957849297906e-05 7.672768297197762e-05
298 96.74233351899602 6.320154120152841e-06 8.352779020949836e-05 7.961430106661282e-05 7.926242651592474e-05
299 98.2666704239964 6.6204066448942e-06 0.00010398744173774806 7.5117939413758e-05 7.848026252759155e-05
300 96.1264594259992 6.155708395251874e-06 7.031260633488677e-05 7.42269914917415e-05 7.094347456586547e-05
301 95.76261496700317 6.118587538771357e-06 6.965923370848436e-05 7.222576194180875e-05 7.118299035937525e-05
302 98.92471932299668 6.132113525786228e-06 6.99509901904902e-05 7.172227906266926e-05 7.089575192367192e-05
303 98.16121510200173 6.091965426296356e-06 7.172902151069138e-05 7.17712115874747e-05 6.996776028245222e-05
304 102.47400230299536 6.0887447115318434e-06 7.035657429999749e-05 7.151491106924368e-05 7.091470761224627e-05
305 95.43584375700448 6.426042036764557e-06 8.305217751411773e-05 7.284344348590821e-05 7.141785026760772e-05
306 97.63349245500285 6.067049125704217e-06 7.00704049854216e-05 7.346627440711018e-05 6.977726297918707e-05
307 96.74716454300506 6.1246687922296885e-06 8.224631039613288e-05 7.232888452563201e-05 7.555310694442596e-05
308 97.0803366379987 6.132469704122433e-06 7.149307631253679e-05 7.17394699313445e-05 7.04052195942495e-05
309 97.24182147399551 6.151767267712985e-06 7.630678515447976e-05 7.332395191042451e-05 7.454543338099029e-05
310 98.9809123619998 6.118415371424309e-06 7.436888730201947e-05 7.285817562660668e-05 7.068427439662627e-05
311 111.18834545600112 6.129963040722132e-06 7.821363273655557e-05 7.218264079710935e-05 6.984201827435755e-05
312 104.58612125199579 6.11675504842424e-06 7.202755914477166e-05 7.358080540143417e-05 7.429464167216793e-05
313 104.22637134600518 6.106448228011788e-06 7.719316892891786e-05 6.934287928743289e-05 7.804471570125316e-05
314 105.35338850100379 6.121594803213761e-06 7.219090374645828e-05 7.378938149486204e-05 7.291380134120118e-05
315 105.6404247649989 6.115142154562314e-06 7.383707622163152e-05 7.330190124775982e-05 7.107926212484017e-05
316 106.43028844999935 6.140638547044041e-06 8.32488412116719e-05 7.103138483216752e-05 7.893807342043146e-05
317 105.39837499999703 6.082739530231467e-06 7.213715501469172e-05 7.542689803813117e-05 7.471633580280468e-05
318 106.73405883300438 6.079479654646195e-06 7.28408552984345e-05 7.399738002277444e-05 7.389141755993478e-05
319 103.83297538699844 6.04970322254101e-06 7.221709868948286e-05 7.17682579124812e-05 7.083714317559497e-05
320 106.75171599799796 6.212190700251894e-06 8.871604424914242e-05 7.416668646328617e-05 7.007338426774367e-05
321 103.67717972600076 6.070646211608419e-06 7.195807554833461e-05 7.234054864966311e-05 7.134757506719325e-05
322 106.70454519600025 6.094626316755446e-06 7.695275881916232e-05 7.197738177637801e-05 7.130798694561235e-05
323 106.58581364899874 6.1079425318490055e-06 7.570261898056034e-05 7.234144628455398e-05 8.300789231725502e-05
324 102.33588013699773 6.063483332481057e-06 7.482864629208861e-05 7.265790249221027e-05 7.017304269538727e-05
325 105.48287826700107 6.065527613827725e-06 7.080335403265457e-05 7.211916563392151e-05 6.89902950398391e-05
326 104.28620711300027 6.111078940496862e-06 8.385981008258467e-05 7.663443102501333e-05 0.00014971015480114147
327 101.64084819900017 6.309597635360355e-06 8.573204152829324e-05 7.320176824578084e-05 6.968782508920413e-05
328 102.72301848299685 6.038855756034735e-06 7.030755029215167e-05 7.207440219644923e-05 7.215983278001659e-05
329 105.77954882100312 6.051939985304165e-06 8.020458113201635e-05 7.306664410862139e-05 7.702847688051406e-05
330 106.51211710099597 6.034393934694691e-06 7.037635328338688e-05 7.258228019054514e-05 6.962279967410722e-05
331 103.0742494629958 6.096571883568282e-06 7.484404411823359e-05 7.359539762546774e-05 8.379631253774278e-05
332 107.5099033439983 6.034481227996164e-06 7.579314563675629e-05 7.357833994319663e-05 7.611742839799262e-05
333 105.82846727799915 6.022361726031199e-06 7.458098423537902e-05 7.316701714444206e-05 7.434228537022136e-05
334 103.00121075099742 6.154680065972368e-06 8.860964145343233e-05 7.110597485734615e-05 7.265868298418354e-05
335 103.5642855460028 6.028141811435089e-06 7.132449273841403e-05 7.473151235899422e-05 7.138172913982999e-05
336 105.93438035200234 6.096003415020984e-06 7.636657951984995e-05 7.143835515307728e-05 7.696967368246988e-05
337 104.44664504299726 6.014168585453365e-06 7.249000530767565e-05 7.219436753075569e-05 7.072571534081363e-05
338 105.74546241200005 6.117350106554416e-06 8.618751782907768e-05 8.713981311302631e-05 7.883451144152787e-05
339 103.85518623200187 6.091763340615824e-06 6.993534736668354e-05 7.099794784153346e-05 6.872565809317166e-05
340 103.33304138399399 6.047445252382512e-06 7.794589936464844e-05 7.05997365002986e-05 8.484338868584019e-05
341 107.92937010400055 6.037622558020908e-06 7.166550205713267e-05 7.379893475444987e-05 6.976196600589901e-05
342 105.47666921500058 6.027812497551265e-06 7.275363934442996e-05 7.029475087620086e-05 7.013421673036646e-05
343 102.65693951499998 6.290655821632956e-06 8.060213959753229e-05 7.649685081560165e-05 6.918045073689427e-05
344 101.8865048130101 6.043247121851889e-06 7.433257138068762e-05 7.083423999574735e-05 7.09160063706804e-05
345 103.54503516000113 5.981708222356653e-06 7.102347600367567e-05 7.115636428352446e-05 6.97291390679311e-05
346 103.87683460400149 6.0166086404933596e-06 7.784604668914754e-05 7.068304184940644e-05 7.544511390733533e-05
347 104.763372565998 6.07276178521311e-06 8.255005143130095e-05 7.188769799540751e-05 7.050878630252556e-05
348 103.35974071100645 5.990059897966501e-06 7.132437090654599e-05 6.924682511453284e-05 0.00010959023275063373
349 105.09639224399871 6.067188668465758e-06 7.627056246646033e-05 7.156436313380255e-05 7.53046726458706e-05
350 101.93814835300145 6.009149696587381e-06 7.304528719234642e-05 7.292162161320447e-05 7.17219303624006e-05
351 102.5206703980075 6.0106021010142306e-06 7.273069129749072e-05 7.01772017418989e-05 9.74090780800907e-05
352 102.50568133000343 6.056748617184997e-06 7.605726898166014e-05 6.882496432808694e-05 7.646226258657407e-05
353 102.74139249601285 6.052846523137608e-06 7.54266198378496e-05 7.455094953911614e-05 7.485436217393726e-05
354 105.09780853601114 5.983155727638711e-06 7.971171823252613e-05 7.653620905330172e-05 0.00012801780176232568
355 105.36966068699257 6.01901171749988e-06 7.913506665823257e-05 7.145486604713369e-05 6.974885691306554e-05
356 105.37920755600499 6.03190763690185e-06 7.180736055387469e-05 7.08187386044301e-05 7.005772677075584e-05
357 102.1985703019891 6.0559139072008955e-06 7.960961831688312e-05 7.623125304235145e-05 8.852640712575521e-05
358 103.76879104699765 5.978078467402762e-06 7.339535861521856e-05 6.962775452848291e-05 8.392217496293597e-05
359 102.3136002550018 5.984239566411512e-06 7.37438853725002e-05 6.889141222927718e-05 8.086840571195353e-05
360 105.17904760300007 5.9722705352922085e-06 7.603362692963048e-05 7.196339749498292e-05 6.868177351861959e-05
361 104.59828664400266 6.032290710006939e-06 7.88758343939359e-05 7.393482854240575e-05 7.369675840891432e-05
362 104.12825034699927 5.9715144723466214e-06 7.165975837577005e-05 6.99917273959727e-05 7.243498585012276e-05
363 103.70604875299614 5.965783447108053e-06 7.117771696761742e-05 6.985484917095163e-05 7.662450116185937e-05
364 102.97016147400427 5.9609569365824815e-06 8.360740195914533e-05 6.981062011618633e-05 7.160473433032166e-05
365 105.89089627999056 6.004587931885098e-06 7.289390297147394e-05 7.697374720009976e-05 8.968153051682747e-05
366 103.58541982200404 6.001251511204625e-06 7.367619618889876e-05 6.972401599341539e-05 7.023941579973326e-05
367 104.43853336600296 6.032082945037268e-06 7.872293406560656e-05 6.985566396906506e-05 6.874425162095577e-05
368 101.30404131099931 5.96926547586918e-06 7.154026306024105e-05 7.099366310285406e-05 6.823034073022427e-05
369 105.48322424900834 6.047213357507846e-06 7.865785965906171e-05 7.12665396349621e-05 7.690615711908322e-05
370 100.68311536600231 5.963559077726035e-06 7.398436512933889e-05 7.218062266474591e-05 7.975729349709581e-05
371 100.48752778201015 5.985659091594347e-06 7.814981098716898e-05 7.083871954819188e-05 7.545425469288603e-05
372 102.90846407400386 5.954605892636918e-06 7.367193429672625e-05 7.190883981820663e-05 6.975473534112097e-05
373 104.84752891799144 5.989409544579557e-06 8.139822423092684e-05 7.243038195156259e-05 7.033527417661389e-05
374 106.28725682300865 5.974892667129301e-06 7.341514457140066e-05 7.189052415924379e-05 7.62834541092161e-05
375 104.73367516500002 5.976885640848195e-06 7.115481138397526e-05 7.013307018496563e-05 6.81499732309021e-05
376 106.13723064599617 5.9708331739077225e-06 7.48555886578591e-05 6.858968856249704e-05 7.512931479141116e-05
377 104.52556528800051 6.050867240345624e-06 7.961985300223913e-05 6.96344168682117e-05 7.577075011795386e-05
378 101.78404385699832 5.9529188527247e-06 7.431673277298816e-05 7.19177049177233e-05 6.855048832221655e-05
379 103.79581108900311 5.936962433123779e-06 7.052112857005946e-05 7.147351447201799e-05 7.49219583667582e-05
380 103.19000459100062 5.955993274255892e-06 9.213134578910993e-05 7.776865051710046e-05 0.00012329070414125455
381 104.08210738300113 5.968146619529255e-06 7.499593541271881e-05 7.804144341207574e-05 7.372693544311914e-05
382 101.0568797300075 6.004720188583532e-06 7.326940895937796e-05 6.99124738093815e-05 6.882944217068143e-05
383 102.5093807259982 5.919653896045121e-06 7.211662531416449e-05 7.319261458178518e-05 9.448829987377395e-05
384 104.12169829499908 6.032758265064329e-06 8.908352192520397e-05 7.20984840154415e-05 7.076184228935745e-05
385 105.48542879898741 5.966781969214532e-06 7.031833601003098e-05 6.906072554556886e-05 7.088998645485845e-05
386 101.26936293800827 5.941032434040811e-06 7.174835589264855e-05 6.782515582017367e-05 8.918414532672614e-05
387 102.76660950500809 5.9182796010443555e-06 7.075039338815259e-05 7.074486115016044e-05 6.688760258839465e-05
388 104.72172003099695 5.937207750119139e-06 7.440680191292713e-05 6.839237503299956e-05 6.870359829918016e-05
389 100.19120990400552 5.924281447530827e-06 7.483693490131473e-05 7.174209858931135e-05 7.903041441750246e-05
390 104.80453200299235 5.972909845392374e-06 8.342215423908783e-05 7.189648975327144e-05 7.531973569712136e-05
391 103.14309409199632 5.932166319932247e-06 7.385132151587944e-05 7.880032739194574e-05 9.44920648180414e-05
392 101.16630896599963 5.960596162266384e-06 7.214907386191449e-05 7.05549573103781e-05 7.571653404738753e-05
393 105.1804627179954 5.929753992354059e-06 8.657250897764849e-05 7.233214157167822e-05 6.811615476181032e-05
394 102.65122735399927 5.923131773468214e-06 7.00771859151751e-05 6.940287759789499e-05 6.986151456658262e-05
395 103.63220148200344 5.93903489870071e-06 7.255158434418262e-05 6.908297746122116e-05 6.836222601123155e-05
396 103.03720507198886 5.922047639614902e-06 7.67438960287513e-05 7.62340530854999e-05 8.095763259916567e-05
397 103.08675461199891 5.964217523594722e-06 7.291364074464784e-05 6.996123287535737e-05 7.434890503645874e-05
398 107.99131093498727 5.885711099027605e-06 7.311251136141235e-05 7.137363587389698e-05 6.991730006120634e-05
399 102.61471355598769 5.939735423857602e-06 7.871328004209015e-05 7.256923978275153e-05 9.510037380096037e-05
400 105.39052152799559 5.8490545294868425e-06 6.770439055496051e-05 7.038183306576684e-05 6.560275669471593e-05
401 101.09860237399698 5.853598377143498e-06 6.570770417763722e-05 7.252562187204603e-05 6.784644028812181e-05
402 105.18835673600552 5.858962776983391e-06 6.665768584449931e-05 7.116261891496834e-05 6.861489709990565e-05
403 106.87046964598994 5.850755793896194e-06 6.593698765047722e-05 6.895084228744964e-05 6.627549646509578e-05
404 102.26372734700271 5.851989440594069e-06 6.649931023679932e-05 6.867551393952453e-05 6.492666379926959e-05
405 102.69817273798981 5.841869733558269e-06 6.77517714898891e-05 6.977588680456392e-05 6.937535890756407e-05
406 101.24662200099556 5.8420473437258315e-06 6.776062210620795e-05 6.861078563815681e-05 7.22468535968801e-05
407 101.07957645900024 5.866527549692872e-06 6.752100442908058e-05 7.222563333925789e-05 6.763874025637052e-05
408 103.97547711798688 5.848676248408288e-06 6.817234724520757e-05 6.958995254535694e-05 6.865872419439256e-05
409 105.27644775800582 5.863770337681576e-06 6.736495136768401e-05 6.988896868278971e-05 6.76475663567544e-05
410 101.386379278003 5.832310125697406e-06 6.734149392286781e-05 7.003699909546411e-05 6.951826471777168e-05
411 104.38762377201056 5.8383097004682226e-06 6.748139607629532e-05 6.918176433828194e-05 6.579000655619893e-05
412 102.46966052900825 5.834169953434157e-06 7.03213115533193e-05 6.961341783608076e-05 6.890060067235026e-05
413 102.93774324399419 5.825240690076799e-06 6.714624002294538e-05 7.091300438332838e-05 6.692973511235323e-05
414 107.59119161099079 5.832962730589013e-06 7.065787433222997e-05 7.169014319515553e-05 9.421194445167203e-05
415 101.64280941500328 5.831549056488761e-06 7.055913892044272e-05 7.137484666600358e-05 6.558017048519105e-05
416 103.1217121899972 5.826790935922567e-06 6.757999940924088e-05 7.03804123259033e-05 6.715271920256782e-05
417 101.00842021699646 5.830959099613316e-06 6.651632789321917e-05 6.936367593880277e-05 6.679758607788244e-05
418 103.93763755299733 5.817379153288333e-06 6.82989292828198e-05 6.938202139281202e-05 6.673222815152257e-05
419 100.27442226301355 5.823862894531987e-06 6.637687684916374e-05 6.902440825797385e-05 6.653906566498336e-05
420 103.4749409389915 5.82138593219699e-06 6.995553436960715e-05 7.072038777550916e-05 6.797323076170869e-05
421 104.73549844100489 5.834669053809998e-06 6.938753372701791e-05 6.944274329725886e-05 6.594284732273082e-05
422 105.27249234401097 5.862019095527813e-06 6.844267471832508e-05 6.959269594517537e-05 6.50535310342093e-05
423 102.8456068289961 5.820055907356113e-06 6.718724345975918e-05 6.977359094889833e-05 6.626248650718481e-05
424 104.67697491501167 5.806210220826973e-06 6.784881691904351e-05 6.987041375396075e-05 7.050990061543416e-05
425 103.97032087200205 5.809502466339228e-06 6.93646184825209e-05 6.765966969396686e-05 6.803647520428057e-05
426 109.74319453400676 5.817011733597612e-06 6.728400092268001e-05 6.846241409220966e-05 6.689498404739424e-05
427 104.73419628600823 5.814373293509964e-06 6.708815374925811e-05 6.681361763185122e-05 7.607513434777502e-05
428 102.17897355101013 5.805882354050278e-06 6.743393369106343e-05 7.020446395472389e-05 8.17668031231733e-05
429 104.97599424999498 5.8081006803452805e-06 7.012285556508383e-05 6.746551567630377e-05 6.595259801542853e-05
430 102.81077018899668 5.8180270409340875e-06 6.807411062052577e-05 6.792044510802954e-05 7.326765080506448e-05
431 104.4439123159973 5.820490900482078e-06 6.79411512464867e-05 6.784080222132615e-05 6.555438303621486e-05
432 103.30549275399244 5.818671383571604e-06 7.353666834306852e-05 7.254172895045484e-05 9.29046957026003e-05
433 104.30722254699504 5.814157389573261e-06 6.932152213671038e-05 6.917237886227668e-05 6.67130410874961e-05
434 104.14268069699756 5.807961687322762e-06 6.665475343147086e-05 7.016005361947464e-05 7.023732105153613e-05
435 103.62062653999601 5.792106205464934e-06 6.71962664556405e-05 7.091380437486805e-05 6.577251042472199e-05
436 104.64206151399412 5.798679455134941e-06 6.714383028641654e-05 6.817468991357599e-05 7.1171679883264e-05
437 101.63582835599664 5.82900312615998e-06 6.773183526497128e-05 6.861569429020164e-05 6.897641287650913e-05
438 103.28747192799347 5.802238253333299e-06 6.723498398868186e-05 6.711961661494569e-05 6.496215974038932e-05
439 102.18642829400778 5.789492851262264e-06 6.923663416576649e-05 7.147040938434656e-05 6.897041785123293e-05
440 103.98098871301045 5.7892519200524685e-06 6.78816442208093e-05 6.6211835728609e-05 7.146457792259753e-05
441 106.30258808701183 5.783582625250957e-06 6.732256087060604e-05 6.87595313138445e-05 6.780889525543898e-05
442 101.95749213300587 5.794602329842747e-06 7.206726974497238e-05 6.856326286651894e-05 7.351211388595402e-05
443 104.83494628599146 5.7937308540406114e-06 6.697678238399223e-05 6.8120370960969e-05 6.485892572527518e-05
444 104.76806403799856 5.793396204454539e-06 7.058919943827075e-05 6.795865330786911e-05 7.439321198035031e-05
445 103.73082702499232 5.783031311794826e-06 6.781042872413915e-05 7.014852752035949e-05 6.69068949719076e-05
446 102.93067346999305 5.790156287225219e-06 6.767647207905409e-05 7.17884735786356e-05 6.82852469253703e-05
447 101.6228160180035 5.787589054509426e-06 6.655892383504478e-05 7.001234458584803e-05 6.787626625737175e-05
448 101.8223020590085 5.7853929219062505e-06 6.752872044065346e-05 6.824557141953847e-05 6.626993981626584e-05
449 108.22097368900722 5.783549556023596e-06 6.751686608671055e-05 6.99760172938113e-05 6.731713383487659e-05
450 100.94974207800988 5.778765050005557e-06 6.786561694348671e-05 6.941755640582414e-05 6.728865373588633e-05
451 103.59470841800794 5.784378841377072e-06 6.97295574759159e-05 6.701952170260484e-05 6.97128132742364e-05
452 102.68231730000116 5.776519634916137e-06 6.685546353158618e-05 6.886950373882427e-05 6.594905007659691e-05
453 103.0818423449964 5.784548644037891e-06 6.951855504869146e-05 7.05441678292118e-05 6.903245812281967e-05
454 104.70367537600396 5.819481236054952e-06 7.510303862040423e-05 6.903468020027504e-05 6.603591336897807e-05
455 102.21845062800276 5.78045315301602e-06 6.829532442983084e-05 6.89131215767702e-05 6.967020817683078e-05
456 103.54270007699961 5.7711620704342075e-06 6.698783284567375e-05 6.913611385243712e-05 7.446094896295108e-05
457 104.97529496099742 5.788486804602952e-06 6.834678539841358e-05 7.0988376319292e-05 6.79344364471035e-05
458 101.24454140299349 5.7642625526770865e-06 6.777332340182815e-05 6.670487469818909e-05 6.693143459415296e-05
459 103.21447904700472 5.772525235240911e-06 6.74847504544434e-05 7.057023434754228e-05 6.606580664083594e-05
460 105.00486097099201 5.760929614350769e-06 6.695340256960158e-05 7.060061063384638e-05 6.543668368976796e-05
461 101.78175980500237 5.758560194711512e-06 6.605103153560777e-05 6.726037594489753e-05 7.013654394540935e-05
462 105.09876994800288 5.768727680535652e-06 7.089755092440302e-05 6.763772722479189e-05 6.631234027736355e-05
463 103.62389137799619 5.756960607767625e-06 6.615965485252673e-05 6.800941355322719e-05 6.739418877259596e-05
464 106.16746687199338 5.761541366761471e-06 6.757201715825229e-05 6.745008373400196e-05 6.617323051614222e-05
465 101.89638300500519 5.753883156608534e-06 6.667673213895695e-05 7.014616534434027e-05 6.644046461588005e-05
466 103.27067956999235 5.763424754453201e-06 7.556488265739366e-05 6.76690015461645e-05 9.077921386051458e-05
467 103.97264569099934 5.761994786250095e-06 7.075338621184022e-05 6.778068589483155e-05 6.469980071415194e-05
468 105.37614541201037 5.748944517512832e-06 6.555675404848039e-05 6.590772933122934e-05 7.288518463610671e-05
469 105.04206754900224 5.750058274619122e-06 6.5404414979437e-05 6.771886903152336e-05 6.400991733244155e-05
470 98.42803577700397 5.766890018195327e-06 6.673116816576415e-05 7.019964381470345e-05 6.78489288475248e-05
471 97.58659109698783 5.7756651100741386e-06 7.068989966177874e-05 6.800937902880833e-05 7.085893084877171e-05
472 97.68953428699751 5.755759048042818e-06 6.90597925414396e-05 7.065562400384806e-05 6.746685012331e-05
473 105.96238506899681 5.773937177259036e-06 7.102365240522583e-05 6.802163701649988e-05 6.706536332785617e-05
474 97.14521744100784 5.741166753270791e-06 6.55610229336566e-05 6.961901563045103e-05 6.767585073248483e-05
475 100.31059146000189 5.771182794786809e-06 7.130841230617888e-05 6.820730588515288e-05 6.472392233263236e-05
476 98.25739177298965 5.737898845836754e-06 6.873900100698747e-05 6.644872566539562e-05 6.420584631996462e-05
477 97.73534856298647 5.737350535734245e-06 6.527397793737085e-05 6.917303435329813e-05 6.487587343144696e-05
478 97.60427454899764 5.768219214385476e-06 6.934804039499593e-05 6.80239443317987e-05 6.484092482423875e-05
479 98.66880211899115 5.743404886339297e-06 6.656955079557116e-05 7.004293096542825e-05 6.522514140669955e-05
480 98.41860865599301 5.742373444566814e-06 6.692642920016724e-05 6.989475637965369e-05 6.838248882559128e-05
481 102.06371172599029 5.746784000722176e-06 6.677312740066554e-05 6.926731250132434e-05 6.613158857362577e-05
482 100.21790560999943 5.752137191545146e-06 7.221042906166986e-05 6.752040648279944e-05 6.86327137373155e-05
483 98.41134663500998 5.749002603907786e-06 6.869785081815078e-05 6.693464776617476e-05 6.701640322717139e-05
484 96.87318202199822 5.7441023434674e-06 6.617968554362758e-05 6.88835744949756e-05 6.513252483273391e-05
485 95.57911801499722 5.76155338017593e-06 7.037166194802719e-05 6.901653207023628e-05 6.973073941480834e-05
486 98.99967090399878 5.74294413834448e-06 7.137195089954832e-05 6.711576334055279e-05 8.1149233301403e-05
487 98.08585778600536 5.732007618159208e-06 6.690570363490324e-05 6.740219989296748e-05 7.106686734914547e-05
488 99.78194393499871 5.735831400670574e-06 6.624587426308102e-05 6.844858457043303e-05 6.679981415800285e-05
489 96.10608181099815 5.7287051580109015e-06 6.854682669654721e-05 6.832048693468095e-05 6.89482236339245e-05
490 96.29867628199281 5.733200272920335e-06 6.670137111844573e-05 6.898969768371898e-05 7.24687550246017e-05
491 97.7608398500015 5.732673624960524e-06 6.915542530300122e-05 7.010034278209786e-05 7.077754780766554e-05
492 100.1339136799943 5.744743203750764e-06 7.475082410463882e-05 6.60423919907771e-05 6.415972402464831e-05
493 98.54362633499841 5.7237190776504565e-06 6.57589948483898e-05 6.903162662638351e-05 6.656091300101252e-05
494 99.27862078099861 5.720996854910888e-06 6.633274931826034e-05 6.754888712748653e-05 6.900524003867758e-05
495 97.50942645700707 5.722238943740698e-06 6.597211516539877e-05 6.591606448637322e-05 6.604584523302037e-05
496 97.99207862200274 5.714991146103584e-06 6.564238665305311e-05 6.94850815125392e-05 6.800827122788178e-05
497 104.82871447999787 5.711722628297544e-06 6.568540061885465e-05 6.615714486542857e-05 6.937831603863742e-05
498 105.92890673299553 5.7375734670333506e-06 6.996319476052628e-05 6.895019141666126e-05 6.624515517614782e-05
499 104.90355462400476 5.7193158904232804e-06 6.937191388311072e-05 6.811388313508361e-05 6.913335309945978e-05
Total prediction test mse error is  6.913335309945978e-05
Total reconstruction test mse error is  5.902073025936261e-06
