nohup: ignoring input
epoch 0000 | 16.84s | horizon 01 | fallback 00 | train 7.645361e-02 | test 1.537551e+00
epoch 0001 | 14.99s | horizon 01 | fallback 00 | train 1.695390e-02 | test 1.133033e+00
epoch 0002 | 14.97s | horizon 01 | fallback 00 | train 1.230324e-02 | test 1.044117e+00
epoch 0003 | 13.93s | horizon 01 | fallback 00 | train 1.120107e-02 | test 9.948377e-01
epoch 0004 | 14.39s | horizon 01 | fallback 00 | train 1.053760e-02 | test 1.001194e+00
epoch 0005 | 14.38s | horizon 01 | fallback 00 | train 1.002273e-02 | test 1.091219e+00
epoch 0006 | 13.65s | horizon 01 | fallback 00 | train 9.621071e-03 | test 1.047955e+00
epoch 0007 | 14.75s | horizon 01 | fallback 00 | train 9.307568e-03 | test 1.063480e+00
epoch 0008 | 13.65s | horizon 01 | fallback 00 | train 8.988546e-03 | test 1.139889e+00
epoch 0009 | 14.10s | horizon 01 | fallback 00 | train 8.794159e-03 | test 1.124693e+00
epoch 0010 | 14.58s | horizon 01 | fallback 00 | train 8.602026e-03 | test 1.105228e+00
epoch 0011 | 14.37s | horizon 01 | fallback 00 | train 8.527236e-03 | test 1.302772e+00
epoch 0012 | 14.34s | horizon 01 | fallback 00 | train 8.399933e-03 | test 1.190633e+00
epoch 0013 | 14.17s | horizon 01 | fallback 00 | train 8.326043e-03 | test 1.245014e+00
epoch 0014 | 14.59s | horizon 01 | fallback 00 | train 8.234031e-03 | test 1.096757e+00
epoch 0015 | 14.98s | horizon 01 | fallback 00 | train 8.198673e-03 | test 1.177313e+00
epoch 0016 | 14.68s | horizon 01 | fallback 00 | train 8.117823e-03 | test 1.076868e+00
epoch 0017 | 14.59s | horizon 01 | fallback 00 | train 7.993822e-03 | test 1.174645e+00
epoch 0018 | 14.66s | horizon 01 | fallback 00 | train 7.879813e-03 | test 1.129833e+00
epoch 0019 | 13.94s | horizon 01 | fallback 00 | train 7.835028e-03 | test 1.048333e+00
epoch 0020 | 14.66s | horizon 01 | fallback 00 | train 7.764905e-03 | test 1.056591e+00
epoch 0021 | 13.72s | horizon 01 | fallback 00 | train 7.728022e-03 | test 1.286315e+00
epoch 0022 | 14.12s | horizon 01 | fallback 00 | train 7.572708e-03 | test 1.207003e+00
epoch 0023 | 14.25s | horizon 01 | fallback 00 | train 7.471765e-03 | test 1.135940e+00
epoch 0024 | 13.83s | horizon 01 | fallback 00 | train 7.372172e-03 | test 1.146993e+00
epoch 0025 | 13.87s | horizon 01 | fallback 00 | train 7.262079e-03 | test 1.146900e+00
epoch 0026 | 13.82s | horizon 01 | fallback 00 | train 7.111134e-03 | test 1.169071e+00
epoch 0027 | 13.82s | horizon 01 | fallback 00 | train 7.019016e-03 | test 1.363089e+00
epoch 0028 | 13.97s | horizon 01 | fallback 00 | train 6.871180e-03 | test 1.206509e+00
epoch 0029 | 13.69s | horizon 01 | fallback 00 | train 6.746032e-03 | test 1.160101e+00
epoch 0030 | 14.94s | horizon 01 | fallback 00 | train 6.608691e-03 | test 1.227226e+00
epoch 0031 | 14.68s | horizon 01 | fallback 00 | train 6.451365e-03 | test 1.245676e+00
epoch 0032 | 14.18s | horizon 01 | fallback 00 | train 6.355650e-03 | test 1.210117e+00
epoch 0033 | 13.84s | horizon 01 | fallback 00 | train 6.237858e-03 | test 1.158406e+00
epoch 0034 | 13.68s | horizon 01 | fallback 00 | train 6.132804e-03 | test 1.210221e+00
epoch 0035 | 13.66s | horizon 01 | fallback 00 | train 6.051792e-03 | test 1.223926e+00
epoch 0036 | 13.82s | horizon 01 | fallback 00 | train 5.960526e-03 | test 1.241981e+00
epoch 0037 | 13.84s | horizon 01 | fallback 00 | train 5.892298e-03 | test 1.202805e+00
epoch 0038 | 13.76s | horizon 01 | fallback 00 | train 5.826854e-03 | test 1.256733e+00
epoch 0039 | 14.04s | horizon 01 | fallback 00 | train 5.738446e-03 | test 1.214589e+00
epoch 0040 | 23.88s | horizon 05 | fallback 00 | train 1.065088e-01 | test 1.032726e+00
epoch 0041 | 23.41s | horizon 05 | fallback 00 | train 6.308690e-02 | test 1.016100e+00
epoch 0042 | 23.74s | horizon 05 | fallback 00 | train 5.849425e-02 | test 1.033759e+00
epoch 0043 | 24.29s | horizon 05 | fallback 00 | train 5.580435e-02 | test 1.010515e+00
epoch 0044 | 24.20s | horizon 05 | fallback 00 | train 5.428254e-02 | test 9.916973e-01
epoch 0045 | 23.79s | horizon 05 | fallback 00 | train 5.175412e-02 | test 1.019017e+00
epoch 0046 | 24.23s | horizon 05 | fallback 00 | train 5.122616e-02 | test 9.945476e-01
epoch 0047 | 24.00s | horizon 05 | fallback 00 | train 5.088823e-02 | test 1.004968e+00
epoch 0048 | 24.21s | horizon 05 | fallback 00 | train 5.042787e-02 | test 1.000486e+00
epoch 0049 | 24.68s | horizon 05 | fallback 00 | train 4.983432e-02 | test 1.008462e+00
epoch 0050 | 24.48s | horizon 05 | fallback 00 | train 4.839951e-02 | test 1.012390e+00
epoch 0051 | 24.16s | horizon 05 | fallback 00 | train 4.740365e-02 | test 9.883090e-01
epoch 0052 | 24.24s | horizon 05 | fallback 00 | train 4.687110e-02 | test 1.005939e+00
epoch 0053 | 36.48s | horizon 05 | fallback 00 | train 4.625244e-02 | test 1.009366e+00
epoch 0054 | 38.14s | horizon 05 | fallback 00 | train 4.660191e-02 | test 1.009509e+00
epoch 0055 | 25.87s | horizon 05 | fallback 00 | train 4.579321e-02 | test 9.940907e-01
epoch 0056 | 25.90s | horizon 05 | fallback 00 | train 4.460209e-02 | test 1.014423e+00
epoch 0057 | 25.53s | horizon 05 | fallback 00 | train 4.455804e-02 | test 9.781633e-01
epoch 0058 | 25.78s | horizon 05 | fallback 00 | train 4.357356e-02 | test 9.970049e-01
epoch 0059 | 27.22s | horizon 05 | fallback 00 | train 4.322744e-02 | test 1.005884e+00
epoch 0060 | 32.81s | horizon 05 | fallback 00 | train 4.235284e-02 | test 9.786746e-01
epoch 0061 | 30.66s | horizon 05 | fallback 00 | train 4.237959e-02 | test 9.823810e-01
epoch 0062 | 34.09s | horizon 05 | fallback 00 | train 4.184650e-02 | test 9.586741e-01
epoch 0063 | 32.11s | horizon 05 | fallback 00 | train 4.125428e-02 | test 9.732055e-01
epoch 0064 | 28.37s | horizon 05 | fallback 00 | train 4.105302e-02 | test 9.454577e-01
epoch 0065 | 31.87s | horizon 05 | fallback 00 | train 4.088136e-02 | test 9.570515e-01
epoch 0066 | 32.89s | horizon 05 | fallback 00 | train 3.992532e-02 | test 9.596240e-01
epoch 0067 | 30.52s | horizon 05 | fallback 00 | train 3.958079e-02 | test 9.439875e-01
epoch 0068 | 28.25s | horizon 05 | fallback 00 | train 3.876475e-02 | test 9.439350e-01
epoch 0069 | 29.66s | horizon 05 | fallback 00 | train 3.827680e-02 | test 9.435700e-01
epoch 0070 | 27.84s | horizon 05 | fallback 00 | train 3.853823e-02 | test 9.649760e-01
epoch 0071 | 29.03s | horizon 05 | fallback 00 | train 3.797702e-02 | test 9.530384e-01
epoch 0072 | 29.06s | horizon 05 | fallback 00 | train 3.753810e-02 | test 9.511314e-01
epoch 0073 | 30.08s | horizon 05 | fallback 00 | train 3.703872e-02 | test 9.308019e-01
epoch 0074 | 28.07s | horizon 05 | fallback 00 | train 3.722949e-02 | test 9.695099e-01
epoch 0075 | 27.95s | horizon 05 | fallback 00 | train 3.788253e-02 | test 9.448729e-01
epoch 0076 | 27.27s | horizon 05 | fallback 00 | train 3.690388e-02 | test 9.443558e-01
epoch 0077 | 26.70s | horizon 05 | fallback 00 | train 3.607106e-02 | test 9.407331e-01
epoch 0078 | 26.86s | horizon 05 | fallback 00 | train 3.547933e-02 | test 9.551248e-01
epoch 0079 | 27.23s | horizon 05 | fallback 00 | train 3.550863e-02 | test 9.422553e-01
epoch 0080 | 39.92s | horizon 10 | fallback 00 | train 1.589388e-01 | test 8.617286e-01
epoch 0081 | 41.03s | horizon 10 | fallback 00 | train 1.394354e-01 | test 8.772431e-01
epoch 0082 | 41.41s | horizon 10 | fallback 00 | train 1.310316e-01 | test 8.719635e-01
epoch 0083 | 41.32s | horizon 10 | fallback 00 | train 1.265543e-01 | test 8.806742e-01
epoch 0084 | 38.45s | horizon 10 | fallback 00 | train 1.222898e-01 | test 8.795831e-01
epoch 0085 | 38.79s | horizon 10 | fallback 00 | train 1.146908e-01 | test 8.955473e-01
epoch 0086 | 39.33s | horizon 10 | fallback 00 | train 1.134794e-01 | test 8.817682e-01
epoch 0087 | 38.87s | horizon 10 | fallback 00 | train 1.111223e-01 | test 8.825810e-01
epoch 0088 | 39.30s | horizon 10 | fallback 00 | train 1.099025e-01 | test 9.246462e-01
epoch 0089 | 40.19s | horizon 10 | fallback 00 | train 1.060205e-01 | test 9.446933e-01
epoch 0090 | 40.15s | horizon 10 | fallback 00 | train 1.034586e-01 | test 9.191146e-01
epoch 0091 | 39.52s | horizon 10 | fallback 00 | train 1.036478e-01 | test 9.009006e-01
epoch 0092 | 40.62s | horizon 10 | fallback 00 | train 1.006104e-01 | test 9.290141e-01
epoch 0093 | 40.37s | horizon 10 | fallback 00 | train 1.003934e-01 | test 9.079314e-01
epoch 0094 | 42.77s | horizon 10 | fallback 00 | train 1.001258e-01 | test 9.106415e-01
epoch 0095 | 39.25s | horizon 10 | fallback 00 | train 9.618375e-02 | test 9.307303e-01
epoch 0096 | 39.33s | horizon 10 | fallback 00 | train 9.462901e-02 | test 9.150317e-01
epoch 0097 | 40.30s | horizon 10 | fallback 00 | train 9.365395e-02 | test 9.219548e-01
epoch 0098 | 39.96s | horizon 10 | fallback 00 | train 9.354898e-02 | test 9.363380e-01
epoch 0099 | 39.50s | horizon 10 | fallback 00 | train 9.263270e-02 | test 9.065360e-01
epoch 0100 | 40.25s | horizon 10 | fallback 00 | train 8.936531e-02 | test 9.346753e-01
epoch 0101 | 40.27s | horizon 10 | fallback 00 | train 8.903966e-02 | test 9.234867e-01
epoch 0102 | 39.34s | horizon 10 | fallback 00 | train 8.776919e-02 | test 9.302576e-01
epoch 0103 | 39.89s | horizon 10 | fallback 00 | train 8.629996e-02 | test 9.239461e-01
epoch 0104 | 38.06s | horizon 10 | fallback 00 | train 8.633851e-02 | test 9.198600e-01
epoch 0105 | 40.53s | horizon 10 | fallback 00 | train 8.502889e-02 | test 9.516916e-01
epoch 0106 | 43.49s | horizon 10 | fallback 00 | train 8.453201e-02 | test 9.469848e-01
epoch 0107 | 39.43s | horizon 10 | fallback 00 | train 8.464373e-02 | test 9.376805e-01
epoch 0108 | 42.72s | horizon 10 | fallback 00 | train 8.361763e-02 | test 9.213486e-01
epoch 0109 | 40.96s | horizon 10 | fallback 00 | train 8.335350e-02 | test 9.344873e-01
epoch 0110 | 39.95s | horizon 10 | fallback 00 | train 8.256409e-02 | test 9.404569e-01
epoch 0111 | 39.15s | horizon 10 | fallback 00 | train 8.251324e-02 | test 9.425499e-01
epoch 0112 | 40.20s | horizon 10 | fallback 00 | train 8.223435e-02 | test 9.557999e-01
epoch 0113 | 40.51s | horizon 10 | fallback 00 | train 8.126750e-02 | test 9.317279e-01
epoch 0114 | 39.86s | horizon 10 | fallback 00 | train 8.033227e-02 | test 9.624028e-01
epoch 0115 | 38.44s | horizon 10 | fallback 00 | train 8.114649e-02 | test 9.312564e-01
epoch 0116 | 37.97s | horizon 10 | fallback 00 | train 7.957838e-02 | test 9.429378e-01
epoch 0117 | 39.11s | horizon 10 | fallback 00 | train 8.017583e-02 | test 9.560659e-01
epoch 0118 | 38.39s | horizon 10 | fallback 00 | train 7.948318e-02 | test 9.712942e-01
epoch 0119 | 38.32s | horizon 10 | fallback 00 | train 7.904470e-02 | test 9.403459e-01
epoch 0120 | 64.28s | horizon 20 | fallback 00 | train 4.423116e-01 | test 9.175383e-01
epoch 0121 | 62.89s | horizon 20 | fallback 00 | train 3.982852e-01 | test 9.047589e-01
epoch 0122 | 63.24s | horizon 20 | fallback 00 | train 3.521711e-01 | test 9.127407e-01
epoch 0123 | 61.95s | horizon 20 | fallback 00 | train 3.438240e-01 | test 9.096193e-01
epoch 0124 | 63.87s | horizon 20 | fallback 00 | train 3.418582e-01 | test 9.045062e-01
epoch 0125 | 63.24s | horizon 20 | fallback 00 | train 3.406008e-01 | test 9.099693e-01
epoch 0126 | 62.67s | horizon 20 | fallback 00 | train 3.353651e-01 | test 9.052903e-01
epoch 0127 | 62.98s | horizon 20 | fallback 00 | train 3.327706e-01 | test 9.124113e-01
epoch 0128 | 60.88s | horizon 20 | fallback 00 | train 3.246146e-01 | test 9.224361e-01
epoch 0129 | 61.50s | horizon 20 | fallback 00 | train 3.236118e-01 | test 9.010151e-01
epoch 0130 | 59.92s | horizon 20 | fallback 00 | train 3.276401e-01 | test 9.086798e-01
epoch 0131 | 62.58s | horizon 20 | fallback 00 | train 3.480078e-01 | test 9.124798e-01
epoch 0132 | 61.33s | horizon 20 | fallback 00 | train 3.266592e-01 | test 9.125954e-01
epoch 0133 | 62.16s | horizon 20 | fallback 00 | train 3.193820e-01 | test 9.092417e-01
epoch 0134 | 61.47s | horizon 20 | fallback 00 | train 3.150810e-01 | test 9.123906e-01
epoch 0135 | 61.13s | horizon 20 | fallback 00 | train 3.162276e-01 | test 9.106339e-01
epoch 0136 | 61.50s | horizon 20 | fallback 00 | train 3.218064e-01 | test 9.112221e-01
epoch 0137 | 63.25s | horizon 20 | fallback 00 | train 3.132177e-01 | test 9.054460e-01
epoch 0138 | 63.09s | horizon 20 | fallback 00 | train 3.071302e-01 | test 9.107976e-01
epoch 0139 | 65.00s | horizon 20 | fallback 00 | train 3.083475e-01 | test 9.214767e-01
epoch 0140 | 62.24s | horizon 20 | fallback 00 | train 3.029569e-01 | test 9.223162e-01
epoch 0141 | 61.40s | horizon 20 | fallback 00 | train 3.086256e-01 | test 9.086855e-01
epoch 0142 | 61.33s | horizon 20 | fallback 00 | train 3.062907e-01 | test 9.134051e-01
epoch 0143 | 60.47s | horizon 20 | fallback 00 | train 3.005338e-01 | test 9.201672e-01
epoch 0144 | 61.39s | horizon 20 | fallback 00 | train 3.134929e-01 | test 9.055454e-01
epoch 0145 | 62.35s | horizon 20 | fallback 00 | train 3.192831e-01 | test 8.878039e-01
epoch 0146 | 64.06s | horizon 20 | fallback 00 | train 3.146683e-01 | test 9.162610e-01
epoch 0147 | 69.20s | horizon 20 | fallback 00 | train 2.963422e-01 | test 9.051242e-01
epoch 0148 | 66.25s | horizon 20 | fallback 00 | train 3.027547e-01 | test 8.970841e-01
epoch 0149 | 67.14s | horizon 20 | fallback 00 | train 3.064627e-01 | test 9.189751e-01
epoch 0150 | 67.38s | horizon 20 | fallback 00 | train 2.997190e-01 | test 9.100908e-01
epoch 0151 | 67.57s | horizon 20 | fallback 00 | train 2.993312e-01 | test 9.089671e-01
epoch 0152 | 67.41s | horizon 20 | fallback 00 | train 2.961031e-01 | test 9.134654e-01
epoch 0153 | 66.62s | horizon 20 | fallback 00 | train 3.047332e-01 | test 9.249695e-01
epoch 0154 | 66.93s | horizon 20 | fallback 00 | train 3.010480e-01 | test 9.165308e-01
epoch 0155 | 66.54s | horizon 20 | fallback 00 | train 2.968091e-01 | test 8.995383e-01
epoch 0156 | 64.59s | horizon 20 | fallback 00 | train 2.931442e-01 | test 9.159734e-01
epoch 0157 | 60.45s | horizon 20 | fallback 00 | train 2.929548e-01 | test 9.206075e-01
epoch 0158 | 60.57s | horizon 20 | fallback 00 | train 2.968003e-01 | test 9.114442e-01
epoch 0159 | 59.42s | horizon 20 | fallback 00 | train 2.936709e-01 | test 9.282271e-01
epoch 0160 | 93.71s | horizon 30 | fallback 00 | train 9.565161e-01 | test 6.820094e-01
epoch 0161 | 94.95s | horizon 30 | fallback 00 | train 7.937488e-01 | test 6.558844e-01
epoch 0162 | 94.98s | horizon 30 | fallback 00 | train 7.799641e-01 | test 6.303225e-01
epoch 0163 | 92.72s | horizon 30 | fallback 00 | train 7.805625e-01 | test 6.320683e-01
epoch 0164 | 89.33s | horizon 30 | fallback 00 | train 7.496219e-01 | test 6.341682e-01
epoch 0165 | 94.34s | horizon 30 | fallback 00 | train 7.877449e-01 | test 6.502104e-01
epoch 0166 | 94.56s | horizon 30 | fallback 00 | train 8.141974e-01 | test 6.316834e-01
epoch 0167 | 94.18s | horizon 30 | fallback 00 | train 7.802248e-01 | test 6.603937e-01
epoch 0168 | 93.48s | horizon 30 | fallback 00 | train 7.601062e-01 | test 6.141176e-01
epoch 0169 | 94.23s | horizon 30 | fallback 00 | train 7.178394e-01 | test 6.219018e-01
epoch 0170 | 94.46s | horizon 30 | fallback 00 | train 7.182462e-01 | test 6.225137e-01
epoch 0171 | 90.54s | horizon 30 | fallback 00 | train 7.261075e-01 | test 6.200033e-01
epoch 0172 | 85.63s | horizon 30 | fallback 00 | train 7.024597e-01 | test 6.053447e-01
epoch 0173 | 85.90s | horizon 30 | fallback 00 | train 7.187895e-01 | test 5.690972e-01
epoch 0174 | 85.61s | horizon 30 | fallback 00 | train 7.254220e-01 | test 6.024904e-01
epoch 0175 | 86.39s | horizon 30 | fallback 00 | train 6.943881e-01 | test 5.989841e-01
epoch 0176 | 85.81s | horizon 30 | fallback 00 | train 7.002044e-01 | test 6.179442e-01
epoch 0177 | 85.33s | horizon 30 | fallback 00 | train 6.813578e-01 | test 5.924676e-01
epoch 0178 | 91.95s | horizon 30 | fallback 00 | train 7.054705e-01 | test 6.010549e-01
epoch 0179 | 94.10s | horizon 30 | fallback 00 | train 7.046321e-01 | test 6.681736e-01
epoch 0180 | 94.00s | horizon 30 | fallback 00 | train 6.972003e-01 | test 5.856997e-01
epoch 0181 | 93.84s | horizon 30 | fallback 00 | train 6.991418e-01 | test 5.880967e-01
epoch 0182 | 89.82s | horizon 30 | fallback 00 | train 7.062204e-01 | test 5.896543e-01
epoch 0183 | 87.78s | horizon 30 | fallback 00 | train 6.763043e-01 | test 6.202821e-01
epoch 0184 | 86.32s | horizon 30 | fallback 00 | train 6.995157e-01 | test 6.072477e-01
epoch 0185 | 85.49s | horizon 30 | fallback 00 | train 7.226700e-01 | test 6.013264e-01
epoch 0186 | 88.34s | horizon 30 | fallback 00 | train 6.590010e-01 | test 5.533717e-01
epoch 0187 | 94.46s | horizon 30 | fallback 00 | train 7.284354e-01 | test 5.624007e-01
epoch 0188 | 93.65s | horizon 30 | fallback 00 | train 6.961954e-01 | test 5.846644e-01
epoch 0189 | 94.14s | horizon 30 | fallback 00 | train 6.771344e-01 | test 5.818997e-01
epoch 0190 | 94.22s | horizon 30 | fallback 00 | train 6.876144e-01 | test 5.764078e-01
epoch 0191 | 93.92s | horizon 30 | fallback 00 | train 6.982586e-01 | test 6.142691e-01
epoch 0192 | 93.85s | horizon 30 | fallback 00 | train 6.922930e-01 | test 5.781207e-01
epoch 0193 | 93.31s | horizon 30 | fallback 00 | train 6.665165e-01 | test 5.850153e-01
epoch 0194 | 93.40s | horizon 30 | fallback 00 | train 6.568949e-01 | test 5.986281e-01
epoch 0195 | 93.86s | horizon 30 | fallback 00 | train 7.171410e-01 | test 5.768224e-01
epoch 0196 | 93.72s | horizon 30 | fallback 00 | train 6.614703e-01 | test 5.917285e-01
epoch 0197 | 92.97s | horizon 30 | fallback 00 | train 6.476948e-01 | test 5.639060e-01
epoch 0198 | 93.17s | horizon 30 | fallback 00 | train 6.642055e-01 | test 5.641858e-01
epoch 0199 | 93.33s | horizon 30 | fallback 00 | train 6.917365e-01 | test 5.703269e-01
epoch 0200 | 120.99s | horizon 40 | fallback 00 | train 1.036679e+00 | test 5.605432e-01
epoch 0201 | 121.29s | horizon 40 | fallback 00 | train 9.998907e-01 | test 5.496972e-01
epoch 0202 | 121.84s | horizon 40 | fallback 00 | train 9.772619e-01 | test 5.587361e-01
epoch 0203 | 121.41s | horizon 40 | fallback 00 | train 9.713913e-01 | test 5.421789e-01
epoch 0204 | 121.08s | horizon 40 | fallback 00 | train 9.666718e-01 | test 5.572045e-01
epoch 0205 | 120.50s | horizon 40 | fallback 00 | train 9.641802e-01 | test 5.357046e-01
epoch 0206 | 118.11s | horizon 40 | fallback 00 | train 9.308654e-01 | test 5.318748e-01
epoch 0207 | 113.95s | horizon 40 | fallback 00 | train 9.457666e-01 | test 5.296739e-01
epoch 0208 | 116.22s | horizon 40 | fallback 00 | train 9.626541e-01 | test 5.404738e-01
epoch 0209 | 115.71s | horizon 40 | fallback 00 | train 9.231071e-01 | test 5.465509e-01
epoch 0210 | 114.83s | horizon 40 | fallback 00 | train 9.146779e-01 | test 5.273360e-01
epoch 0211 | 111.53s | horizon 40 | fallback 00 | train 9.411397e-01 | test 5.482779e-01
epoch 0212 | 117.46s | horizon 40 | fallback 00 | train 9.294302e-01 | test 5.339227e-01
epoch 0213 | 121.75s | horizon 40 | fallback 00 | train 9.457937e-01 | test 5.307313e-01
epoch 0214 | 116.31s | horizon 40 | fallback 00 | train 9.316388e-01 | test 5.417603e-01
epoch 0215 | 118.32s | horizon 40 | fallback 00 | train 9.306846e-01 | test 5.434929e-01
epoch 0216 | 117.68s | horizon 40 | fallback 00 | train 9.387286e-01 | test 5.464625e-01
epoch 0217 | 118.10s | horizon 40 | fallback 00 | train 9.196264e-01 | test 5.370157e-01
epoch 0218 | 113.67s | horizon 40 | fallback 00 | train 8.979484e-01 | test 5.505952e-01
epoch 0219 | 119.71s | horizon 40 | fallback 00 | train 9.440420e-01 | test 5.532124e-01
epoch 0220 | 118.71s | horizon 40 | fallback 00 | train 9.209382e-01 | test 5.642378e-01
epoch 0221 | 119.69s | horizon 40 | fallback 00 | train 9.007884e-01 | test 5.461259e-01
epoch 0222 | 116.99s | horizon 40 | fallback 00 | train 9.280352e-01 | test 5.550711e-01
epoch 0223 | 118.09s | horizon 40 | fallback 00 | train 9.332527e-01 | test 5.475545e-01
epoch 0224 | 116.90s | horizon 40 | fallback 00 | train 9.109417e-01 | test 5.311915e-01
epoch 0225 | 118.19s | horizon 40 | fallback 00 | train 8.897917e-01 | test 5.348440e-01
epoch 0226 | 111.68s | horizon 40 | fallback 00 | train 8.972953e-01 | test 5.660349e-01
epoch 0227 | 105.77s | horizon 40 | fallback 00 | train 9.204104e-01 | test 5.364653e-01
epoch 0228 | 107.89s | horizon 40 | fallback 00 | train 8.938427e-01 | test 5.518050e-01
epoch 0229 | 105.23s | horizon 40 | fallback 00 | train 9.200983e-01 | test 5.468412e-01
epoch 0230 | 107.75s | horizon 40 | fallback 00 | train 8.825818e-01 | test 5.252047e-01
epoch 0231 | 106.38s | horizon 40 | fallback 00 | train 8.868665e-01 | test 5.478193e-01
epoch 0232 | 118.87s | horizon 40 | fallback 00 | train 9.108925e-01 | test 5.439070e-01
epoch 0233 | 110.56s | horizon 40 | fallback 00 | train 8.870336e-01 | test 5.268907e-01
epoch 0234 | 109.32s | horizon 40 | fallback 00 | train 8.839054e-01 | test 5.741031e-01
epoch 0235 | 108.59s | horizon 40 | fallback 00 | train 9.275740e-01 | test 5.252741e-01
epoch 0236 | 117.07s | horizon 40 | fallback 00 | train 8.711291e-01 | test 5.594785e-01
epoch 0237 | 108.71s | horizon 40 | fallback 00 | train 8.708751e-01 | test 5.391366e-01
epoch 0238 | 109.13s | horizon 40 | fallback 00 | train 8.672148e-01 | test 5.232105e-01
epoch 0239 | 107.95s | horizon 40 | fallback 00 | train 8.757481e-01 | test 5.408808e-01
epoch 0240 | 108.33s | horizon 40 | fallback 00 | train 8.691898e-01 | test 5.418522e-01
epoch 0241 | 108.66s | horizon 40 | fallback 00 | train 8.706255e-01 | test 5.473030e-01
epoch 0242 | 104.19s | horizon 40 | fallback 00 | train 8.803428e-01 | test 5.423023e-01
epoch 0243 | 109.79s | horizon 40 | fallback 00 | train 8.746244e-01 | test 5.268736e-01
epoch 0244 | 108.79s | horizon 40 | fallback 00 | train 8.754112e-01 | test 5.505188e-01
epoch 0245 | 107.30s | horizon 40 | fallback 00 | train 8.682955e-01 | test 5.304886e-01
epoch 0246 | 105.08s | horizon 40 | fallback 00 | train 8.680051e-01 | test 5.318148e-01
epoch 0247 | 108.29s | horizon 40 | fallback 00 | train 8.536328e-01 | test 5.413252e-01
epoch 0248 | 107.27s | horizon 40 | fallback 00 | train 8.606994e-01 | test 5.367133e-01
epoch 0249 | 106.99s | horizon 40 | fallback 00 | train 8.935073e-01 | test 5.381185e-01
epoch 0250 | 107.80s | horizon 40 | fallback 00 | train 8.492979e-01 | test 5.385234e-01
epoch 0251 | 108.01s | horizon 40 | fallback 00 | train 8.986912e-01 | test 5.914446e-01
epoch 0252 | 115.81s | horizon 40 | fallback 00 | train 8.589105e-01 | test 5.353177e-01
epoch 0253 | 114.90s | horizon 40 | fallback 00 | train 8.812386e-01 | test 5.316939e-01
epoch 0254 | 120.28s | horizon 40 | fallback 00 | train 8.627853e-01 | test 5.292183e-01
epoch 0255 | 114.62s | horizon 40 | fallback 00 | train 8.697086e-01 | test 5.310207e-01
epoch 0256 | 119.92s | horizon 40 | fallback 00 | train 8.552208e-01 | test 5.297599e-01
epoch 0257 | 119.78s | horizon 40 | fallback 00 | train 8.750524e-01 | test 5.343015e-01
epoch 0258 | 119.19s | horizon 40 | fallback 00 | train 8.757924e-01 | test 5.296447e-01
epoch 0259 | 119.73s | horizon 40 | fallback 00 | train 8.419403e-01 | test 5.478982e-01
epoch 0260 | 119.73s | horizon 40 | fallback 00 | train 8.799494e-01 | test 5.343315e-01
epoch 0261 | 119.95s | horizon 40 | fallback 00 | train 8.675717e-01 | test 5.308008e-01
epoch 0262 | 118.15s | horizon 40 | fallback 00 | train 8.370617e-01 | test 5.376931e-01
epoch 0263 | 119.14s | horizon 40 | fallback 00 | train 8.762833e-01 | test 5.636130e-01
epoch 0264 | 118.90s | horizon 40 | fallback 00 | train 8.464165e-01 | test 5.303584e-01
epoch 0265 | 118.49s | horizon 40 | fallback 00 | train 8.457182e-01 | test 5.288152e-01
epoch 0266 | 119.12s | horizon 40 | fallback 00 | train 8.520305e-01 | test 5.342514e-01
epoch 0267 | 118.73s | horizon 40 | fallback 00 | train 8.474356e-01 | test 5.776848e-01
epoch 0268 | 112.18s | horizon 40 | fallback 00 | train 8.756650e-01 | test 5.351498e-01
epoch 0269 | 112.31s | horizon 40 | fallback 00 | train 8.370704e-01 | test 5.359797e-01
epoch 0270 | 113.32s | horizon 40 | fallback 00 | train 8.378383e-01 | test 5.356144e-01
epoch 0271 | 111.97s | horizon 40 | fallback 00 | train 8.454579e-01 | test 5.318983e-01
epoch 0272 | 111.61s | horizon 40 | fallback 00 | train 8.434034e-01 | test 5.386792e-01
epoch 0273 | 121.95s | horizon 40 | fallback 00 | train 8.269056e-01 | test 5.239303e-01
epoch 0274 | 120.27s | horizon 40 | fallback 00 | train 8.551724e-01 | test 5.311947e-01
epoch 0275 | 121.90s | horizon 40 | fallback 00 | train 8.389559e-01 | test 5.386583e-01
epoch 0276 | 121.81s | horizon 40 | fallback 00 | train 8.490166e-01 | test 5.260611e-01
epoch 0277 | 122.53s | horizon 40 | fallback 00 | train 8.622300e-01 | test 5.275042e-01
epoch 0278 | 121.61s | horizon 40 | fallback 00 | train 8.447114e-01 | test 5.453247e-01
epoch 0279 | 121.59s | horizon 40 | fallback 00 | train 8.546476e-01 | test 5.423308e-01
epoch 0280 | 120.84s | horizon 40 | fallback 00 | train 8.378153e-01 | test 5.337514e-01
epoch 0281 | 120.38s | horizon 40 | fallback 00 | train 8.347080e-01 | test 5.759903e-01
epoch 0282 | 121.26s | horizon 40 | fallback 00 | train 8.517098e-01 | test 5.447344e-01
epoch 0283 | 122.17s | horizon 40 | fallback 00 | train 8.345633e-01 | test 5.279531e-01
epoch 0284 | 109.55s | horizon 40 | fallback 00 | train 8.329594e-01 | test 5.265404e-01
epoch 0285 | 109.28s | horizon 40 | fallback 00 | train 8.607846e-01 | test 5.409790e-01
epoch 0286 | 106.20s | horizon 40 | fallback 00 | train 8.550136e-01 | test 5.248525e-01
epoch 0287 | 107.54s | horizon 40 | fallback 00 | train 8.568104e-01 | test 5.426174e-01
epoch 0288 | 107.78s | horizon 40 | fallback 00 | train 8.381606e-01 | test 5.406602e-01
epoch 0289 | 109.34s | horizon 40 | fallback 00 | train 8.435085e-01 | test 5.683945e-01
epoch 0290 | 108.27s | horizon 40 | fallback 00 | train 8.437328e-01 | test 5.218616e-01
epoch 0291 | 108.50s | horizon 40 | fallback 00 | train 8.218894e-01 | test 5.631230e-01
epoch 0292 | 109.63s | horizon 40 | fallback 00 | train 8.378277e-01 | test 5.320752e-01
epoch 0293 | 109.36s | horizon 40 | fallback 00 | train 8.476318e-01 | test 5.350451e-01
epoch 0294 | 109.74s | horizon 40 | fallback 00 | train 8.286823e-01 | test 5.253443e-01
epoch 0295 | 110.06s | horizon 40 | fallback 00 | train 8.294495e-01 | test 5.292719e-01
epoch 0296 | 110.66s | horizon 40 | fallback 00 | train 8.429586e-01 | test 5.501057e-01
epoch 0297 | 111.21s | horizon 40 | fallback 00 | train 8.372177e-01 | test 5.394461e-01
epoch 0298 | 110.14s | horizon 40 | fallback 00 | train 7.995426e-01 | test 5.291742e-01
epoch 0299 | 108.81s | horizon 40 | fallback 00 | train 8.155269e-01 | test 5.208973e-01
epoch 0300 | 109.66s | horizon 40 | fallback 00 | train 7.703569e-01 | test 5.282279e-01
epoch 0301 | 120.20s | horizon 40 | fallback 00 | train 7.936242e-01 | test 5.451515e-01
epoch 0302 | 112.35s | horizon 40 | fallback 00 | train 7.765354e-01 | test 5.191086e-01
epoch 0303 | 111.95s | horizon 40 | fallback 00 | train 7.660046e-01 | test 5.202055e-01
epoch 0304 | 107.36s | horizon 40 | fallback 00 | train 7.549190e-01 | test 5.238472e-01
epoch 0305 | 109.43s | horizon 40 | fallback 00 | train 7.700452e-01 | test 5.282212e-01
epoch 0306 | 107.81s | horizon 40 | fallback 00 | train 7.681652e-01 | test 5.199936e-01
epoch 0307 | 106.38s | horizon 40 | fallback 00 | train 7.570526e-01 | test 5.295533e-01
epoch 0308 | 109.25s | horizon 40 | fallback 00 | train 7.730096e-01 | test 5.335197e-01
epoch 0309 | 107.20s | horizon 40 | fallback 00 | train 7.562206e-01 | test 5.193583e-01
epoch 0310 | 117.99s | horizon 40 | fallback 00 | train 7.537763e-01 | test 5.195037e-01
epoch 0311 | 105.96s | horizon 40 | fallback 00 | train 7.752278e-01 | test 5.230427e-01
epoch 0312 | 107.20s | horizon 40 | fallback 00 | train 7.510992e-01 | test 5.334127e-01
epoch 0313 | 108.73s | horizon 40 | fallback 00 | train 7.550334e-01 | test 5.230874e-01
epoch 0314 | 109.07s | horizon 40 | fallback 00 | train 7.571569e-01 | test 5.280402e-01
epoch 0315 | 115.18s | horizon 40 | fallback 00 | train 7.603270e-01 | test 5.182673e-01
epoch 0316 | 107.63s | horizon 40 | fallback 00 | train 7.497985e-01 | test 5.204939e-01
epoch 0317 | 108.09s | horizon 40 | fallback 00 | train 7.574458e-01 | test 5.240068e-01
epoch 0318 | 108.89s | horizon 40 | fallback 00 | train 7.512322e-01 | test 5.214370e-01
epoch 0319 | 108.25s | horizon 40 | fallback 00 | train 7.475057e-01 | test 5.223285e-01
epoch 0320 | 109.25s | horizon 40 | fallback 00 | train 7.506789e-01 | test 5.259689e-01
epoch 0321 | 110.16s | horizon 40 | fallback 00 | train 7.522376e-01 | test 5.221965e-01
epoch 0322 | 110.04s | horizon 40 | fallback 00 | train 7.505462e-01 | test 5.173880e-01
epoch 0323 | 110.26s | horizon 40 | fallback 00 | train 7.505790e-01 | test 5.189723e-01
epoch 0324 | 107.44s | horizon 40 | fallback 00 | train 7.578758e-01 | test 5.254938e-01
epoch 0325 | 105.10s | horizon 40 | fallback 00 | train 7.518830e-01 | test 5.221141e-01
epoch 0326 | 106.97s | horizon 40 | fallback 00 | train 7.483005e-01 | test 5.241425e-01
epoch 0327 | 107.92s | horizon 40 | fallback 00 | train 7.468164e-01 | test 5.201890e-01
epoch 0328 | 122.66s | horizon 40 | fallback 00 | train 7.357554e-01 | test 5.336416e-01
epoch 0329 | 123.18s | horizon 40 | fallback 00 | train 7.507596e-01 | test 5.216238e-01
epoch 0330 | 115.72s | horizon 40 | fallback 00 | train 7.399655e-01 | test 5.201620e-01
epoch 0331 | 108.07s | horizon 40 | fallback 00 | train 7.520988e-01 | test 5.275667e-01
epoch 0332 | 109.22s | horizon 40 | fallback 00 | train 7.423147e-01 | test 5.230510e-01
epoch 0333 | 109.55s | horizon 40 | fallback 00 | train 7.413030e-01 | test 5.232495e-01
epoch 0334 | 110.61s | horizon 40 | fallback 00 | train 7.430343e-01 | test 5.276023e-01
epoch 0335 | 110.10s | horizon 40 | fallback 00 | train 7.604624e-01 | test 5.263486e-01
epoch 0336 | 116.41s | horizon 40 | fallback 00 | train 7.483341e-01 | test 5.288439e-01
epoch 0337 | 116.55s | horizon 40 | fallback 00 | train 7.644164e-01 | test 5.188405e-01
epoch 0338 | 118.74s | horizon 40 | fallback 00 | train 7.371664e-01 | test 5.205229e-01
epoch 0339 | 116.33s | horizon 40 | fallback 00 | train 7.337210e-01 | test 5.208387e-01
epoch 0340 | 118.56s | horizon 40 | fallback 00 | train 7.390644e-01 | test 5.195999e-01
epoch 0341 | 117.05s | horizon 40 | fallback 00 | train 7.518010e-01 | test 5.207769e-01
epoch 0342 | 110.62s | horizon 40 | fallback 00 | train 7.339175e-01 | test 5.207628e-01
epoch 0343 | 111.11s | horizon 40 | fallback 00 | train 7.509581e-01 | test 5.216903e-01
epoch 0344 | 110.70s | horizon 40 | fallback 00 | train 7.469955e-01 | test 5.251248e-01
epoch 0345 | 108.95s | horizon 40 | fallback 00 | train 7.400818e-01 | test 5.287963e-01
epoch 0346 | 111.59s | horizon 40 | fallback 00 | train 7.561220e-01 | test 5.203684e-01
epoch 0347 | 109.65s | horizon 40 | fallback 00 | train 7.359123e-01 | test 5.272068e-01
epoch 0348 | 108.92s | horizon 40 | fallback 00 | train 7.522742e-01 | test 5.243263e-01
epoch 0349 | 110.51s | horizon 40 | fallback 00 | train 7.513226e-01 | test 5.252111e-01
epoch 0350 | 108.24s | horizon 40 | fallback 00 | train 7.349013e-01 | test 5.220396e-01
epoch 0351 | 114.99s | horizon 40 | fallback 00 | train 7.353152e-01 | test 5.206275e-01
epoch 0352 | 122.73s | horizon 40 | fallback 00 | train 7.348415e-01 | test 5.204319e-01
epoch 0353 | 118.60s | horizon 40 | fallback 00 | train 7.326780e-01 | test 5.203064e-01
epoch 0354 | 120.60s | horizon 40 | fallback 00 | train 7.314163e-01 | test 5.356673e-01
epoch 0355 | 120.17s | horizon 40 | fallback 00 | train 7.307597e-01 | test 5.181233e-01
epoch 0356 | 108.08s | horizon 40 | fallback 00 | train 7.352396e-01 | test 5.196041e-01
epoch 0357 | 109.04s | horizon 40 | fallback 00 | train 7.228605e-01 | test 5.166765e-01
epoch 0358 | 108.74s | horizon 40 | fallback 00 | train 7.254652e-01 | test 5.202387e-01
epoch 0359 | 108.14s | horizon 40 | fallback 00 | train 7.329559e-01 | test 5.222383e-01
epoch 0360 | 108.47s | horizon 40 | fallback 00 | train 7.332517e-01 | test 5.166947e-01
epoch 0361 | 107.59s | horizon 40 | fallback 00 | train 7.252789e-01 | test 5.176704e-01
epoch 0362 | 107.27s | horizon 40 | fallback 00 | train 7.266262e-01 | test 5.253048e-01
epoch 0363 | 107.28s | horizon 40 | fallback 00 | train 7.358582e-01 | test 5.205872e-01
epoch 0364 | 107.14s | horizon 40 | fallback 00 | train 7.394945e-01 | test 5.252612e-01
epoch 0365 | 107.00s | horizon 40 | fallback 00 | train 7.289510e-01 | test 5.184996e-01
epoch 0366 | 107.23s | horizon 40 | fallback 00 | train 7.374668e-01 | test 5.237413e-01
epoch 0367 | 107.22s | horizon 40 | fallback 00 | train 7.275365e-01 | test 5.245879e-01
epoch 0368 | 119.34s | horizon 40 | fallback 00 | train 7.365767e-01 | test 5.201455e-01
epoch 0369 | 112.90s | horizon 40 | fallback 00 | train 7.286700e-01 | test 5.261173e-01
epoch 0370 | 110.05s | horizon 40 | fallback 00 | train 7.252266e-01 | test 5.146332e-01
epoch 0371 | 114.21s | horizon 40 | fallback 00 | train 7.237023e-01 | test 5.199494e-01
epoch 0372 | 112.96s | horizon 40 | fallback 00 | train 7.257812e-01 | test 5.192086e-01
epoch 0373 | 111.90s | horizon 40 | fallback 00 | train 7.206362e-01 | test 5.195497e-01
epoch 0374 | 109.34s | horizon 40 | fallback 00 | train 7.324604e-01 | test 5.392055e-01
epoch 0375 | 105.33s | horizon 40 | fallback 00 | train 7.213244e-01 | test 5.176565e-01
epoch 0376 | 107.77s | horizon 40 | fallback 00 | train 7.221704e-01 | test 5.182624e-01
epoch 0377 | 106.71s | horizon 40 | fallback 00 | train 7.347774e-01 | test 5.208001e-01
epoch 0378 | 103.25s | horizon 40 | fallback 00 | train 7.303420e-01 | test 5.254861e-01
epoch 0379 | 107.10s | horizon 40 | fallback 00 | train 7.205422e-01 | test 5.268882e-01
epoch 0380 | 106.96s | horizon 40 | fallback 00 | train 7.268033e-01 | test 5.161449e-01
epoch 0381 | 107.27s | horizon 40 | fallback 00 | train 7.260024e-01 | test 5.235829e-01
epoch 0382 | 106.53s | horizon 40 | fallback 00 | train 7.290642e-01 | test 5.178740e-01
epoch 0383 | 102.80s | horizon 40 | fallback 00 | train 7.157363e-01 | test 5.281947e-01
epoch 0384 | 102.94s | horizon 40 | fallback 00 | train 7.135405e-01 | test 5.269650e-01
epoch 0385 | 102.89s | horizon 40 | fallback 00 | train 7.140075e-01 | test 5.201360e-01
epoch 0386 | 105.42s | horizon 40 | fallback 00 | train 7.222919e-01 | test 5.211478e-01
epoch 0387 | 107.22s | horizon 40 | fallback 00 | train 7.279166e-01 | test 5.366468e-01
epoch 0388 | 107.67s | horizon 40 | fallback 00 | train 7.254736e-01 | test 5.193119e-01
epoch 0389 | 107.57s | horizon 40 | fallback 00 | train 7.199190e-01 | test 5.168989e-01
epoch 0390 | 107.20s | horizon 40 | fallback 00 | train 7.219388e-01 | test 5.199851e-01
epoch 0391 | 107.10s | horizon 40 | fallback 00 | train 7.094848e-01 | test 5.352842e-01
epoch 0392 | 107.13s | horizon 40 | fallback 00 | train 7.421843e-01 | test 5.250298e-01
epoch 0393 | 107.42s | horizon 40 | fallback 00 | train 7.220290e-01 | test 5.246104e-01
epoch 0394 | 104.63s | horizon 40 | fallback 00 | train 7.107572e-01 | test 5.333800e-01
epoch 0395 | 106.80s | horizon 40 | fallback 00 | train 7.384001e-01 | test 5.210293e-01
epoch 0396 | 106.35s | horizon 40 | fallback 00 | train 7.381629e-01 | test 5.193816e-01
epoch 0397 | 105.95s | horizon 40 | fallback 00 | train 7.170056e-01 | test 5.243940e-01
epoch 0398 | 106.78s | horizon 40 | fallback 00 | train 7.150260e-01 | test 5.385009e-01
epoch 0399 | 105.69s | horizon 40 | fallback 00 | train 7.201816e-01 | test 5.249766e-01
epoch 0400 | 106.33s | horizon 40 | fallback 00 | train 6.912307e-01 | test 5.178884e-01
epoch 0401 | 104.66s | horizon 40 | fallback 00 | train 6.940747e-01 | test 5.228847e-01
epoch 0402 | 106.93s | horizon 40 | fallback 00 | train 6.923390e-01 | test 5.170832e-01
epoch 0403 | 106.98s | horizon 40 | fallback 00 | train 6.871065e-01 | test 5.195985e-01
epoch 0404 | 107.17s | horizon 40 | fallback 00 | train 6.871685e-01 | test 5.176512e-01
epoch 0405 | 107.38s | horizon 40 | fallback 00 | train 6.818148e-01 | test 5.186158e-01
epoch 0406 | 106.52s | horizon 40 | fallback 00 | train 6.841404e-01 | test 5.161057e-01
epoch 0407 | 106.47s | horizon 40 | fallback 00 | train 6.830323e-01 | test 5.170615e-01
epoch 0408 | 106.51s | horizon 40 | fallback 00 | train 6.845973e-01 | test 5.172220e-01
epoch 0409 | 107.02s | horizon 40 | fallback 00 | train 6.859396e-01 | test 5.179465e-01
epoch 0410 | 107.23s | horizon 40 | fallback 00 | train 6.830199e-01 | test 5.179218e-01
epoch 0411 | 107.89s | horizon 40 | fallback 00 | train 6.823988e-01 | test 5.254923e-01
epoch 0412 | 104.72s | horizon 40 | fallback 00 | train 6.851769e-01 | test 5.220247e-01
epoch 0413 | 103.61s | horizon 40 | fallback 00 | train 6.806059e-01 | test 5.198735e-01
epoch 0414 | 106.93s | horizon 40 | fallback 00 | train 6.815870e-01 | test 5.281737e-01
epoch 0415 | 107.75s | horizon 40 | fallback 00 | train 6.921593e-01 | test 5.168379e-01
epoch 0416 | 106.60s | horizon 40 | fallback 00 | train 6.795091e-01 | test 5.190632e-01
epoch 0417 | 105.93s | horizon 40 | fallback 00 | train 6.786893e-01 | test 5.166359e-01
epoch 0418 | 103.59s | horizon 40 | fallback 00 | train 6.765376e-01 | test 5.168751e-01
epoch 0419 | 102.02s | horizon 40 | fallback 00 | train 6.801016e-01 | test 5.212169e-01
epoch 0420 | 101.94s | horizon 40 | fallback 00 | train 6.780100e-01 | test 5.183509e-01
epoch 0421 | 102.15s | horizon 40 | fallback 00 | train 6.814698e-01 | test 5.177888e-01
epoch 0422 | 105.66s | horizon 40 | fallback 00 | train 6.765263e-01 | test 5.188554e-01
epoch 0423 | 106.13s | horizon 40 | fallback 00 | train 6.861117e-01 | test 5.153346e-01
epoch 0424 | 103.21s | horizon 40 | fallback 00 | train 6.792598e-01 | test 5.187260e-01
epoch 0425 | 102.14s | horizon 40 | fallback 00 | train 6.805960e-01 | test 5.227128e-01
epoch 0426 | 103.38s | horizon 40 | fallback 00 | train 6.773322e-01 | test 5.195985e-01
epoch 0427 | 106.76s | horizon 40 | fallback 00 | train 6.750270e-01 | test 5.178013e-01
epoch 0428 | 104.68s | horizon 40 | fallback 00 | train 6.784540e-01 | test 5.186392e-01
epoch 0429 | 102.28s | horizon 40 | fallback 00 | train 6.831952e-01 | test 5.202096e-01
epoch 0430 | 107.25s | horizon 40 | fallback 00 | train 6.805065e-01 | test 5.168612e-01
epoch 0431 | 107.00s | horizon 40 | fallback 00 | train 6.893568e-01 | test 5.189161e-01
epoch 0432 | 106.90s | horizon 40 | fallback 00 | train 6.790134e-01 | test 5.194275e-01
epoch 0433 | 107.65s | horizon 40 | fallback 00 | train 6.760287e-01 | test 5.238602e-01
epoch 0434 | 107.76s | horizon 40 | fallback 00 | train 6.782683e-01 | test 5.179009e-01
epoch 0435 | 103.09s | horizon 40 | fallback 00 | train 6.744173e-01 | test 5.155517e-01
epoch 0436 | 102.45s | horizon 40 | fallback 00 | train 6.731798e-01 | test 5.208912e-01
epoch 0437 | 103.83s | horizon 40 | fallback 00 | train 6.703183e-01 | test 5.169697e-01
epoch 0438 | 107.15s | horizon 40 | fallback 00 | train 6.767380e-01 | test 5.188623e-01
epoch 0439 | 106.37s | horizon 40 | fallback 00 | train 6.763449e-01 | test 5.247515e-01
epoch 0440 | 106.76s | horizon 40 | fallback 00 | train 6.835807e-01 | test 5.151478e-01
epoch 0441 | 105.67s | horizon 40 | fallback 00 | train 6.783330e-01 | test 5.251539e-01
epoch 0442 | 102.19s | horizon 40 | fallback 00 | train 6.721399e-01 | test 5.167866e-01
epoch 0443 | 106.58s | horizon 40 | fallback 00 | train 6.708241e-01 | test 5.209171e-01
epoch 0444 | 106.80s | horizon 40 | fallback 00 | train 6.737251e-01 | test 5.199894e-01
epoch 0445 | 107.35s | horizon 40 | fallback 00 | train 6.781561e-01 | test 5.160810e-01
epoch 0446 | 107.54s | horizon 40 | fallback 00 | train 6.711150e-01 | test 5.240324e-01
epoch 0447 | 107.34s | horizon 40 | fallback 00 | train 6.720920e-01 | test 5.214045e-01
epoch 0448 | 107.95s | horizon 40 | fallback 00 | train 6.708100e-01 | test 5.201499e-01
epoch 0449 | 104.64s | horizon 40 | fallback 00 | train 6.698698e-01 | test 5.193245e-01
epoch 0450 | 103.16s | horizon 40 | fallback 00 | train 6.683355e-01 | test 5.197472e-01
epoch 0451 | 103.47s | horizon 40 | fallback 00 | train 6.725941e-01 | test 5.247522e-01
epoch 0452 | 104.77s | horizon 40 | fallback 00 | train 6.671792e-01 | test 5.253815e-01
epoch 0453 | 102.53s | horizon 40 | fallback 00 | train 6.777703e-01 | test 5.193384e-01
epoch 0454 | 102.85s | horizon 40 | fallback 00 | train 6.732959e-01 | test 5.190896e-01
epoch 0455 | 107.04s | horizon 40 | fallback 00 | train 6.675235e-01 | test 5.176620e-01
epoch 0456 | 105.35s | horizon 40 | fallback 00 | train 6.712163e-01 | test 5.220978e-01
epoch 0457 | 103.16s | horizon 40 | fallback 00 | train 6.706080e-01 | test 5.181396e-01
epoch 0458 | 108.24s | horizon 40 | fallback 00 | train 6.728955e-01 | test 5.180403e-01
epoch 0459 | 107.98s | horizon 40 | fallback 00 | train 6.685965e-01 | test 5.165434e-01
epoch 0460 | 106.83s | horizon 40 | fallback 00 | train 6.660113e-01 | test 5.175343e-01
epoch 0461 | 102.85s | horizon 40 | fallback 00 | train 6.798043e-01 | test 5.235819e-01
epoch 0462 | 106.57s | horizon 40 | fallback 00 | train 6.662789e-01 | test 5.183565e-01
epoch 0463 | 102.79s | horizon 40 | fallback 00 | train 6.644686e-01 | test 5.224215e-01
epoch 0464 | 106.62s | horizon 40 | fallback 00 | train 6.694025e-01 | test 5.270790e-01
epoch 0465 | 107.69s | horizon 40 | fallback 00 | train 6.651831e-01 | test 5.183893e-01
epoch 0466 | 107.28s | horizon 40 | fallback 00 | train 6.703710e-01 | test 5.205050e-01
epoch 0467 | 107.32s | horizon 40 | fallback 00 | train 6.749754e-01 | test 5.165341e-01
epoch 0468 | 107.30s | horizon 40 | fallback 00 | train 6.609642e-01 | test 5.230117e-01
epoch 0469 | 107.15s | horizon 40 | fallback 00 | train 6.683742e-01 | test 5.185372e-01
epoch 0470 | 106.87s | horizon 40 | fallback 00 | train 6.682280e-01 | test 5.184109e-01
epoch 0471 | 107.44s | horizon 40 | fallback 00 | train 6.653043e-01 | test 5.223968e-01
epoch 0472 | 106.77s | horizon 40 | fallback 00 | train 6.672834e-01 | test 5.240649e-01
epoch 0473 | 106.97s | horizon 40 | fallback 00 | train 6.645950e-01 | test 5.202078e-01
epoch 0474 | 106.98s | horizon 40 | fallback 00 | train 6.634124e-01 | test 5.161165e-01
epoch 0475 | 107.09s | horizon 40 | fallback 00 | train 6.707007e-01 | test 5.183072e-01
epoch 0476 | 106.36s | horizon 40 | fallback 00 | train 6.658565e-01 | test 5.256076e-01
epoch 0477 | 118.43s | horizon 40 | fallback 00 | train 6.698799e-01 | test 5.162710e-01
epoch 0478 | 107.85s | horizon 40 | fallback 00 | train 6.635140e-01 | test 5.175000e-01
epoch 0479 | 106.47s | horizon 40 | fallback 00 | train 6.615648e-01 | test 5.190003e-01
epoch 0480 | 106.62s | horizon 40 | fallback 00 | train 6.650565e-01 | test 5.191942e-01
epoch 0481 | 106.72s | horizon 40 | fallback 00 | train 6.631316e-01 | test 5.173917e-01
epoch 0482 | 106.28s | horizon 40 | fallback 00 | train 6.626406e-01 | test 5.221355e-01
epoch 0483 | 106.16s | horizon 40 | fallback 00 | train 6.651605e-01 | test 5.148126e-01
epoch 0484 | 106.32s | horizon 40 | fallback 00 | train 6.608529e-01 | test 5.177265e-01
epoch 0485 | 106.19s | horizon 40 | fallback 00 | train 6.662500e-01 | test 5.193824e-01
epoch 0486 | 106.41s | horizon 40 | fallback 00 | train 6.667310e-01 | test 5.223704e-01
epoch 0487 | 106.84s | horizon 40 | fallback 00 | train 6.685664e-01 | test 5.176946e-01
epoch 0488 | 107.30s | horizon 40 | fallback 00 | train 6.664952e-01 | test 5.269070e-01
epoch 0489 | 107.43s | horizon 40 | fallback 00 | train 6.602058e-01 | test 5.176593e-01
epoch 0490 | 106.87s | horizon 40 | fallback 00 | train 6.583611e-01 | test 5.179728e-01
epoch 0491 | 106.62s | horizon 40 | fallback 00 | train 6.601544e-01 | test 5.178762e-01
epoch 0492 | 106.95s | horizon 40 | fallback 00 | train 6.581621e-01 | test 5.147415e-01
epoch 0493 | 107.13s | horizon 40 | fallback 00 | train 6.629642e-01 | test 5.192813e-01
epoch 0494 | 106.81s | horizon 40 | fallback 00 | train 6.661621e-01 | test 5.172021e-01
epoch 0495 | 104.62s | horizon 40 | fallback 00 | train 6.600470e-01 | test 5.172685e-01
epoch 0496 | 105.07s | horizon 40 | fallback 00 | train 6.610626e-01 | test 5.189124e-01
epoch 0497 | 102.43s | horizon 40 | fallback 00 | train 6.598857e-01 | test 5.205068e-01
epoch 0498 | 107.11s | horizon 40 | fallback 00 | train 6.623364e-01 | test 5.226797e-01
epoch 0499 | 106.45s | horizon 40 | fallback 00 | train 6.588286e-01 | test 5.247218e-01
