nohup: ignoring input
data path: /home/lpq/Wangwanqi/PKNO_Experiments/data/navier_stokes/ns_V1e-4_N10000_T30.mat
dataset shape: (50, 64, 64, 1200)
Navier-Stokes (vis = 1e-4) custom split loaded: ntrain=1000, ntest=200
X train shape: torch.Size([1000, 64, 64, 10]) Y train shape: torch.Size([1000, 64, 64, 40])
X test shape: torch.Size([200, 64, 64, 10]) Y test shape: torch.Size([200, 64, 64, 40])
The autoencoder type is MLP.
KNO2d model is completed.
Koopman Model has been compiled!
The Model Parameters Number is  526026
Epoch Time [Train Recons MSE] [Train Pred MSE] [Eval Recons MSE] [Eval Pred MSE]
0 57.97857874400506 0.06380211208760742 2.243510353565216 0.23798510313034055 2.1175198435783384
1 55.21925366499636 0.021762918472290047 2.0240909361839297 0.24864837825298308 1.9459773242473601
2 52.52194467300433 0.026649515375494967 1.8145997059345245 0.3165886670351029 1.725390750169754
3 51.176914187002694 0.02568257986009121 1.656268026828766 0.26013670429587366 1.534749263525009
4 52.3693763850024 0.02206467735767364 1.6138814556598664 0.2579479213058949 1.563507354259491
5 52.42243633400358 0.021028925165534017 1.5198995316028594 0.23859535247087477 1.403943008184433
6 50.78613800200401 0.01935231770575047 1.3890090823173522 0.239347857683897 1.3449157059192658
7 50.89418780700362 0.017468086168169975 1.3493050390481949 0.20534464076161388 1.291216492652893
8 51.80957285899785 0.016275455981493 1.2631018549203872 0.16432919085025788 1.2700415253639221
9 50.94946823500504 0.014675865434110157 1.2792302066087722 0.15835762888193133 1.3046812117099762
10 51.24896268200246 0.014127109184861188 1.2420891833305359 0.15336866691708567 1.2508161067962646
11 51.89655085299455 0.01393868392705918 1.1647354274988175 0.15304423674941062 1.2501735031604766
12 51.382372909996775 0.013174107342958447 1.1365481024980546 0.13767002649605273 1.1661647081375122
13 50.16150648500479 0.012412947893142696 1.152778452038765 0.13898330494761466 1.1185196429491042
14 51.2737073009921 0.012348597154021264 1.136164111495018 0.13281912527978418 1.1167066991329193
15 51.67684977700992 0.011711720466613767 1.0898596489429473 0.12075239822268487 1.1282617390155791
16 51.67503518200829 0.011325582213699819 1.0844274938106537 0.11975684948265555 1.124712386727333
17 51.507269314999576 0.011083176158368586 1.0119906878471374 0.1237892842292786 1.0515847235918045
18 50.77825688199664 0.011121535114943985 0.973224305510521 0.12972344651818277 1.1029252976179122
19 52.4074570889934 0.010795294143259526 1.055891752243042 0.11936611063778402 1.1558499306440353
20 51.5782987390121 0.010710205197334288 1.0228973191976547 0.11698135867714883 1.2940209478139877
21 51.60738030000357 0.00986999320983887 1.0368748271465302 0.1236181381344795 1.019663041830063
22 50.74117880499398 0.009939011931419373 0.9563087713718414 0.1064498197287321 1.0994492053985596
23 51.10670200099412 0.00985865366458893 0.9615920388698578 0.10908212296664714 1.081973060965538
24 51.200669284997275 0.009588375076651575 0.9864381217956543 0.11033210590481757 1.10100799202919
25 52.368656485006795 0.009166369229555132 0.957169942855835 0.10189869619905947 0.993591034412384
26 53.53726902400376 0.009067200802266601 0.9255978602170944 0.10324382811784745 1.0931886285543442
27 51.140619679004885 0.008952741175889966 0.9020021098852158 0.0943361934274435 1.1140393316745758
28 56.34996593098913 0.00885735093802214 0.89091648042202 0.10212354205548764 1.074164292216301
29 51.28430339999613 0.008718302294611933 0.8837375921010971 0.09467106506228448 0.9719571590423584
30 50.002639831000124 0.008709945619106292 0.8925998336076737 0.09940098725259304 1.0049900531768798
31 52.388551599986386 0.008516641564667226 0.9133213168382645 0.09414883479475976 0.9535336792469025
32 51.050015307992 0.008306568540632726 0.846830415725708 0.08482764296233655 0.9902577430009842
33 53.10173289498198 0.008167110614478586 0.8434699743986129 0.09797466732561588 0.9724207580089569
34 51.932312190998346 0.008094918452203276 0.870183225274086 0.09099587656557559 1.0902788400650025
35 52.68254083301872 0.007827779196202757 0.8860802048444748 0.08416044682264327 1.0471020013093948
36 51.206735112995375 0.007687640145421031 0.8718271511793136 0.09117205001413822 0.9683477789163589
37 50.58429123100359 0.007769720949232578 0.8341546082496643 0.08919116549193859 0.9911190748214722
38 52.90696894400753 0.007521366015076636 0.8155676805973053 0.08656105011701584 0.9416198581457138
39 52.6575703950075 0.007625580325722688 0.7964524036645889 0.08327873729169369 0.9770023435354233
40 53.69608422901365 0.007679327111691233 0.8267467361688614 0.08894324883818625 0.9985959768295288
41 52.845682036015205 0.007635994203388691 0.8049443513154984 0.07995729610323905 1.0029186666011811
42 53.02589360400452 0.007246841270476582 0.821394070982933 0.07691005550324917 0.9737149327993393
43 52.12918642599834 0.007122717522084715 0.8119748121500016 0.07638478025794031 0.9273214310407638
44 51.61239411999122 0.007171709388494493 0.7707514452934265 0.07545269325375559 0.9624364376068115
45 51.33243899801164 0.007123378243297339 0.8501428735256195 0.07297118015587331 1.0129258275032043
46 52.02901438297704 0.006976446948945524 0.8143230926990509 0.08034067064523696 0.8856094032526016
47 54.82142564401147 0.007014156974852085 0.7566326898336411 0.0774354536086321 0.9076051265001297
48 53.406772571004694 0.007063382331281895 0.7958047050237655 0.08626801684498787 1.021578958630562
49 51.546109724004054 0.006744505245238544 0.8111080974340439 0.08188423477113246 1.0744809299707412
50 50.97969894099515 0.006669229399412871 0.8229244464635849 0.07397826775908473 0.9273073703050614
51 50.835874409007374 0.006931241665035486 0.8068765211105347 0.07768735744059084 1.0250185579061508
52 51.59732861100929 0.006743182573467494 0.7640630275011062 0.07414976455271245 0.992900151014328
53 54.22945401398465 0.0067041722759604416 0.7870007956027985 0.074231528788805 0.925600266456604
54 55.63310092699248 0.006466211766004565 0.8791817337274551 0.07678077541291714 1.0407368451356889
55 51.151086325000506 0.006698349114507437 0.7645572775602341 0.06850889634341002 0.9465583086013794
56 53.278102014999604 0.006718583740293978 0.7460911566019058 0.07711215563118458 0.9147018015384674
57 55.81667616998311 0.006573241773992773 0.7800208741426468 0.06273222241550684 1.062463214993477
58 56.069311066006776 0.0066111905723810205 0.7797167056798935 0.07637153297662735 0.9256526291370392
59 56.80042341697845 0.0066300548575818526 0.7688505226373672 0.08504683092236519 0.9674317568540574
60 56.70267855899874 0.006547341845929621 0.7526080864667892 0.07718291863799095 0.9017379105091095
61 56.245011657010764 0.006468724243342875 0.7509108078479767 0.07377692386507988 0.9406500965356827
62 66.85932096099714 0.0064692461304366585 0.7743400877714157 0.06722520336508751 0.9730491697788238
63 65.33085896100965 0.006365299131721259 0.7182802206277847 0.07222405463457107 0.9093579113483429
64 54.11130654398585 0.00617232893034816 0.765741907954216 0.06879786342382432 1.175733596086502
65 53.157066548010334 0.006441855214536188 0.7676492637395859 0.07495250649750233 1.0457417666912079
66 53.94876714699785 0.006374991573393345 0.7338464224338531 0.0734437795728445 0.923430860042572
67 53.90661974798422 0.006266875650733706 0.7312029284238816 0.06165058184415101 0.9538467347621917
68 53.984386393975 0.006534610215574506 0.7163624083995819 0.07593632906675339 0.9063592404127121
69 53.80830096799764 0.006285370919853449 0.7497942304611206 0.06867203138768672 0.9353245347738266
70 53.4583873639931 0.006218644492328166 0.7164960169792175 0.0759668369591236 0.9009527325630188
71 53.1836080920184 0.006121336430311203 0.7188851696252823 0.07011814564466476 0.8957204937934875
72 63.82628935397952 0.006141812991350887 0.7010321086645126 0.07177967265248299 0.9182534843683243
73 53.10512030299287 0.006503966752439737 0.7739627605676651 0.07078128356486559 0.9287700176239013
74 53.15790311401361 0.005978962149471044 0.7406615996360779 0.06471901595592497 0.916985809803009
75 53.431640223017894 0.006156503465026617 0.7854411482810975 0.072131035849452 0.9885886371135711
76 53.13823634097935 0.005942820392549037 0.7463723057508469 0.06558399595320226 0.9715415745973587
77 53.58734856999945 0.006176469366997481 0.7674462002515793 0.07238634876906871 0.8924303621053695
78 53.556743862020085 0.006459485821425911 0.7095842850208283 0.0645971965789795 1.063028672337532
79 53.595696781005245 0.005804579086601734 0.7779442805051804 0.0696018149331212 0.9270581275224685
80 53.28423921298236 0.006121675211936236 0.7142107999324798 0.06645942553877832 0.9516396552324295
81 53.32469972100807 0.006155345700681213 0.6901140135526657 0.0681866955384612 0.9058017253875732
82 53.71133495599497 0.006023979511111975 0.7111334449052811 0.06871791403740644 0.984011709690094
83 54.14794249701663 0.00616822051629424 0.7081867510080337 0.06751487232744695 0.898665139079094
84 62.14712372299982 0.0059980964213609675 0.6902017092704773 0.06831722162663936 0.9247495353221893
85 57.397256516997004 0.005987056072801349 0.6723657709360122 0.06439547054469585 0.8954235494136811
86 49.78480600999319 0.005966262441128492 0.6710238552093506 0.07308648250997066 0.881234809756279
87 48.79637401999207 0.006030298534780741 0.6964278441667556 0.06456957742571831 0.90595343708992
88 49.39170289499452 0.005725290652364492 0.7341448664665222 0.0678118510916829 0.920718589425087
89 49.94169859899557 0.0057766371704638005 0.7299668025970459 0.06624478232115508 0.9452875316143036
90 50.13479960200493 0.0058631078340113186 0.7778265672922134 0.07091770067811012 0.9202000826597214
91 49.46561561099952 0.005621254827827216 0.7405867332220077 0.06649449054151772 1.0663861870765685
92 49.3269681110105 0.005876062937080858 0.6878525084257125 0.06109649665653706 0.9135508507490158
93 49.30056031199638 0.00613348702713847 0.7137922012805938 0.07940266482532024 1.0420246750116349
94 50.08584678301122 0.005709173675626516 0.7333831739425659 0.0672558405995369 0.8795868128538131
95 50.38817585201468 0.005938678737729788 0.6743868243694305 0.06608221035450697 0.8731762439012527
96 48.654059449996566 0.005811518322676421 0.6577311074733734 0.05703117746859789 0.882608637213707
97 52.881491417996585 0.005773753985762594 0.6609935092926026 0.0639587027579546 0.897308811545372
98 48.815940753993345 0.005691566400229934 0.6891222935914993 0.06203428082168102 0.913609778881073
99 49.73547808997682 0.005795880630612376 0.6677134835720062 0.06813876878470182 0.9145139783620835
100 49.90075857102056 0.0057856009677052485 0.6031348100304603 0.06704795472323893 0.8008020848035813
101 75.76276440202491 0.00581762359663844 0.5649108484387397 0.06636392299085855 0.7973768174648285
102 53.5056892040011 0.0058466998673975465 0.5401952055096626 0.06650465436279773 0.793416115641594
103 49.516603254014626 0.005876417461782693 0.5257229226827621 0.06583739947527648 0.8305258572101593
104 60.85863749400596 0.00590442944690585 0.5262841445207596 0.06558858845382928 0.791456663608551
105 52.3901199529937 0.005887698799371721 0.5146273586153984 0.06638525746762754 0.8093899130821228
106 48.926179389003664 0.005855347707867622 0.513174966275692 0.06707893777638674 0.7978895455598831
107 48.417961680010194 0.0058581801578402514 0.5120253378152847 0.06419590499252081 0.8042738914489747
108 49.356352816015715 0.005859022758901116 0.5198940628767014 0.06543583400547505 0.8171775281429291
109 73.87720201499178 0.005882326301187275 0.5631041523814201 0.06371404986828566 0.8515359312295914
110 49.41900032098056 0.005560469947755335 0.5865706011652947 0.05763380214571952 0.8838216960430145
111 48.847004119015764 0.005663523681461812 0.5713418292999267 0.06450635846704245 0.8114421933889389
112 61.07148350897478 0.005559147696942089 0.5330236664414406 0.06531138554215431 0.8219946265220642
113 48.56459501199424 0.005663511462509632 0.5171090465784073 0.06324402932077647 0.7858454495668411
114 58.31193211799837 0.0056728237606585045 0.5225462648272514 0.060762314237654214 0.8479665338993072
115 66.55318485398311 0.005621209375560282 0.547690441608429 0.0633168639242649 0.8494935363531113
116 48.94264966901392 0.005611538741737603 0.5204769530892372 0.06748683374375106 0.8169001668691636
117 49.55154035499436 0.005551039267331362 0.5182342037558556 0.06358187332749367 0.7778749316930771
118 92.08752451601322 0.005546915635466576 0.5302756735682488 0.06601282987743616 0.8208155274391175
119 73.20026764000067 0.005631931241601705 0.5545579865574837 0.06222402174025774 0.839178055524826
120 50.655538017017534 0.005495417840778826 0.5339869913458825 0.060607667937874796 0.8504555583000183
121 49.58772798802238 0.0053889978751540165 0.5293225598335266 0.06062210813164711 0.8092658430337906
122 63.339312470983714 0.0053825840577483176 0.5230206564068794 0.06038564018905164 0.826112911105156
123 49.202230267983396 0.005415471952408554 0.5050191181898117 0.060635737404227265 0.781629228591919
124 63.57048215600662 0.005330619443207979 0.5160746991634368 0.05948545377701521 0.8136121243238449
125 60.84276426502038 0.0055661344863474375 0.5199345764517784 0.058288395963609206 0.8405068099498749
126 48.00873262001551 0.00556760354340077 0.5450900754332543 0.05787417352199555 0.8786919623613357
127 49.278196662984556 0.0055594586171209825 0.6057936203479767 0.058394880183041085 0.8816145479679107
128 49.10726653499296 0.005162541791796685 0.5710242956876754 0.0581654965132475 0.7971075236797333
129 67.75381736501004 0.005237055741250515 0.511393358707428 0.06206500824540854 0.8115271329879761
130 55.23184642699198 0.005332332208752634 0.5032603052258492 0.060131923221051695 0.7921028822660446
131 48.94102709501749 0.005312088094651698 0.48675663232803346 0.05952868189662695 0.7620375335216523
132 57.38015860499581 0.005307349551469087 0.4836911171674728 0.05929880224168301 0.7856034904718399
133 51.68788223899901 0.00528597891330719 0.4801007741689682 0.0579556955397129 0.7778172463178634
134 48.6466113460192 0.005405641425400974 0.5047321903705597 0.058887325301766394 0.7995607018470764
135 47.19779854401713 0.005186935365200044 0.5307096123695374 0.058400095365941526 0.9105982571840286
136 48.89181521200226 0.005145838983356954 0.546118812263012 0.05752990748733282 0.8523246824741364
137 50.29529226201703 0.005237568970769642 0.5245953911542892 0.056695783697068694 0.8089685887098312
138 48.73078365100082 0.005199584688991309 0.5132044398784638 0.06068058308213949 0.8207028359174728
139 47.26445923699066 0.005043262377381324 0.513589828312397 0.05815838679671287 0.7787765860557556
140 62.745248289982555 0.0052288338094949715 0.48544290065765383 0.0591819241270423 0.8041678488254547
141 50.31805181200616 0.005279619928449391 0.4847552907466888 0.05960787661373614 0.7815701067447662
142 48.91631101601524 0.005171890616416932 0.4674671185016632 0.05762263655662536 0.789235281944275
143 63.30888746099663 0.005205110758543015 0.4867949852347374 0.06075208961963654 0.7909358471632004
144 49.195903718995396 0.0051537367738783355 0.4762344041466713 0.05959758028388022 0.7965334475040435
145 47.62986525497399 0.005090440437197685 0.52657246530056 0.06102084383368491 0.8884141445159912
146 56.159807902004104 0.005284553676843642 0.5345411157608032 0.06050393041223288 0.8935244888067245
147 55.252862597000785 0.005002324417233467 0.5246483060717583 0.05619256358593703 0.8503573685884476
148 48.956188627984375 0.004948049914091824 0.5290260058641434 0.05655551210045814 0.7888944715261459
149 61.718384776992025 0.005081042781472207 0.47845734626054764 0.05570266280323266 0.7692293494939804
150 50.204994991014246 0.0051236950419843216 0.4740889197587967 0.05655860666185618 0.7825741410255432
151 50.67410929701873 0.00503349720686674 0.47930649161338806 0.05480773337185384 0.7888527035713195
152 59.31855087800068 0.004969775859266521 0.5024392613768578 0.05821490295231342 0.8310623228549957
153 49.973598854994634 0.005029437929391862 0.5074209222197532 0.05702031467109919 0.7820586413145065
154 49.71328861499205 0.004956872824579478 0.496966025531292 0.05421865537762642 0.8152807712554931
155 60.046979186008684 0.004958107788115737 0.4807586222887039 0.05855017658323051 0.792656421661377
156 47.33416493202094 0.004959116481244566 0.4752346289157867 0.05330591391772031 0.7989741832017898
157 52.80540976100019 0.004956614434719087 0.48224637657403946 0.05580804150551557 0.7867326229810715
158 56.368352400982985 0.004940822336822747 0.4799596655368805 0.056963689215481284 0.772151243686676
159 48.3858972019807 0.00493521258980036 0.4705382898449898 0.05733823999762535 0.7909879744052887
160 48.41071471301257 0.0048992781788110736 0.5172548767924309 0.05266878344118594 0.8281023114919662
161 48.592464474000735 0.004870973549783228 0.5026434144377708 0.05512586459517478 0.793413844704628
162 59.404865141026676 0.0049573761373758315 0.4872657489776611 0.05757361728698016 0.8087646991014481
163 52.5420772729849 0.0050493449270725245 0.4863359412550926 0.060971105583012095 0.7984868437051773
164 47.95147124302457 0.0050201237015426135 0.4940456745028496 0.05658187672495844 0.7975755840539932
165 49.84927047000383 0.005035454291850331 0.49051605552434924 0.06466657277196645 0.8102512240409852
166 61.521089160989504 0.004933541636914016 0.4935573413968086 0.05482308190315962 0.7880702465772629
167 48.233506588992896 0.004857817493379117 0.4610880434513092 0.057171568721532826 0.7669287532567978
168 48.38233031000709 0.004949917934834956 0.4586135956645012 0.05599686000496148 0.8397740125656128
169 48.38352229897282 0.0048932616449892516 0.4706415233016014 0.053035619445145135 0.8416094094514847
170 47.725854939984856 0.004807768288999795 0.49868727862834933 0.0537072465568781 0.7864332407712936
171 48.78134844501619 0.0048481860421597965 0.47520983666181565 0.05337217468768359 0.7735929846763611
172 47.80733809401863 0.004852338060736655 0.4549685582518578 0.05657497551292181 0.7662407338619233
173 48.820625625987304 0.0047857633866369735 0.47174411445856096 0.051942238211631776 0.7822306782007218
174 54.37472720898222 0.004969132810831071 0.582396302819252 0.057105219550430776 0.7904406577348709
175 50.59412643901305 0.0048393640071153635 0.5128176447749138 0.0530005544051528 0.881519028544426
176 49.61677404498914 0.004725763030350208 0.5064683136343956 0.055089487843215455 0.7758456200361252
177 48.90282245000708 0.004796231240034103 0.4585381606221199 0.05541573695838451 0.772811284661293
178 50.89641789300367 0.004843824610114097 0.45422036945819855 0.05728420473635197 0.7806173920631408
179 49.28264512299211 0.00480201181024313 0.44783544570207595 0.05804504144936801 0.7956575363874435
180 65.9253611949971 0.004769559625536202 0.44519837528467177 0.05532365817576647 0.765835377573967
181 55.7707197899872 0.0049007155112922186 0.45853012770414353 0.05756701450794936 0.8118286043405533
182 50.61314256701735 0.004794606447219848 0.48195970892906187 0.05186284642666579 0.7805707663297653
183 50.00710622500628 0.004747699204832315 0.5016526737809182 0.053990381248295305 0.8571672886610031
184 51.17902906797826 0.00476096723228693 0.479453906416893 0.05334982715547084 0.7882233649492264
185 50.69931794900913 0.004734311163425446 0.469953191280365 0.05581593304872513 0.8011211186647416
186 49.88040177698713 0.00481101343035698 0.45621537417173386 0.05410255432128906 0.7591794282197952
187 50.09561166900676 0.004755794357508424 0.4535682800412178 0.056567490473389624 0.7792425453662872
188 50.39415639199433 0.0048095530122518534 0.46174850821495056 0.07443767659366131 0.8191221266984939
189 51.075387700024294 0.004765650011599064 0.5217360517382622 0.054865294694900514 0.81097991168499
190 51.08149555299315 0.004616040337830781 0.5000236517190934 0.05201993234455584 0.7820166677236557
191 50.43162174298777 0.004802423007786276 0.45866604775190356 0.055508783198893075 0.8059135526418686
192 51.56642795301741 0.004765261627733708 0.44857662320137026 0.05220363061875105 0.7833130419254303
193 50.83634117801557 0.004691805295646192 0.44827924549579623 0.0522180013358593 0.7815947711467743
194 49.98157240400906 0.004721042774617671 0.4796259227395058 0.05082582607865334 0.8182392001152039
195 51.113956485991366 0.004611049216240646 0.459626025557518 0.05142910331487656 0.7799019038677215
196 72.8943175089953 0.004651646211743355 0.4440704122185707 0.0534603313356638 0.7956428319215775
197 66.98184855698491 0.004676430996507405 0.43467883706092836 0.05327368903905153 0.7658063024282455
198 50.17075154700433 0.004757002912461758 0.4676559466123581 0.051165983192622666 0.82601178586483
199 51.68279789399821 0.004655180141329765 0.4854202026128769 0.05115682713687421 0.8021006971597672
200 51.80529069699696 0.004644476633518935 0.438364474773407 0.053599302209913734 0.7619623899459839
201 49.59550348299672 0.004663240697234869 0.4055126851797104 0.052747223004698765 0.7329176753759384
202 49.71831642600591 0.004712414972484112 0.3955420970916748 0.054068094342947015 0.7331838041543961
203 50.32187637698371 0.004721832599490879 0.3914155665040016 0.05437161173671483 0.7395417183637619
204 49.754205008008284 0.004738382354378701 0.3868154361844063 0.05414276391267777 0.7386730432510376
205 49.70857293199515 0.004749206382781267 0.38449965506792066 0.053641637042164805 0.7411992073059082
206 50.460675803013146 0.00475429905578494 0.3835651159286499 0.05367864660918713 0.7381269127130509
207 50.133814243017696 0.004752011988312006 0.3816293627023697 0.054920857027173045 0.7351338595151902
208 49.99861643998884 0.004737319741398096 0.381584577858448 0.054997731111943726 0.7314582318067551
209 49.43179942597635 0.00477707402408123 0.38284179121255874 0.053760660067200663 0.7540327876806259
210 49.9791370210005 0.0047207147218287 0.390313800573349 0.054808650650084015 0.7435996204614639
211 50.80375218001427 0.004635535676032305 0.40790975898504256 0.05158980488777161 0.7389304369688035
212 50.21356936599477 0.004650243200361729 0.39721653699874876 0.053448088131845 0.7497094988822937
213 52.98088421797729 0.004679060999304056 0.3918091335892677 0.05220004692673683 0.739620766043663
214 49.88048343601986 0.004622549310326576 0.3915075331926346 0.05269201930612325 0.7544349163770676
215 50.83270026399987 0.0046612492240965375 0.40007423877716064 0.05272364810109139 0.7676931917667389
216 50.40591414098162 0.004640318036079405 0.3868594118952751 0.05442267395555972 0.7515041649341583
217 50.65919009002391 0.004616541098803282 0.38585699945688245 0.05319371435791255 0.734293183684349
218 50.13365924500977 0.004644075453281402 0.3867812740802765 0.05314730755984783 0.7551122039556504
219 49.69351541099604 0.004598031494766475 0.40190662562847135 0.05418848689645529 0.7417957723140717
220 50.48792243900243 0.004588863007724287 0.39535365492105484 0.052774696908891194 0.7592392832040786
221 49.981440777977696 0.004582916136831047 0.391133759021759 0.05326869018375874 0.7515588968992233
222 51.58260356399114 0.004592502661049367 0.387325826883316 0.05224573731422425 0.7616140484809876
223 50.34819813500508 0.004611428357660771 0.3801554551720619 0.05260118756443262 0.7342597216367721
224 51.1853788740118 0.00457304770871997 0.3758388522267342 0.052230834290385254 0.7531530588865281
225 50.54785751900636 0.0045071542859077465 0.421508295238018 0.04662412088364363 0.7737068206071853
226 50.984352895990014 0.004620173100382088 0.43382309705018995 0.05156566828489303 0.7288765460252762
227 51.18290938998689 0.004475431613624097 0.41594822108745577 0.05156969808042048 0.7528642624616623
228 50.57364829699509 0.004475358821451664 0.3918162524700165 0.05067024260759354 0.7266873568296432
229 51.17349388397997 0.004524058055132627 0.3731743076443672 0.05249315589666367 0.7301500409841537
230 51.19201056199381 0.00454898353666067 0.36915237486362457 0.0532221170887351 0.7508692890405655
231 50.918670554005075 0.004536668088287114 0.3693042916059494 0.05131564777344466 0.7421799018979073
232 49.32978304900462 0.004552601650357247 0.3705454549193382 0.05070744149386882 0.7599369198083877
233 50.03314943300211 0.004523743003606797 0.3770073053240776 0.05238025955855846 0.7299007564783097
234 51.10782234201906 0.004508673682808877 0.38291372030973436 0.05529341671615838 0.73547842502594
235 50.70254218301852 0.004482000935822727 0.4146531730890274 0.051534375697374346 0.750016576051712
236 50.61391946702497 0.004429912056773901 0.40426904529333113 0.051232787817716605 0.7433395087718964
237 49.5628061319876 0.004435776118189097 0.37565952986478807 0.05152915909886361 0.7402006983757019
238 50.02532705201884 0.004508662842214107 0.36933796435594557 0.05460372049361467 0.7272730082273483
239 50.2738828920119 0.00451081283763051 0.3729387438297272 0.05079552810639143 0.7404301285743713
240 50.87657797799329 0.0044564049020409564 0.375274033844471 0.049630712158977984 0.7579894244670868
241 50.40986479399726 0.004423869840800759 0.387514663040638 0.04949831005185843 0.7189369171857833
242 50.33985415901407 0.004420288342982528 0.3772620588541031 0.05109046328812837 0.7537386238574981
243 50.87114160900819 0.004409684080630541 0.3951853197813034 0.0501013022661209 0.7867018759250641
244 51.53546228801133 0.004378569912165402 0.4084126606583595 0.04949557222425937 0.7507043838500976
245 50.29495275201043 0.004413941029459238 0.3934111401438713 0.05005343683063984 0.726751646399498
246 51.51516761200037 0.004424791391938924 0.3725480017066002 0.05169577289372683 0.7406775295734406
247 50.387976906989934 0.004429105319082737 0.37129618793725966 0.050564916357398036 0.7349562525749207
248 49.24606727500213 0.004447421818971636 0.3714860290288925 0.05106244292110205 0.7476180732250214
249 52.65080011499231 0.004410457111895086 0.3829232320189476 0.05160239022225142 0.7559405714273453
250 50.5120273460052 0.004381166972219945 0.37866416573524475 0.04921850588172675 0.7255590036511421
251 50.456017104006605 0.0044213568232953524 0.3889543417096138 0.04937441140413284 0.7296447992324829
252 52.12017467498663 0.004379722569137811 0.37353792250156403 0.05107889175415039 0.731943653523922
253 50.93669146997854 0.004374937616288662 0.36478202164173124 0.05181511003524064 0.7549956202507019
254 51.246410382998874 0.004418713398277759 0.36289703398942946 0.04947380736470223 0.7339346915483475
255 51.40091272199061 0.0044109681621193894 0.36686190992593765 0.04963350549340249 0.7388429820537568
256 50.66209453099873 0.004360297769308091 0.3792602303624153 0.05052641674876214 0.7590156763792038
257 50.98043901298661 0.004367427714169024 0.3861067619919777 0.052936657369136816 0.7548173055052757
258 51.04560924798716 0.004325428023934363 0.37478839546442033 0.05004413895308971 0.7247593402862549
259 50.52095000099507 0.0043465194813907156 0.38135608196258547 0.05002196487039327 0.7877756282687187
260 50.04462220901041 0.004358437452465295 0.3823628470301628 0.05096197381615638 0.7423499241471291
261 50.65055901699816 0.004318663645535709 0.3686233192682266 0.05075053226202726 0.7360912531614303
262 49.79248150499188 0.004377494048327208 0.3722657558321953 0.04782627332955599 0.7430112302303314
263 50.117343078018166 0.004339442312717437 0.3641225007176399 0.05103755109012127 0.7320673570036889
264 50.65358295902843 0.004326264433562755 0.3693011072278023 0.04963035725057126 0.7622993931174278
265 50.90384935299517 0.004362980291247369 0.36755567610263823 0.04824516523629428 0.734104861319065
266 50.98389992999728 0.004316346563398835 0.361679869890213 0.04998642157763243 0.7463733449578285
267 50.966938551020576 0.004307261824607848 0.3673346570134163 0.04708848930895328 0.7629017740488052
268 51.218486908008344 0.004294742707163095 0.37730352878570556 0.04734450723975897 0.7480745553970337
269 52.28536583398818 0.004265417806804181 0.397335399389267 0.047924797013401986 0.7678642511367798
270 50.99006063400884 0.004273340169340373 0.37850304365158083 0.048949436023831366 0.7547543838620185
271 49.955388976988615 0.004284731034189462 0.3642299044132233 0.04781983092427254 0.7286296665668488
272 50.46190301299794 0.0042790989615023155 0.3666675743460655 0.04872610166668893 0.7310856521129608
273 50.28301479999209 0.004278336156159638 0.3603323447704315 0.048801998756825934 0.7208508864045143
274 50.99681943899486 0.004293870080262423 0.35550832867622373 0.049383688718080514 0.745892459154129
275 51.68547914898954 0.004245754245668648 0.36199340879917147 0.049534460008144376 0.7322789341211319
276 50.627508625009796 0.004297898404300212 0.3873983699083328 0.052547413110733035 0.7937348246574402
277 51.01071802500519 0.004186319846659899 0.4602621728181839 0.047418720200657835 0.7404468953609467
278 50.95208080500015 0.00420902092754841 0.3904468259215355 0.04841434936970472 0.7365756869316101
279 50.45504542099661 0.004200002904981377 0.3671119463443756 0.048316782265901574 0.7277535006403923
280 50.38091197799076 0.004254346162080765 0.35544473499059676 0.047291546501219264 0.7160491526126862
281 52.52638423402095 0.004282366719096899 0.34880725383758543 0.04937165431678295 0.7199748694896698
282 51.05066916698706 0.004255978796631098 0.35189704269170763 0.04830726437270641 0.7269924685359002
283 50.286728353996295 0.004253532189875841 0.3522247099876404 0.04833971433341504 0.734561824798584
284 51.803726160986116 0.004275178123265506 0.364589122235775 0.04764405086636544 0.7529573559761047
285 51.41087458698894 0.004239612463861703 0.3594010058045387 0.04654604934155941 0.7413804709911347
286 51.02081856899895 0.004189525738358499 0.37549727618694306 0.047795352488756174 0.7503264978528023
287 53.98818349200883 0.004217682547867299 0.372677925825119 0.04817456219345331 0.7381997391581535
288 51.914440719992854 0.004210009362548588 0.3614000451564789 0.04810259573161602 0.7491218239068985
289 50.192812965018675 0.0042060065940022475 0.38717836409807205 0.0469784939289093 0.7318042844533921
290 49.392382465011906 0.004141849186271428 0.39689959585666656 0.04874105196446181 0.7753045320510864
291 50.82317141897511 0.0041839502565562715 0.3734338554739952 0.046434791423380375 0.7466001123189926
292 51.28983813500963 0.0041834597438573816 0.35393808960914613 0.0468837520852685 0.7269331842660904
293 50.5986989029916 0.004220036871731283 0.3503458616137505 0.05042787745594979 0.7103737309575081
294 50.57238154800143 0.004230365604162217 0.3516917192935944 0.0458942799642682 0.7161152601242066
295 49.99429648599471 0.00423498997092247 0.34823268949985503 0.05048099350184202 0.7130600109696388
296 50.24170325600426 0.0041626283489167686 0.3713630938529968 0.046545016057789323 0.7574023738503456
297 51.1336876739806 0.0041986630856990816 0.36862473607063295 0.047989209853112696 0.7377378016710281
298 50.031177130003925 0.004177499167621135 0.38392341762781146 0.04797653682529927 0.7990288376808167
299 50.916083115997026 0.004141479264944793 0.39863721817731856 0.047721132077276705 0.7592071279883384
300 51.43989550200058 0.004161806087940929 0.3550585362315178 0.04764772858470679 0.724711062014103
301 50.39413759598392 0.0041562336347997185 0.34076800018548964 0.04835864063352346 0.7186709195375443
302 50.29964652002673 0.004185143977403641 0.33605908781290056 0.04791022770106792 0.717954920232296
303 51.40592558198841 0.004193101290613412 0.33304687947034833 0.047086744941771036 0.72023656219244
304 51.37044301300193 0.004203847937285901 0.33122071117162705 0.047889278419315826 0.7110191643238067
305 50.5129689220048 0.004214252896606923 0.32956550747156144 0.048228824846446514 0.7090223491191864
306 51.348618048999924 0.004225771252065898 0.3283372724056244 0.04802930977195502 0.7114592760801315
307 50.89758045799681 0.004224596306681633 0.32778290927410125 0.04799400452524423 0.7144654870033265
308 51.220185281999875 0.004221522223204372 0.32661772578954695 0.04759182132780551 0.7101552426815033
309 50.57354657200631 0.004233742848038673 0.3259410387277603 0.04955558922141791 0.7095857098698616
310 50.543854725023266 0.004229374423623086 0.32784063696861265 0.04730195194482804 0.7285545632243157
311 50.964071241003694 0.004241775762289761 0.33131114810705187 0.04853036619722843 0.729052622616291
312 51.5641088699922 0.004204321451485157 0.3348163414001465 0.048707027174532416 0.7250462397933006
313 51.65037268100423 0.004219231307506562 0.3320207586884499 0.047927251011133196 0.7147617161273956
314 51.153189044009196 0.004204783450812102 0.3294657361507416 0.04720878928899765 0.7083439484238625
315 51.11047199397581 0.004198483373969794 0.33009347826242447 0.04711148034781218 0.715030561387539
316 51.34737443499034 0.0041821289099752915 0.33260752737522126 0.04810691032558679 0.7284743294119835
317 51.158846045000246 0.0042072593010962014 0.3313943657279015 0.048081358149647715 0.7131079956889153
318 52.18517651699949 0.0041885161064565204 0.33138298481702805 0.04824207179248333 0.730346167087555
319 49.72709182600374 0.004199937816709279 0.3331364798545837 0.0477717163413763 0.7121638104319572
320 51.26857558899792 0.0041646925061941155 0.3331964430212975 0.048287276029586795 0.7118363156914711
321 50.04945780601702 0.004160962313413621 0.34239080399274824 0.049009215608239176 0.7228468284010887
322 50.53461467497982 0.004141284663230179 0.33726309180259706 0.047246170975267884 0.729232981801033
323 51.708578060002765 0.0041399411410093295 0.3493145298957825 0.04728447843343019 0.7339032396674157
324 50.46410672401544 0.004135637650266291 0.33682758152484893 0.04735838416963816 0.7206957697868347
325 51.04479295699275 0.004157954707741737 0.3270083510875702 0.04853847980499268 0.7055514082312584
326 49.875100431992905 0.004128990642726423 0.32857672780752184 0.04905406314879656 0.7098372384905816
327 51.01533746000496 0.0041406194828450685 0.32651121377944947 0.047379493899643424 0.7151394814252854
328 49.990129457000876 0.004148959197103976 0.32563326954841615 0.04858330208808183 0.7134360179305077
329 50.13630181600456 0.004134848441928625 0.326066133081913 0.046513003967702395 0.7172326579689979
330 52.54316622400074 0.004155603565275668 0.3236654987931252 0.047606324180960655 0.7173734739422798
331 51.145682433998445 0.0041480996068567035 0.3231058791279793 0.04736851613968611 0.7176911175251007
332 50.542304919013986 0.004133994441479446 0.32272604674100874 0.04811534076929092 0.712891535460949
333 50.63397152200923 0.00416104482114315 0.3225735902786255 0.047102332003414626 0.7082784473896027
334 51.07689900699188 0.004131753161549567 0.3269669845700264 0.048028623238205906 0.7298694133758545
335 50.259586396976374 0.0041223385185003274 0.32613111585378646 0.04795130118727685 0.7259324714541435
336 50.23196081398055 0.00411639953032136 0.32787412256002424 0.047758776806294916 0.7066961467266083
337 51.328001481015235 0.004128822017461061 0.3381626212596893 0.04655262980610132 0.7294908940792084
338 51.28045814399957 0.0040757107362151155 0.3466225269436836 0.04627906914800405 0.7096095755696297
339 49.81520853299298 0.0040918454229831695 0.3295404464006424 0.04734747253358364 0.7043932348489761
340 51.82351797699812 0.004086758106946947 0.32199582576751706 0.0463423802703619 0.706250949203968
341 51.26290682700346 0.004103944506496191 0.32083194971084594 0.047235558219254015 0.7156603738665581
342 50.97165405101259 0.004100820448249577 0.3218180191516876 0.04609757620841265 0.7081606447696686
343 51.69350657198811 0.00409155199304223 0.322840279340744 0.045959833525121216 0.7145648449659348
344 50.57431276599527 0.004080128863453864 0.32533618330955505 0.045673140026628964 0.7098344579339028
345 51.35902776400326 0.004083317652344703 0.32716294527053835 0.04668421860784293 0.7236011952161789
346 51.80373221100308 0.004093644572421906 0.32692757070064543 0.046990950368344796 0.7188903450965881
347 50.92922291398281 0.004051711823791264 0.3266679781675339 0.04694011244922876 0.7152365535497666
348 49.46866034800769 0.004061944868415596 0.33037639677524566 0.04605803478509188 0.7245590224862098
349 50.88062538197846 0.004037045750766992 0.33547271728515626 0.046095798499882226 0.715263643860817
350 49.45267045899527 0.004045176200568675 0.32950484335422514 0.0459602440521121 0.7214396387338639
351 50.10805383900879 0.004055239683017134 0.3223892652988434 0.04650849647819995 0.7033763155341148
352 50.89380410098238 0.004070000082254411 0.3174057397246361 0.04645417280495166 0.7111353129148483
353 50.53265118499985 0.004062386291101577 0.31570668041706085 0.04692176789045334 0.7033128291368484
354 52.229140186012955 0.004073796603828667 0.31613482475280763 0.0458706072717905 0.7111143603920936
355 50.34480262501165 0.00406558908522129 0.32196098983287813 0.047039804682135575 0.7355229288339615
356 50.11788464800338 0.004066735364496707 0.32403474420309064 0.045513371825218196 0.7190438359975815
357 50.87724497099407 0.004046411763876678 0.3251936414837837 0.045145799480378626 0.7082046687602996
358 51.07835819298634 0.004037644898518921 0.32903959810733796 0.046774072647094725 0.732883808016777
359 51.5790629539988 0.004024389136582613 0.32482726365327835 0.045345174856483934 0.7048350170254707
360 50.7289515180164 0.00403561688773334 0.3250284689664841 0.04677819784730673 0.7179846867918969
361 50.93449076398974 0.004039302751421929 0.32040538638830185 0.046480369530618196 0.7113003000617028
362 50.30978122999659 0.0040392051637172695 0.3182137343287468 0.045621696226298816 0.7024959430098534
363 49.33654139802093 0.004029166210442784 0.3152719449996948 0.046419865973293784 0.7043168336153031
364 50.059981600003084 0.004048539832234383 0.3157562452554703 0.045518232509493835 0.711642661690712
365 49.890706802980276 0.004046380214393138 0.316919142305851 0.0476402584463358 0.733756598830223
366 50.087050724978326 0.003992871915921568 0.34157363802194596 0.045042922534048555 0.7145095899701118
367 50.218860403983854 0.003985441351309418 0.33252945452928545 0.044545051567256445 0.7223643109202385
368 49.924914845003514 0.003998407894745467 0.3286783593893051 0.04515920743346215 0.7065447345376015
369 50.91900446198997 0.003989244356751442 0.31875353574752807 0.0454962694644928 0.70470812022686
370 50.117786763003096 0.004022678866982459 0.31697958618402483 0.045802369974553586 0.7065879091620445
371 49.7178307500144 0.003988493762910365 0.31452684074640275 0.045892022438347335 0.7012729823589325
372 49.91135304199997 0.0040256863161921485 0.31735958069562914 0.045655305422842504 0.7070160523056984
373 50.32681838099961 0.0040062245689332495 0.316899910569191 0.0451266548037529 0.7360538423061371
374 49.81871667798259 0.003959643293172122 0.32621904104948046 0.045360818617045884 0.6935201302170754
375 50.013970193016576 0.0040020191669464114 0.317942912876606 0.04620010666549206 0.7033483698964119
376 53.735644628992304 0.003978868676349522 0.3232840460538864 0.04615261200815439 0.7213985547423363
377 50.121649654000066 0.004008535917848349 0.3495948934555054 0.04580557204782963 0.735624298453331
378 49.735272720019566 0.0038953730892390026 0.3407410174608231 0.045420871451497084 0.7152773156762123
379 51.211694432015065 0.003960430335253475 0.32066331773996354 0.045647881440818314 0.6970622569322587
380 50.602816133003216 0.003965704515576363 0.3141184777021408 0.04624237556010485 0.6942520499229431
381 51.418828274006955 0.00398963948339224 0.31048019230365753 0.046063318811357015 0.7012997701764107
382 52.10143044099095 0.00397906146943569 0.30919463843107226 0.04574152074754238 0.6950676336884498
383 49.90855281599215 0.003985614307224751 0.3088062414526939 0.04592922154814005 0.696755550801754
384 50.5752014790196 0.0039860747605562205 0.3090032574534416 0.045250289253890505 0.7036961778998375
385 49.96738267200999 0.003979409642517567 0.30917948782444 0.04582046445459128 0.6975244328379631
386 51.04781671598903 0.0039848705083131795 0.3169880735874176 0.04448382429778576 0.7453499913215638
387 49.879595739010256 0.003958781536668539 0.32691740453243257 0.04721362888813019 0.7112459018826485
388 50.375313411001116 0.0038944425620138657 0.3385947969555855 0.04468481913208961 0.722850851714611
389 50.89341401401907 0.003932815153151751 0.3323910915851593 0.04441575020551682 0.7220589488744735
390 50.837023589992896 0.003928374029695985 0.3330440178513527 0.044194888249039645 0.7121229410171509
391 53.12145469200914 0.003935608569532634 0.31919329762458803 0.04493234429508448 0.7114883631467819
392 50.8757565789856 0.003946923099458218 0.3108446076512337 0.04485616773366928 0.7062699064612389
393 50.17925494798692 0.003945006549358369 0.3081440368294716 0.044825601391494274 0.7088689833879471
394 50.0719819359947 0.003965174023061992 0.3070093858242035 0.046324107497930526 0.6977668210864068
395 50.03586408199044 0.003953374909237027 0.30688381612300875 0.045976600833237166 0.699174490571022
396 50.58760834901477 0.003968341194093228 0.30662371635437013 0.045667127035558225 0.6924845740199089
397 49.95604998798808 0.003967651611194015 0.3070960733294487 0.0454315285384655 0.7018958061933518
398 50.716126330022234 0.003955983724445104 0.3581515747308731 0.04369588896632194 0.7446616232395172
399 50.198808548011584 0.00384951803833246 0.35508866488933566 0.044433142095804214 0.7225429758429527
400 49.955535805027466 0.0038889345005154604 0.32126795649528506 0.04459700591862202 0.7121542200446129
401 49.712071408022894 0.003903244659304617 0.3100118741393089 0.04504625890403986 0.69587741792202
402 51.028362648998154 0.003911946063861252 0.3063069793581963 0.04508092060685158 0.6914786875247956
403 50.40123080700869 0.003932908603921533 0.3042879441380501 0.04497755102813244 0.6956470414996148
404 50.67886871699011 0.003930961403995754 0.3031242880225182 0.04474110808223485 0.6909972429275513
405 49.9664520760125 0.003943744519725441 0.3020400995016098 0.045391405485570434 0.6973336055874825
406 50.28996780599118 0.00394719967059791 0.3013255932927132 0.04513350702822208 0.6962462335824966
407 50.209662155015394 0.003940720479935409 0.30085045099258423 0.04499446097761392 0.6943929627537727
408 51.27559352599201 0.003955482453107834 0.30019759595394135 0.0455011835694313 0.6954318761825562
409 51.38146599999163 0.003957080746069552 0.29978739842772484 0.04603137798607349 0.6962786808609962
410 49.02778550700168 0.003958694087341427 0.29940041691064834 0.04589972648769618 0.6957677662372589
411 51.8527721260034 0.00394775428622961 0.2990664520859718 0.04589202675968408 0.6970761552453041
412 50.798336764011765 0.003960484977811576 0.29918316334486006 0.04505695376545191 0.6957094803452492
413 51.7274962090014 0.0039561083577573306 0.2992245048284531 0.04565006639808416 0.6959813162684441
414 51.30628604098456 0.0039535262733697875 0.2983278623223305 0.044979252219200135 0.69567591547966
415 50.709513832000084 0.003951591115444897 0.29860621124506 0.04566741678863764 0.69481291025877
416 50.34205460801604 0.0039530158918350934 0.29889413684606553 0.04618175756186248 0.6965300038456916
417 50.58862347897957 0.003954364186152816 0.30405451357364655 0.045513976328074926 0.6958148092031479
418 51.32902607199503 0.003927331130951641 0.3087056240439415 0.04392740942537785 0.7126424014568329
419 50.64467672602041 0.003918454283848407 0.3103069224953651 0.044031425602734084 0.6986987590789795
420 50.68445393498405 0.003932016666978597 0.30457029908895494 0.045520908571779733 0.6951514646410942
421 51.01010891399346 0.003930844880640507 0.3000509226322174 0.04451777800917625 0.6934247955679893
422 50.937120268004946 0.003937580613419414 0.29843280017375945 0.04559992369264364 0.687347961962223
423 51.57369629800087 0.003933216633275151 0.2984384673833847 0.04498600050806999 0.6881744205951691
424 49.24437541197403 0.003934023799374701 0.2980829158425331 0.04556458204984665 0.6930513486266137
425 49.91737982199993 0.003933964502066374 0.2986934608221054 0.04502391312271356 0.6871912688016891
426 50.53552234600647 0.003933060910552737 0.29795866906642915 0.04467266213148832 0.693260133266449
427 49.840806980006164 0.003931549634784459 0.2978409567475319 0.045532693415880204 0.6930218413472176
428 49.1322027159913 0.003924110552296044 0.2973178765177727 0.04526203423738479 0.6960464417934418
429 50.79860421601916 0.003931019330397248 0.30102699384093284 0.04538538664579391 0.6915534600615502
430 51.411424960999284 0.003919647300615907 0.3000929009914398 0.04581779859960079 0.7036320000886918
431 49.60155553498771 0.003911027899011969 0.30180376321077346 0.04452608950436115 0.6959950491786003
432 50.58777459900011 0.003918336227536201 0.30064552515745163 0.04601411707699299 0.7019330009818077
433 51.119627040985506 0.003907148752361536 0.3013220191001892 0.04347463920712471 0.6871162116527557
434 51.334688094008015 0.0039025788698345437 0.2991739150881767 0.044932335279881955 0.6865859314799309
435 50.81513577001169 0.003912270108237861 0.29670791923999784 0.044846348613500585 0.6914506405591965
436 49.559142915997654 0.003908499957993626 0.2971485993266106 0.04477507546544075 0.6939407855272293
437 50.13885321398266 0.003899499390274287 0.2980219203233719 0.044871990866959095 0.6851782947778702
438 50.346210407995386 0.003911650951951741 0.29901777565479276 0.04520692277699709 0.7068123131990433
439 50.20755093402113 0.003907789355143904 0.3014567095041275 0.04556019112467766 0.6928161531686783
440 50.586503189988434 0.003885128282010556 0.3047298178076744 0.043646032437682156 0.6999011904001236
441 51.76882342901081 0.003889466458931566 0.3024625471234322 0.044433611631393435 0.6855669647455216
442 50.41787024901714 0.0038838677182793614 0.3045411491394043 0.04463912073522806 0.6889940425753593
443 51.47479593902244 0.003885618047788741 0.2975983136892319 0.04428226847201587 0.6878759920597076
444 49.1223560179933 0.0038880330789834282 0.29577272266149524 0.04493962645530701 0.6876995682716369
445 50.78029499598779 0.0038877108935266723 0.2939240476489067 0.045366347879171376 0.6895212367177009
446 52.029169224988436 0.003898034516721962 0.29414411216974257 0.04555585406720638 0.6903417870402336
447 51.396498435002286 0.003886982038617134 0.2943636929988861 0.044496352188289165 0.6887387827038765
448 50.17783704100293 0.0038963122703134993 0.29449127316474916 0.04554993055760861 0.6870374917984009
449 50.2414040750009 0.0038889492452144603 0.29527539551258086 0.04545215681195259 0.6846104189753532
450 50.43859189297655 0.00388559079170227 0.2956228494644165 0.04407427843660115 0.689463996887207
451 50.75985427101841 0.0038887986615300167 0.2969046577811241 0.04367314375936985 0.687146645784378
452 49.32915555499494 0.0038968752399086946 0.29587703227996826 0.04434972334653138 0.7020425513386727
453 50.372328108991496 0.0038591514844447377 0.3024306166172028 0.044074998721480366 0.7071767777204514
454 50.256901433021994 0.0038713136743754135 0.29679585188627244 0.04532454296946526 0.6866084098815918
455 50.516580422001425 0.0038656580150127407 0.2950080132484436 0.0455949715524912 0.6914833560585976
456 51.97524073399836 0.003876663003116845 0.29425646126270294 0.04412742830812931 0.6865753248333931
457 51.19996170999366 0.0038721239455044285 0.29587302923202513 0.04452932514250278 0.6920183628797532
458 48.78657742400537 0.003865009641274812 0.2967994874715805 0.0447244318947196 0.6848635882139206
459 50.18485495998175 0.0038628315441310403 0.2959693557024002 0.04414211180061103 0.6819698318839074
460 50.42723401499097 0.003860038442537188 0.2942740422487259 0.0440222305804491 0.6918290108442307
461 51.0036775880144 0.0038603687789291142 0.294528206884861 0.04419481847435236 0.6935970216989518
462 51.47927343301126 0.0038516814839094876 0.29482560634613036 0.04625019133090974 0.6850561290979386
463 50.19016304198885 0.003857475414872171 0.2956373140215874 0.04386386997997761 0.6881753772497177
464 50.31419574699248 0.0038534419033676376 0.29801271587610245 0.045073040761053555 0.693332277238369
465 50.221941344003426 0.0038574867695570004 0.2980916830897331 0.04496954534202814 0.6779341712594033
466 50.05135849901126 0.0038545747920870777 0.29534679383039475 0.04435243893414736 0.6954552680253983
467 50.36119420899195 0.00384356995858252 0.2939838469028473 0.044377116672694686 0.6848933532834053
468 49.57414962400799 0.003845910171046855 0.2939103704690933 0.0436667688935995 0.6896002054214477
469 50.444945576018654 0.0038450596574693937 0.2963648921251297 0.04492017503827811 0.6769609674811363
470 51.382012995978585 0.003841512098908424 0.3089835456013679 0.04296828832477333 0.6965509533882142
471 50.06207849300699 0.0037978997845202677 0.3077269670367241 0.043580867499113086 0.6803164273500443
472 50.21251661499264 0.0038417371995747096 0.29644486695528033 0.04426696132868528 0.7014499336481095
473 50.69558624899946 0.003822123341262342 0.2954093477129936 0.0441922415792942 0.6862555652856827
474 50.01100545399822 0.003833405941724775 0.2927295070886612 0.04459004193544387 0.6865605428814888
475 50.23263484699419 0.0038406338114291426 0.2903367328643799 0.043873177878558635 0.6800561115145684
476 50.54894369500107 0.0038394537363201403 0.2895213457942009 0.0445050286129117 0.680290025472641
477 50.683823169005336 0.003838249213993549 0.2905581176280975 0.043704857081174844 0.680186253786087
478 51.07703840499744 0.003845935706049204 0.2911402004957199 0.044005561023950576 0.6789243742823601
479 50.50481975398725 0.003827137622982264 0.2934452754259109 0.044626994766294954 0.6840814217925072
480 52.44183746899944 0.0038322447575628764 0.2944529497623444 0.04422469384968281 0.6817016795277595
481 51.58975822298089 0.003831268543377518 0.2924534386396408 0.04390649616718293 0.6875426709651947
482 51.19898282701615 0.003833857050165534 0.2912572032213211 0.04402581550180912 0.6818179056048393
483 50.97631657801685 0.003837999187409876 0.2913499906659126 0.04347749948501587 0.6827298790216446
484 51.25491654200596 0.0038171480037271954 0.2953397667407989 0.0432308629155159 0.701099319756031
485 51.20429585900274 0.003827393274754287 0.2987680299580097 0.04356380704790354 0.6884964913129806
486 50.007043438992696 0.003812769889831543 0.3065353938937187 0.04455765310674906 0.7070458620786667
487 49.88632044001133 0.0037865669969469316 0.3053126636147499 0.04416650369763374 0.6960534512996673
488 50.92664435101324 0.003787700470536949 0.2978422859311104 0.04344945956021547 0.6794377326965332
489 52.53340557098272 0.0038100176285952307 0.2922659170627594 0.04386126764118671 0.6842082872986793
490 49.667767611012096 0.0038104637786746005 0.28960268944501877 0.044571977220475664 0.6809126496315002
491 52.199847769981716 0.0038086932413280016 0.2883712238073349 0.044113247543573375 0.6745227977633477
492 50.69894263398601 0.0038138618674129253 0.2877688631415367 0.043877570889890194 0.6761791795492172
493 50.2442617980123 0.0038089532908052205 0.28714851289987564 0.042988523580133914 0.675360432267189
494 50.14285579099669 0.0038148542474955305 0.28726941421628 0.04383049640804529 0.6793266117572785
495 50.49085231401841 0.003814125323668123 0.2876761305332184 0.04418250944465399 0.6852320834994317
496 50.83862867800053 0.0038120679166167982 0.2887359777092934 0.04351020868867636 0.6917128846049309
497 51.01999259201693 0.0038066980689764034 0.29595483243465426 0.04318985600024462 0.6828175455331802
498 50.1323683479859 0.0037873192485421894 0.2972979387640953 0.04316909208893775 0.6861019924283027
499 50.223474013997475 0.003782985052093862 0.29534331351518633 0.04231051310896873 0.676765812933445
