nohup: ignoring input
data path: /home/lpq/Wangwanqi/PKNO_Experiments/data/navier_stokes/ns_V1e-4_N10000_T30.mat
dataset shape: (50, 64, 64, 1200)
Navier-Stokes (vis = 1e-4) custom split loaded: ntrain=1000, ntest=200
X train shape: torch.Size([1000, 64, 64, 10]) Y train shape: torch.Size([1000, 64, 64, 20])
X test shape: torch.Size([200, 64, 64, 10]) Y test shape: torch.Size([200, 64, 64, 20])
The autoencoder type is MLP.
KNO2d model is completed.
Koopman Model has been compiled!
The Model Parameters Number is  526026
Epoch Time [Train Recons MSE] [Train Pred MSE] [Eval Recons MSE] [Eval Pred MSE]
0 27.35527696099598 0.2124574044942857 0.9903150206804275 1.1684200036525725 0.6181038528680801
1 26.188738919008756 0.08634679609537126 0.5335087871551514 0.7594806885719299 0.4796072572469711
2 24.177508954016957 0.05778140291571615 0.4136039137840271 0.5373538014292716 0.3811282679438591
3 23.155488846998196 0.04192257168889044 0.37083129853010177 0.4339910906553269 0.3294578090310097
4 23.85810898701311 0.03390547698736193 0.3351044687628746 0.3537264463305473 0.31244039684534075
5 23.37877163797384 0.02892803628742695 0.32241112619638446 0.32269228667020805 0.372108456492424
6 24.02515617699828 0.02566522932052612 0.3034938868880272 0.2715530520677566 0.28185858502984046
7 23.505222509003943 0.023483188852667803 0.2862663935124874 0.2430578024685383 0.27997589111328125
8 24.071280819014646 0.021631098017096527 0.28792070254683494 0.23355458900332451 0.2701685130596161
9 23.059825957985595 0.02066690635681153 0.26198129639029505 0.23249034851789477 0.2754688009619713
10 22.926521002984373 0.019163259789347648 0.2696336488425732 0.20421781420707702 0.2849539823830128
11 24.38736164997681 0.01848188355565071 0.24551891267299653 0.1834856382012367 0.24528764709830284
12 26.686858244996984 0.01739963334798813 0.24169831171631814 0.19093978300690653 0.24586629420518874
13 26.60997254800168 0.016471282541751862 0.23810770764946937 0.18464785292744634 0.23168640956282616
14 26.45604746398749 0.015660109072923662 0.23441287145018577 0.15769599199295042 0.25052003040909765
15 26.17261466398486 0.015013941407203673 0.21921901419758796 0.16085681959986686 0.2359719231724739
16 25.541240371007007 0.014066237121820441 0.23130614206194877 0.1409674818813801 0.2359473742544651
17 26.605482579005184 0.013577906802296641 0.20728571727871895 0.1468351124972105 0.2061779461801052
18 27.079112137987977 0.013031706310808657 0.19890422999858856 0.13951211914420125 0.2377736285328865
19 24.26754250502563 0.012181944809854028 0.20760949358344077 0.13591970548033716 0.20408799946308137
20 23.907722710981034 0.011770922496914865 0.1943144027888775 0.12799504794180389 0.20735156685113906
21 24.34721598098986 0.011023790009319778 0.20009018272161483 0.11934353984892368 0.20996032282710075
22 23.89879972700146 0.010466829247772695 0.19727037459611893 0.1237576289474964 0.20702520310878753
23 23.78421293597785 0.010006032899022103 0.19516269981861115 0.12058773338794708 0.1946412019431591
24 23.52346493001096 0.009610977947711942 0.19393716558814048 0.10295779749751091 0.19390554651618003
25 24.46547358398675 0.00910734409093857 0.19875957787036896 0.10869035929441451 0.18470483869314194
26 24.449915342993336 0.008983181342482572 0.17737503930926324 0.09987705312669276 0.1932304285466671
27 24.49378470898955 0.008538280762732026 0.1820812427997589 0.09293597921729088 0.18719285130500793
28 24.26575689399033 0.00828509832918644 0.17551373124122618 0.08867264807224273 0.19092317894101143
29 23.732940515008522 0.007901306927204133 0.18033875182271003 0.09585661858320237 0.19060218706727028
30 23.121277472004294 0.0077325647249817855 0.1738000762462616 0.08505475386977196 0.19458009600639342
31 23.932737387978705 0.007481060422956943 0.16924123361706733 0.08353750064969062 0.20682755261659622
32 24.267056173994206 0.007111813247203825 0.18001314520835876 0.0854342430830002 0.20061389803886415
33 23.624443861015607 0.0069926617257297045 0.1797507657110691 0.08495718374848366 0.1959553688764572
34 23.509551032009767 0.006824988279491663 0.17016229420900345 0.08929047457873822 0.1958390384912491
35 23.855045953998342 0.006740747928619384 0.1622247079014778 0.08008341737091543 0.20484336465597153
36 23.267271228978643 0.006483788102865221 0.17553158164024352 0.08586223252117633 0.18495840206742287
37 22.889205503975973 0.006373239673674107 0.16579320892691612 0.07607252165675163 0.16948986500501634
38 23.656708408001577 0.006223991069942713 0.16907309725880623 0.07422372609376907 0.16557388752698898
39 23.82825869001681 0.006144530791789295 0.1578212186694145 0.07147827133536339 0.17817728593945503
40 23.54194429999916 0.006108134608715774 0.15415214911103248 0.06656229596585035 0.17403330206871032
41 23.788386150990846 0.005924005284905436 0.16532064110040665 0.06904265325516465 0.185731041431427
42 23.738118381006643 0.005804564833641049 0.15403341047465802 0.06618668150156735 0.17043372839689255
43 22.941043959988747 0.005704418234527108 0.15590503588318824 0.06916399490088225 0.186957298964262
44 22.590278021001723 0.005445665180683135 0.17849765107035637 0.06338771346956493 0.17627420723438264
45 23.550504393002484 0.005513122085481885 0.15047078095376493 0.054900968857109544 0.16529716476798056
46 22.569281631003832 0.005423720087856054 0.15050461001694201 0.06253425743430853 0.16502978131175042
47 23.163019460014766 0.005278235092759129 0.16898230969905853 0.059582099542021746 0.17114512249827385
48 23.474155517003965 0.005260104428976773 0.14920688301324844 0.06272317830473184 0.16268113926053046
49 24.145488983980613 0.005205679859966039 0.14880398839712142 0.05389636833220719 0.17326453402638436
50 23.13426471699495 0.005039722125977278 0.1667157555371523 0.057665761820971974 0.17544799968600272
51 23.864398617006373 0.005006381403654813 0.15392104096710682 0.05701585080474616 0.16062886416912078
52 23.374017591006123 0.004910237390547992 0.153344094902277 0.05407004140317441 0.15619526728987693
53 23.003805788990576 0.0048970416560769085 0.1487165594100952 0.05442041262984276 0.17248908877372743
54 23.57725740299793 0.0048400769457221035 0.14146387353539466 0.05577528402209282 0.17040509954094887
55 23.818143790995236 0.004811293210834264 0.14606538891792298 0.051014893092215075 0.1614294245839119
56 23.831953454995528 0.004719881832599637 0.14387686178088188 0.055392206609249116 0.16784812733531
57 23.984845783998026 0.00464602515101433 0.1434275708347559 0.05265610810369252 0.15940238013863564
58 23.488359407987446 0.004594656817615032 0.14167927287518978 0.05051260765641928 0.15984323620796204
59 23.330682642001193 0.004506902247667314 0.150919756218791 0.050973070189356796 0.17529235184192657
60 23.234070369013352 0.004399610932916404 0.1455352906137705 0.05169701032340527 0.14855735711753368
61 23.218705645005684 0.004449930921196936 0.13645083203911781 0.05065618027001619 0.17009106576442717
62 23.306796205986757 0.004337892290204764 0.14867360420525075 0.046161925680935384 0.19205570295453073
63 23.607794704003027 0.004255753144621854 0.14663246035575866 0.05025693651288747 0.14917421266436576
64 23.127322251995793 0.004285932641476391 0.13417643427848816 0.04788312152028083 0.15223578847944735
65 23.34623981398181 0.004228430725634099 0.13607306383550166 0.04992742486298084 0.1486572679132223
66 23.03733848797856 0.004198158774524927 0.13998766668140888 0.04614020187407732 0.15264623165130614
67 23.29737870398094 0.004131017494946718 0.13650655671954154 0.04521929748356343 0.14823634177446365
68 23.442238076997455 0.004106045514345167 0.1358450622856617 0.04960510395467281 0.1539562612771988
69 23.09320514497813 0.004034643780440092 0.1334688214212656 0.04666974559426308 0.1465542685240507
70 22.70104808799806 0.003934236980974675 0.14506983280181884 0.0454584363102913 0.1511231880635023
71 22.470475933980197 0.003948532532900573 0.13738123305141925 0.04187011383473874 0.16130875945091247
72 23.024392357998295 0.003874398909509184 0.1395481650531292 0.04151044704020023 0.14777847863733767
73 23.45480316900648 0.0038837160170078293 0.1398682690411806 0.04651016995310784 0.16418271660804748
74 23.279610249999678 0.0038501125089824197 0.13421896852552892 0.045674324110150336 0.14946434795856475
75 22.50248762802221 0.003824684858322142 0.1354859711229801 0.04671019725501537 0.15281323790550233
76 22.90406005800469 0.0037890570126473903 0.13690875038504602 0.04306450664997101 0.15212930366396904
77 22.722803943004692 0.003748992074280977 0.13402897246181966 0.042033426761627204 0.1446028407663107
78 22.963405252987286 0.003740592755377293 0.1327998897433281 0.040321701541543006 0.1476356044411659
79 23.779554456996266 0.00365004427731037 0.13609117768704893 0.041614083014428614 0.21365216746926308
80 23.803869636991294 0.0036335236243903624 0.13437308266758918 0.044947560019791125 0.1471288852393627
81 23.46759595599724 0.003619016863405705 0.13729989185929298 0.044254848174750804 0.15206586085259916
82 23.284298026992474 0.0035952313579618927 0.13215477779507637 0.03968029398471118 0.1437209840863943
83 23.180206686985912 0.003580896738916636 0.13078944697976114 0.03813472218811512 0.14280591569840909
84 24.241155932017136 0.0035908067040145404 0.13226284250617026 0.042385421991348274 0.16803414821624757
85 23.728728991001844 0.0035372289121150986 0.12855633072555064 0.04180283199995756 0.14843176268041133
86 23.66033317797701 0.0035234682932496074 0.1264081721752882 0.0416141988709569 0.14408052191138268
87 23.770913045998896 0.0034893637467175707 0.12433071486651898 0.039344293624162675 0.14106303825974464
88 23.393884599005105 0.003456411421298982 0.12397571437060834 0.03708755433559418 0.14172334931790828
89 23.51584464800544 0.0034239576738327748 0.1247472857683897 0.03904155272990465 0.1492398962378502
90 23.725398139999015 0.003356939604505895 0.13297931425273418 0.03821192942559719 0.13665480799973012
91 23.633428166009253 0.0033552428185939787 0.13114771351218224 0.03733470881357789 0.13741197846829892
92 23.580319733999204 0.0033468510117381804 0.1279841348528862 0.0359884812682867 0.1409926015883684
93 23.54418530399562 0.0033177926596254115 0.1311622004210949 0.03523776177316905 0.147863382473588
94 23.305979897006182 0.00331500045582652 0.12538789942860604 0.03432442374527454 0.15543328002095222
95 23.754051528987475 0.003280167572200299 0.14614159129559995 0.03694351404905319 0.14428569786250592
96 23.243398848018842 0.0032670814543962474 0.12253488667309284 0.036313909739255905 0.1437321610748768
97 24.009299067984102 0.0032517493236809973 0.12184780351817608 0.03613081429153681 0.14253879263997077
98 24.200159643020015 0.003253312775865198 0.12166495457291603 0.034919891096651556 0.14686253443360328
99 24.06794457900105 0.003224388977512718 0.12082666374742984 0.0369617911055684 0.1314119916409254
100 24.16728522500489 0.0032293026298284527 0.10681749120354653 0.03718175165355205 0.12562853693962098
101 23.76230832899455 0.003235988765954971 0.1014224984496832 0.036807582192122934 0.1215724278241396
102 23.335367154009873 0.0032234091255813834 0.09992864988744259 0.03737628791481257 0.12066637873649597
103 23.128554717986844 0.003225504392758011 0.09950911290943623 0.03648394664749503 0.12221996858716011
104 23.47695332102012 0.0031947490312159072 0.09976745054125785 0.036602806150913235 0.12454723455011844
105 23.491503192984965 0.00319863124191761 0.09925739638507367 0.03609843019396067 0.12086019366979599
106 23.59801449099905 0.003180970162153244 0.09783141233026982 0.035694324094802145 0.12885647490620614
107 23.686086719011655 0.0031501403022557496 0.10031203411519528 0.0360637440532446 0.12112848460674286
108 24.042476175003685 0.003129050027579068 0.10405773401260376 0.03450948804616928 0.12975661121308804
109 23.95582742302213 0.0030889563597738747 0.10520694941282273 0.03639348633587361 0.12213401347398758
110 23.51591290201759 0.003075746119022369 0.10433411434292793 0.03531092965975404 0.12202772609889508
111 23.28898222799762 0.0030845003500580784 0.10143771536648273 0.034620406422764066 0.12383156456053257
112 23.23913499797345 0.0030719320345669993 0.1011641999334097 0.035754123777151106 0.1272124670445919
113 22.94602507801028 0.0030572081077843917 0.10746556170284748 0.03561719186604023 0.12396251074969769
114 23.704266894987086 0.003040791004896164 0.0987994572520256 0.03435277422890067 0.12311816401779652
115 23.47329317801632 0.0030338738132268195 0.10050681635737418 0.033235443904995915 0.12091903910040855
116 23.439045428007375 0.0030147044528275727 0.10036202482879161 0.03562535958364606 0.12489537447690964
117 23.690996489021927 0.0030036664959043257 0.09910715512931347 0.03316667586565018 0.12516834400594234
118 23.839185415999964 0.0029919308982789515 0.1017314812541008 0.031692478954792026 0.15287333652377127
119 24.029487552994397 0.002955003561452031 0.10977764256298542 0.03497747533023358 0.1377483144402504
120 24.020998685999075 0.0029582572188228367 0.10117844313383102 0.03384156208485365 0.1205233983695507
121 23.790595337981358 0.002954556372016668 0.0976408939063549 0.0337555630132556 0.13006361536681652
122 23.437329332024092 0.002948118198662996 0.09714746132493018 0.03273232612758875 0.12035761438310147
123 22.932027436996577 0.002927746567875147 0.10687487564980984 0.03099310824647546 0.1329551860690117
124 23.45807795599103 0.0029164496939629316 0.10492451749742031 0.03249242231249809 0.12190737873315811
125 23.610233619983774 0.00290479937940836 0.10092059500515461 0.0327745202742517 0.11728433221578598
126 23.595249274978414 0.0029072468020021913 0.09662638798356056 0.033013146258890624 0.12328371964395046
127 23.52711600798648 0.002896224105730651 0.09583584435284137 0.03485168201848864 0.12672478780150415
128 23.792089963011676 0.0028778365943580853 0.09828475818037986 0.03254649279639125 0.11850858815014362
129 22.728875381988473 0.002857562510296702 0.09984400667250157 0.032603372577577824 0.12162542268633843
130 23.985634217999177 0.00285006159171462 0.09807924881577491 0.03180503441020847 0.12087717317044736
131 23.563221876014723 0.0028417581953108307 0.09763039059937001 0.03055678680539131 0.12793122194707393
132 23.394194784981664 0.00283614649809897 0.09688353583216668 0.031644941978156566 0.1192316435277462
133 24.79651628897409 0.0028294186145067218 0.0997505222260952 0.03483788145706058 0.12923620454967022
134 24.122764756000834 0.002808597963303328 0.10406857289373875 0.03154939822852612 0.13682710528373718
135 23.421815515990602 0.0027850839253515027 0.10493628792464733 0.032110217679291966 0.12086479924619198
136 23.832178058015415 0.0028135044183582075 0.09426456451416015 0.031920346152037385 0.1247170977294445
137 23.942163797997637 0.0027933222781866785 0.09590103141963482 0.032383675649762154 0.11856199763715267
138 23.55465839599492 0.0028000697568058967 0.09925371445715428 0.03277938190847635 0.12282017581164836
139 24.138228312018327 0.0027858729213476184 0.09366014912724495 0.03175637453794479 0.11437570229172707
140 23.435831176990177 0.0027864661421626805 0.09099231600761414 0.03136485945433378 0.11342664919793606
141 24.06110153798363 0.002763303902000188 0.09132676154375076 0.032232553232461214 0.11978835612535477
142 22.08244592999108 0.0027553612291812903 0.09553517691791058 0.031169033236801626 0.12527257725596427
143 22.185760972992284 0.0027540066950023172 0.09845533281564713 0.031081362143158913 0.13281606361269951
144 23.600622883008327 0.002708282239735127 0.10219192028045654 0.03060833951458335 0.12019014209508896
145 23.263195401988924 0.0027245118543505675 0.09948561511933804 0.031769259106367825 0.1253608100116253
146 23.756745911989128 0.002714177921414376 0.09467211306095123 0.031371422447264194 0.11378919668495655
147 23.458265655004652 0.0027152043581008915 0.09059671960771083 0.03193814752623438 0.1124294251203537
148 23.225747232994763 0.0027184886224567895 0.09295154638588428 0.03175467966124415 0.11638488285243512
149 23.680022807995556 0.002693648383021354 0.09624905556440354 0.0314061339572072 0.11646871939301491
150 23.761904535000212 0.0026939935088157647 0.09381372027099133 0.030899422410875566 0.1182717390358448
151 23.63503019500058 0.0027012462709099043 0.09498197443783284 0.02962894357740879 0.1512498788535595
152 23.678704167017713 0.002672883762046696 0.09691232360899449 0.03100647093728185 0.11125152334570884
153 24.070048419991508 0.0026673325393348946 0.09421294145286083 0.029932695645838968 0.11517402268946171
154 23.623323335981695 0.0026679820008575924 0.09735158890485764 0.030758126359432935 0.11403285413980484
155 23.92484930800856 0.002668422939255834 0.09343631453812122 0.030290456581860775 0.1124048501253128
156 23.610303796012886 0.0026539257038384677 0.09051657624542714 0.03077085461467504 0.11299274750053882
157 23.601592513005016 0.0026356838922947635 0.09683798842132091 0.030227705687284466 0.11869652941823006
158 24.111911018000683 0.00263057574816048 0.0952690714597702 0.029404193833470343 0.11471565701067447
159 23.66169487600564 0.0026388113703578707 0.09086931481957436 0.02972834944725037 0.11722294315695762
160 23.657811664015753 0.0026093997135758396 0.09122397743165493 0.030407854728400713 0.11812783256173134
161 23.540470250998624 0.0026038159932941195 0.08998874880373478 0.02919977586716413 0.11288499794900417
162 22.661983358004363 0.0026130354944616553 0.09699369989335536 0.030562737174332145 0.1255188338458538
163 23.52591747502447 0.0025905030239373444 0.0902135629951954 0.030461491979658605 0.11263413652777672
164 23.960559355007717 0.002610200772061944 0.0918012897670269 0.029475323446094985 0.12233440205454826
165 23.828215093002655 0.0026069158706814055 0.09191542871296406 0.029484938886016603 0.11344118155539036
166 24.862466844002483 0.0025798252876847983 0.09489143297076225 0.029870013147592543 0.12094708308577537
167 24.279048778989818 0.002557609010487795 0.09496739894151687 0.030118104442954062 0.12273908369243144
168 23.78326726501109 0.002587128143757582 0.09106346972286701 0.03098809348419308 0.11474815495312214
169 23.936136344011175 0.0025866835508495567 0.09445273652672767 0.028518239073455333 0.12774042636156083
170 23.719194018980488 0.0025794513784348967 0.09219425365328789 0.030298881325870754 0.11345513500273227
171 23.73707698000362 0.0025476299598813056 0.09158687002956867 0.029298091046512133 0.10903697796165943
172 23.45645176799735 0.002542915862053634 0.09002448782324791 0.030869967173784967 0.12366447746753692
173 23.996340318000875 0.0025648951176553965 0.10176511868834495 0.030098805222660306 0.12163589000701905
174 24.241923632012913 0.0025636886600404972 0.09036745980381966 0.028751947712153197 0.11012549996376038
175 23.16360008600168 0.002527943473309278 0.08985848911106586 0.029908463340252635 0.11636213734745979
176 23.338066288997652 0.0025220818258821975 0.09240540660917759 0.02853086106479168 0.11752217300236226
177 24.39011056101299 0.0025350030027329927 0.08944871827960015 0.029576180074363946 0.10900329351425171
178 24.426552809018176 0.002519863232970237 0.09026852793991566 0.028905414417386054 0.12191247902810573
179 24.611885197024094 0.0025034320298582312 0.09305768437683583 0.028460411541163928 0.11773941963911057
180 23.745358310989104 0.0025028280913829797 0.09124507404863834 0.028142563626170153 0.1121338114142418
181 23.988090667000506 0.002511034775525332 0.09232359454035759 0.029165545534342523 0.11391087993979454
182 23.30000128399115 0.0025015725903213028 0.09474001698195934 0.029412463139742613 0.11404771097004414
183 23.46658693201607 0.0024905851539224373 0.08904875554144383 0.028125307653099303 0.1093306615948677
184 23.37084194799536 0.0024959012512117624 0.08700141295790673 0.027550658397376537 0.1078555379062891
185 22.933921980991727 0.0024796816222369678 0.0891589444130659 0.028331723101437094 0.1113671313971281
186 24.407277291989885 0.002480678839609027 0.08667505487799644 0.028099232129752634 0.11209644414484501
187 24.503391470992938 0.002476599425077438 0.09166578464210033 0.02916249508038163 0.12247907631099224
188 24.18162979299086 0.0024709133263677357 0.09150341421365737 0.02769753374159336 0.1124400820583105
189 23.61795917901327 0.0024658610858023173 0.09036229401826859 0.02794869223609566 0.12045744396746158
190 23.24449993399321 0.0024502587057650084 0.08960596904158592 0.028197360336780546 0.10852478146553039
191 23.088336419023108 0.002468185914680362 0.0895596807450056 0.02784676326438785 0.13737993240356444
192 23.775909424002748 0.0024238605964928867 0.09752519592642785 0.027988953422755 0.1180919859558344
193 24.14775688399095 0.0024453393593430526 0.09248985722661018 0.028083179630339145 0.11250300630927086
194 23.6473767629941 0.0024518070872873066 0.08804049707949162 0.02769149079918861 0.1167807161808014
195 24.15184473298723 0.0024493128340691327 0.08793065041303634 0.02750614725053311 0.10631080940365792
196 23.328276675980305 0.0024364445172250283 0.08838160768151283 0.02732596956193447 0.15308535881340504
197 23.987366107990965 0.0024558976665139194 0.10093934647738934 0.026644733343273403 0.11209730766713619
198 23.985655146010686 0.002422413596883416 0.09022159531712531 0.027609777767211203 0.11337867043912411
199 22.95928941501188 0.0024142732564359907 0.09603565998375416 0.027816567830741407 0.11638078726828098
200 23.158682154025882 0.00241102330572903 0.08259548775851727 0.027611506022512916 0.10556894913315773
201 23.289940635004314 0.002414179751649499 0.07860990040004254 0.027380212340503928 0.10226727910339832
202 23.08255432898295 0.0024189289174973965 0.0773303296416998 0.02758557084947824 0.1023520853370428
203 23.58929420399363 0.0024196489434689275 0.07676827594637871 0.027584073264151816 0.1005774911493063
204 23.752394568989985 0.002422463992610575 0.07792573079466819 0.027640968449413772 0.10178037844598294
205 24.436316240986343 0.002415008580312133 0.07631524212658405 0.02776660580188036 0.10074433274567127
206 23.1913142070116 0.00240765405446291 0.07661851838231087 0.027367036696523427 0.10139738656580448
207 23.596869820001302 0.002408107643947005 0.07626038495451212 0.027074026055634026 0.10080774128437042
208 23.49092676100554 0.0024051006771624093 0.07622343692928553 0.027906584814190866 0.10011756680905819
209 23.702575748000527 0.0024064521379768855 0.0796338913962245 0.027576775960624217 0.10399098917841912
210 23.566833958990173 0.0023868415467441085 0.08722121477127075 0.026656505391001707 0.10583447106182575
211 23.178419792995555 0.0023710785061120984 0.07834211405366659 0.027621430214494463 0.10241710655391216
212 22.90112828198471 0.002383082531392574 0.0774387701228261 0.02703785443678498 0.10031717754900456
213 22.528522995999083 0.002380101373419165 0.07578012395650148 0.02699728855863214 0.10054878666996955
214 22.32868855498964 0.002380458068102598 0.07587731685489416 0.0269706361554563 0.10066554136574268
215 23.207659661013167 0.002373605415225029 0.07764597520232201 0.02726378479972482 0.10129576288163662
216 24.121090083004674 0.0023769782502204182 0.07752894137054682 0.027199100479483602 0.10302290990948677
217 23.742536529985955 0.002370687086135149 0.07666644677519799 0.02658431246876717 0.10208342336118222
218 23.77834733002237 0.002372407238930463 0.07715322636067867 0.026368110366165643 0.10467873066663742
219 23.844204464025097 0.0023639732245355843 0.07755972243845463 0.02711840759962797 0.10224513076245785
220 23.786857377999695 0.002348551604896784 0.07632070504128934 0.027396403811872007 0.10095542781054974
221 24.069083628011867 0.0023507178034633406 0.07763112653046847 0.02726473329588771 0.10020708627998828
222 24.157419690978713 0.0023437521699815993 0.0767842946946621 0.026228775866329667 0.10547719895839691
223 23.215179037011694 0.0023465580865740772 0.07693275347352029 0.02710144512355327 0.10242045223712921
224 23.523705064988462 0.002345885967835784 0.07814219892024994 0.027382080312818285 0.10252606943249702
225 23.66091402800521 0.0023389794435352083 0.079744461029768 0.026970079727470876 0.10289577320218087
226 23.96640681498684 0.002316880248486995 0.07868177954107523 0.027203028127551078 0.10320877991616725
227 23.588449306989787 0.002327331790700555 0.07846679266542196 0.026969219036400323 0.09969412796199321
228 23.64915993498289 0.0023183038663119075 0.07589306093752385 0.026283607594668863 0.10045284032821655
229 24.14696440199623 0.0023204327318817374 0.07508649185299873 0.0272288228571415 0.10431209802627564
230 23.447313398995902 0.0023162597753107546 0.07577320016920566 0.026910362876951692 0.0998426217585802
231 23.7997252009809 0.0023155519533902408 0.0763294442743063 0.026216296553611757 0.10216589532792568
232 22.75356079399353 0.0023139205873012538 0.07692478902637959 0.026728572342544797 0.10050013698637486
233 23.202856095012976 0.0023026973456144336 0.07571968156844378 0.026534918639808898 0.09961905181407929
234 23.469159492000472 0.002301060413941741 0.0772349600121379 0.026070576924830675 0.10040751062333583
235 23.197050413989928 0.0022943118587136265 0.07899123642593622 0.02600348997861147 0.09995929449796677
236 23.859150634991238 0.002297647532075643 0.07809438962489366 0.026729169338941566 0.1051620427519083
237 23.551349677989492 0.0023008682932704697 0.08061986170709133 0.025564536917954683 0.0990864522755146
238 24.1452236569894 0.00228462478145957 0.07689401131123304 0.02629021009430289 0.09891744591295719
239 24.034948535991134 0.002291161375120281 0.07442589320242404 0.027121342308819296 0.09997795782983303
240 24.083726804004982 0.0022861990612000225 0.07551144476979971 0.026292625907808547 0.09880567491054534
241 24.059621388994856 0.0022835486624389898 0.07513807363808155 0.025996279455721378 0.10027363933622838
242 23.487738003983395 0.0022787384409457432 0.0771924889087677 0.02588415058329701 0.10171648338437081
243 23.767272469005547 0.002276278268545865 0.07495631232857704 0.026014527939260013 0.09957195520401001
244 24.54882636599359 0.0022828200999647384 0.07645613253116608 0.026207565050572156 0.09953317269682885
245 23.062654923996888 0.0022650775406509636 0.07557101052254439 0.025560170598328113 0.09711718112230301
246 23.57722224801546 0.002268630629405379 0.07386977218091488 0.02662398280575871 0.0991108015179634
247 24.067579089984065 0.0022636476904153826 0.07519449528306722 0.02554125742986798 0.09961695894598961
248 23.920776068000123 0.002257877143099904 0.07731719870120286 0.02551133897155523 0.09908625036478043
249 23.00506433600094 0.0022551958803087484 0.07656130779534578 0.026489216536283493 0.09931343495845794
250 22.362469964980846 0.0022571097798645503 0.07388320177793503 0.026375915613025425 0.1019005686044693
251 23.011017931014067 0.002253838080912829 0.07343891452997924 0.025618098061531785 0.09694568105041981
252 24.65446984299342 0.002251019444316627 0.0732704260200262 0.025314427204430102 0.10310238040983677
253 24.81762559499475 0.002245244137942791 0.07815749481320382 0.025031067039817577 0.11204556934535503
254 23.605254082998727 0.0022440488543361424 0.07870789103209973 0.02524869767948985 0.098685172945261
255 25.038561390014365 0.002243567112833261 0.07580020476132632 0.025425023343414073 0.0984396368265152
256 23.740068323997548 0.002233287513256073 0.07472754321992398 0.026236047167330977 0.09892893508076668
257 24.069988003990147 0.0022389387786388385 0.07460127331316471 0.025564114470034836 0.09735623262822628
258 23.64390398800606 0.002230296915397048 0.07660017065703868 0.02504996592178941 0.10149755664169788
259 24.011097517010057 0.002224896036088467 0.07722380187362432 0.025094107463955885 0.09938425607979298
260 23.78065016999608 0.002216944471001626 0.07528491742908955 0.02572537932544946 0.10219709649682045
261 22.293241987004876 0.002231255374848842 0.07388759478926658 0.02595320798456669 0.09726122431457043
262 22.814012991002528 0.0022232275847345584 0.07258773166686297 0.025697968564927582 0.0957048136740923
263 23.858206714998232 0.002215716442093253 0.07664386972784996 0.025377117935568093 0.09845689795911312
264 23.981267889990704 0.0022175576947629453 0.07478860270231963 0.025401919335126883 0.10147378295660019
265 23.321074392006267 0.0022134460471570487 0.07557253111153842 0.025423499867320058 0.09848398976027965
266 23.381524947006255 0.002213768353685736 0.0738083379715681 0.025668288022279738 0.0980065904557705
267 23.29349146099412 0.0022125482317060224 0.07507330380380153 0.024624011646956205 0.09727480113506318
268 23.811650999996345 0.0022015872709453097 0.07293586287647486 0.025198942460119722 0.09777668416500092
269 23.34853323898278 0.002200009880587458 0.07202321518212557 0.025167989376932383 0.09694026038050652
270 23.641548739979044 0.0022098362613469356 0.0750374198704958 0.025169927887618543 0.1005340836942196
271 24.074067796987947 0.0022060399092733857 0.07617983568459749 0.025245505794882772 0.09805293790996075
272 23.150113076000707 0.0022063586413860327 0.0780394073575735 0.025100235845893624 0.10034174397587776
273 23.686092571006157 0.002186905831098557 0.07428738832473755 0.02434092409908771 0.09766248539090157
274 23.22456136997789 0.0021943470798432823 0.07139162324368954 0.025423173550516365 0.09569922089576721
275 24.3313953379984 0.0021894976608455175 0.07067407384514808 0.025321671832352878 0.09567516930401325
276 25.009243962995242 0.0021978008951991797 0.0733718589693308 0.025271659549325705 0.10140962228178978
277 24.174862296000356 0.0021900925654917956 0.07644391030073167 0.024444497153162957 0.10303495600819587
278 23.35688982901047 0.002186309931799771 0.07819492511451244 0.024904183894395828 0.10413065999746322
279 23.602938403986627 0.002171726297587157 0.0754048828408122 0.02510157369077206 0.10031571872532367
280 23.92286066201632 0.002178645353764295 0.07290385339409113 0.02463937124237418 0.09584100097417832
281 24.44349472099566 0.002207864310592413 0.077972975037992 0.024932401273399594 0.10560109466314316
282 22.895626132027246 0.0021711043752729886 0.07591704841703177 0.024802976232022052 0.0966253314167261
283 24.056747196998913 0.0021641824897378694 0.07464729003608227 0.024525831677019598 0.09768380820751191
284 23.520657321001636 0.0021687765270471575 0.07281514376401901 0.02475423147901893 0.09847963526844979
285 24.042421838006703 0.00216748994588852 0.07169833775609731 0.024339270908385512 0.09647240303456783
286 23.79873728202074 0.0021617982685565944 0.0715516397729516 0.024311164207756523 0.09563708975911141
287 24.949915064993547 0.002171413823962212 0.07207262497395277 0.02515241550281644 0.09650980085134506
288 24.067902333976235 0.0021665620002895595 0.07407075647264719 0.02440498687326908 0.09963799975812435
289 24.131425133004086 0.002160636341199279 0.07390727493911982 0.024949881769716742 0.10368034951388835
290 24.612497083988274 0.0021565677784383297 0.07106837172061205 0.02474403334781527 0.1014210306107998
291 23.098999031004496 0.002154882404953241 0.07235966306179761 0.025125967562198637 0.09776140935719013
292 22.43638174800435 0.0021609768122434606 0.07528837800025939 0.02472944065928459 0.10348345153033733
293 22.360323608998442 0.002147829039022328 0.07716739937663078 0.024243309013545513 0.097386709228158
294 23.13724436602206 0.0021383754219859836 0.07387592531740665 0.023935989029705527 0.10905006714165211
295 23.345356129022548 0.0021603342536836863 0.07459126841276884 0.024912191033363347 0.09486322067677974
296 24.024222111009294 0.002140327135100961 0.0726991307362914 0.02425444597378373 0.10103157050907612
297 23.560903794015758 0.0021407769136130806 0.07276433873921632 0.0242916414514184 0.09583006426692009
298 23.7072257239779 0.002140054376795888 0.07234521374106408 0.024132200442254545 0.09728398658335209
299 23.51835496898275 0.0021385511700063933 0.07102782305330038 0.024648004621267317 0.09534002728760242
300 23.693108950013993 0.0021275481488555667 0.06896210990846158 0.024449857547879216 0.09411419108510018
301 23.58367979101604 0.002132801707834005 0.06742616385221481 0.02430458985269069 0.09280531033873558
302 23.69531703699613 0.002132334589958191 0.0670252626761794 0.024132543876767158 0.092222960293293
303 24.044449323992012 0.002131273753941059 0.06704226892441512 0.024391834065318106 0.0926480557769537
304 23.224802965007257 0.0021305573694407943 0.06696578100323677 0.024391994066536422 0.09279573112726211
305 23.379943275009282 0.0021283588353544487 0.06695136241614819 0.024472465869039294 0.09249425902962685
306 23.201852180005517 0.002129626186564563 0.06744780872017145 0.02442526446655393 0.0934135340154171
307 22.73251667598379 0.002127915341407061 0.06745610509067773 0.02411973306909204 0.0934585064649582
308 23.18346213499899 0.0021199810300022368 0.06788923498243093 0.02430754169821739 0.09391914494335651
309 24.07668207900133 0.002121629981324076 0.06704606764018535 0.024451176784932614 0.09193511493504047
310 23.492299370002 0.002121522050350905 0.06705785021185875 0.023900919836014507 0.09284362085163593
311 23.119024382001953 0.002115168415009976 0.06731614261865616 0.024139406308531765 0.09322069138288498
312 24.074999173986726 0.0021213096361607313 0.0668135356158018 0.02404180519282818 0.09188841879367829
313 23.291186476999428 0.002114478515461088 0.06695623055100441 0.024191819969564675 0.09277898594737052
314 23.40059461299097 0.0021105131767690188 0.06723280724138021 0.024214631821960212 0.09225454181432724
315 23.767742150987033 0.0021103638820350167 0.06695398278534412 0.024243174027651547 0.09299116507172585
316 23.656704166001873 0.0021108943317085507 0.06731324337422848 0.023973531015217302 0.09280103333294391
317 23.887112900003558 0.002110341189429165 0.06746627446264028 0.024125781375914812 0.09259951896965504
318 24.486993685975904 0.0021047909799963224 0.06702968429774046 0.023659173958003522 0.09289807714521885
319 23.950708465010393 0.0021037292648106807 0.06675483562052249 0.023689737599343064 0.09316815733909607
320 23.97073467899463 0.0021023267339915037 0.06718521721661092 0.02417276602238417 0.09370619766414165
321 22.687071688997094 0.0020997444856911893 0.06707537304610015 0.024216244388371708 0.09419081099331379
322 22.59459521700046 0.002094248432666064 0.06680935151875018 0.024442748073488473 0.09107469990849495
323 24.650364250002895 0.002094099346548319 0.06610525388270616 0.023978208135813472 0.09186159260571003
324 24.225327324995305 0.0020906093195080747 0.06698152594268322 0.024057422652840613 0.09193609841167927
325 24.930098229990108 0.0020910183768719426 0.0668403460457921 0.02417812941595912 0.0912736278027296
326 24.448521985003026 0.0020896697696298357 0.06814009808003903 0.024130539074540137 0.09582427702844143
327 23.736668457015185 0.002086287705227733 0.06779842775315047 0.023939317204058168 0.09481204859912395
328 24.463107115007006 0.0020885319896042347 0.06913615353405475 0.023692547511309385 0.09287041015923023
329 23.33138784999028 0.002084233714267611 0.06747171886265278 0.023561514727771283 0.09217543229460716
330 23.24062252198928 0.002078279685229063 0.06657277870923281 0.023705439120531076 0.09206557162106037
331 23.275173519010423 0.0020762958191335203 0.06713099490851164 0.023332343585789207 0.09137692004442215
332 23.43099679099396 0.00207553518936038 0.06715359948575497 0.023555928282439707 0.0907427616417408
333 24.14487256499706 0.0020746889151632784 0.06696533776819706 0.023881828133016827 0.09160361401736736
334 23.296819682000205 0.0020747234262526036 0.06663865555077791 0.023628265801817178 0.09093682877719403
335 23.969061917014187 0.002069289358332754 0.06575151525437832 0.023787424452602863 0.09171891324222088
336 23.857984086003853 0.0020703864730894565 0.0658684154599905 0.023670628797262908 0.09087994173169137
337 23.732619660993805 0.002068457093089819 0.0662018608301878 0.02385970614850521 0.09245465025305748
338 23.949345839006128 0.002077260440215469 0.06789256416261197 0.024268552362918853 0.09196598827838898
339 23.668528587993933 0.0020668269917368887 0.0673453824967146 0.02406781615689397 0.09400334767997265
340 23.779622614005348 0.002066308019682764 0.06645247042179107 0.023728443086147306 0.09122196026146412
341 23.972496823989786 0.0020646013095974923 0.06549692578613758 0.023244717735797164 0.09177586697041988
342 22.519898264989024 0.002059202518314123 0.06591932870447635 0.023687417227774857 0.09137638323009015
343 23.090969308977947 0.002056401589885354 0.06537698522210121 0.02350679675117135 0.09127760976552964
344 24.683853478025412 0.0020575478542596104 0.06587820045650006 0.023672907799482345 0.09182953424751758
345 24.307828781020362 0.0020592178460210565 0.06555577799677849 0.02354678941890597 0.09152904413640499
346 23.489917356026126 0.0020554071776568887 0.06562204595655202 0.023763913493603468 0.09332093447446824
347 23.127399608987616 0.0020520934239029883 0.0663416438177228 0.023332517836242912 0.09449444562196732
348 24.003087398974458 0.0020613775979727504 0.06925253167748452 0.023391763046383858 0.09168803878128529
349 25.46479198799352 0.0020489288661628964 0.06677965074777603 0.023283647000789644 0.09443214684724807
350 23.78790403599851 0.002050643360242247 0.06756800081580877 0.023264383841305972 0.0904712039977312
351 24.23370613899897 0.0020476289968937625 0.06670318521559239 0.02356928499415517 0.09134907685220242
352 25.228098093997687 0.002045670941472054 0.06644000481814145 0.023295868523418903 0.09072335511445999
353 23.774943583004642 0.0020425226856023073 0.06531951919198037 0.023176969327032566 0.09028009288012981
354 23.780239796004025 0.0020422071628272537 0.06637462005019187 0.023653907272964715 0.09061080738902091
355 23.80897377501242 0.002045057086274029 0.06614459976553917 0.023394098300486808 0.0907067596912384
356 23.290014297002926 0.0020406039394438268 0.06512467216700316 0.023204660098999737 0.09016407653689384
357 23.416503218992148 0.0020397097785025855 0.0647471123561263 0.023540118057280776 0.09052857533097267
358 23.72490805000416 0.0020375081561505785 0.06531996119767428 0.02312603468075395 0.09452935047447682
359 23.670610205997946 0.0020378219094127413 0.06801616471260787 0.023813236728310587 0.09150076769292355
360 23.96593380399281 0.0020434664115309724 0.0685107084363699 0.023347791228443385 0.09143546856939792
361 23.770545332983602 0.0020362436752766368 0.06602704331278801 0.023024269193410878 0.09080841317772866
362 23.131390202004695 0.002035925187170505 0.06500255849212408 0.02329046104103327 0.09060568287968636
363 23.55358603899367 0.0020329210143536338 0.06566009223461151 0.02328458921983838 0.08929711021482944
364 23.474399293016177 0.0020273708496242756 0.0650488006696105 0.02335581038147211 0.09510655254125595
365 24.365746397990733 0.002027144618332386 0.06550437230616808 0.023490378260612486 0.09021005630493165
366 24.020074520027265 0.00202844562754035 0.06528984915465116 0.022900252044200896 0.09019104205071926
367 23.03950196999358 0.0020255003646016123 0.06487741611897946 0.02358112383633852 0.09159642904996872
368 24.561220586008858 0.0020249236989766353 0.06532161869108677 0.02314918294548989 0.08959616199135781
369 26.688198558986187 0.0020244970098137853 0.06599525772035122 0.023266431819647552 0.09092885553836823
370 26.572032539988868 0.0020265271030366415 0.06661805234849454 0.022976012397557498 0.0901382576674223
371 26.427820420998614 0.002017285684123635 0.0643127828463912 0.022894795704633 0.09161966107785702
372 22.922170581005048 0.0020172132961452003 0.06625770136713982 0.023599543310701847 0.09041046798229217
373 22.79428410701803 0.0020180842746049163 0.06604006882756948 0.022853754851967095 0.09100351706147194
374 23.36576719698496 0.002019462341442703 0.0653976123034954 0.023064984418451784 0.09031566455960274
375 23.972484855999937 0.002015449419617654 0.06552266154438258 0.023408669419586664 0.09067585170269013
376 24.341594432014972 0.002016810661181808 0.06853378728032113 0.02327379701659083 0.0943629041314125
377 23.9577816859819 0.0020102186687290663 0.0693479398265481 0.022572319563478237 0.09196044243872166
378 23.39032394901733 0.0020158543158322567 0.06700243100523949 0.023336002044379713 0.09045779071748257
379 23.373320481012342 0.002018995758146047 0.06532281868159771 0.023114744853228328 0.08980934545397759
380 23.37933693701052 0.0020139062087982888 0.06471086274832487 0.0228748738579452 0.08945005498826504
381 22.62828783900477 0.0020048890728503466 0.06442690011113882 0.022994074411690234 0.09125297032296657
382 22.68132440102636 0.0020076882205903525 0.06429159846156836 0.022789124753326177 0.09090537019073963
383 23.823697882995475 0.0020067697167396536 0.06459895845502615 0.02309484636411071 0.08984512165188789
384 24.644002226006705 0.002006102373823523 0.0637730697914958 0.023162599895149467 0.08929082825779915
385 24.103659818996675 0.0020053949467837818 0.06392005015164613 0.022814216203987596 0.0909923791885376
386 23.78511833801167 0.0020035316422581666 0.06552440088242292 0.023188011925667523 0.0903353039175272
387 23.48386451197439 0.00200279799848795 0.06479716870933772 0.02257923966273665 0.09210707619786263
388 23.543923918012297 0.001999618668109178 0.06539973359555006 0.02275073470547795 0.09005441777408123
389 23.50930028699804 0.0019978969898074867 0.06430375896394253 0.022983973026275636 0.08986524343490601
390 23.968454315996496 0.001998997502028943 0.06402882482856512 0.023098381105810407 0.08894494362175465
391 23.778493649995653 0.0019956596326082946 0.06407128538936377 0.022461113948374987 0.08963685445487499
392 23.376585396996234 0.001994520008563995 0.06411130983382464 0.022650631442666054 0.08994959890842438
393 23.343364709988236 0.0019931287262588745 0.0666714173182845 0.023808456063270568 0.09257642142474651
394 23.940429651003797 0.0019940144196152693 0.06576452549546957 0.023021520636975764 0.09078202582895756
395 24.12300905500888 0.001992077557370067 0.06514976110309362 0.023052049428224558 0.08940468281507492
396 23.615283356019063 0.0019923095833510166 0.06446389872580767 0.02278454713523388 0.08949347287416458
397 22.913674674986396 0.001989775143563747 0.06413503520190716 0.022810875400900838 0.09035015590488911
398 23.54273068299517 0.0019880140144377945 0.0643522484600544 0.022726486288011077 0.08973604254424572
399 24.00450980599271 0.001985927671194077 0.06415422718971968 0.022722608968615533 0.08878699317574501
400 24.024162794987205 0.001986178336665034 0.06265219740569591 0.022657277286052702 0.0880107156932354
401 25.247280247014714 0.0019853201303631066 0.06211681857705116 0.022543399780988696 0.08795929215848446
402 24.30155821700464 0.0019831514153629544 0.06203674014657736 0.022741328198462724 0.08802836984395981
403 23.828357654012507 0.001983724370598793 0.06201817434281111 0.02264269696548581 0.08791491948068142
404 24.49529550599982 0.0019829846136271956 0.06193562146276235 0.022821076959371567 0.08822956308722496
405 24.878892535023624 0.001982911475002766 0.0620934484153986 0.02278304863721132 0.08832594379782677
406 24.509035224007675 0.0019812462013214837 0.062085748128592966 0.022685724794864654 0.08814188949763775
407 24.52558984499774 0.0019811713956296444 0.06193994242697954 0.02267496895045042 0.08773199617862701
408 23.924888097011717 0.001978669483214617 0.061896295584738255 0.02253658697009087 0.08762376606464387
409 24.00709384100628 0.0019792902246117587 0.06220007635653019 0.022644540742039677 0.08797077797353267
410 23.63166082900716 0.001978663694113493 0.06204339571297169 0.022332088444381955 0.08791515268385411
411 22.876839020987973 0.0019752744063735 0.062049736008048056 0.022672729287296533 0.0883133802562952
412 24.627824786002748 0.0019764884132891887 0.0620845802500844 0.022602598015218973 0.08803106658160686
413 23.871470849990146 0.0019771223831921824 0.062174263261258605 0.02222009317949414 0.08836930617690086
414 24.440555651002796 0.0019724509902298458 0.06271656721830368 0.022470733486115932 0.08792665116488933
415 24.090007858991157 0.001972142418846489 0.061998956613242624 0.022420922629535198 0.08809098340570927
416 24.24721281498205 0.0019716421589255338 0.061950606256723405 0.022319955322891473 0.08734889104962348
417 22.692881053983 0.001968674806877971 0.062074262984097 0.022388880494982003 0.08787553943693638
418 24.33544267801335 0.0019690895751118655 0.0619982535392046 0.02256466343998909 0.0879935521632433
419 23.902943160006544 0.001968839798122644 0.06200515501201153 0.022589752655476334 0.08826096467673779
420 23.411413861991605 0.0019647344760596753 0.0624204795062542 0.022872021552175284 0.09001040570437908
421 23.676816819002852 0.0019660696964710956 0.06250465828925371 0.022649173364043235 0.08767843879759311
422 24.641956676001428 0.0019657287895679465 0.061682275347411636 0.022664777580648658 0.08748479373753071
423 25.80991925499984 0.001963013587519526 0.06178371585905552 0.022568524181842804 0.08761312849819661
424 23.896586169983493 0.0019616724401712417 0.06244826417416334 0.022841953765600918 0.08711271658539772
425 23.3190049159748 0.001962625380605459 0.06247548677027225 0.022341190930455924 0.08827719874680043
426 23.828424303996144 0.001961589021608233 0.061879257261753084 0.022375270128250118 0.08796021789312362
427 23.726990802009823 0.0019595912043005237 0.06221570823341608 0.022460120096802712 0.08804665803909302
428 24.461306863027858 0.001959279034286737 0.06229678388684988 0.02247019750997424 0.08748042397201061
429 23.950466673006304 0.0019587590955197805 0.06180899005383253 0.022394956592470407 0.08708284124732017
430 24.152891217992874 0.0019570535607635973 0.06144343063235283 0.02250853233039379 0.0877479299902916
431 24.66271105699707 0.0019551402255892757 0.062019256427884105 0.022501561641693115 0.08830584175884723
432 23.41002747300081 0.0019558143187314277 0.062065445445477964 0.022342359200119972 0.08746366314589978
433 24.92701061500702 0.0019541377127170563 0.061784361861646174 0.022518288698047402 0.08810587227344513
434 25.627366503991652 0.001953793117776513 0.06200779668986797 0.022140240631997585 0.08794654123485088
435 26.716350640985183 0.0019518049582839014 0.06153998408466577 0.022222313508391378 0.08708508498966694
436 24.33115563399042 0.0019511908032000052 0.06154525600373745 0.022277873996645207 0.08730486035346985
437 24.114465589023894 0.0019513975400477649 0.06159933939576149 0.022632909882813697 0.086320273950696
438 23.406472636008402 0.0019489113483577968 0.06121378149837255 0.02234373020008206 0.08738620951771736
439 23.515426564990776 0.0019510363005101684 0.06139381792396307 0.02234948663040996 0.08728252127766609
440 23.982339223002782 0.0019486330077052119 0.06143035046756268 0.02246498184278607 0.08704863898456097
441 23.634506093978416 0.0019482697900384664 0.06153782047331333 0.022197945695370435 0.08690317049622535
442 23.741857958986657 0.001944584038108587 0.06119269639253616 0.0224769370444119 0.08728565648198128
443 23.677702551998664 0.0019444111101329332 0.061297137103974816 0.022120838798582558 0.08770424909889699
444 23.624640907975845 0.0019430106040090322 0.061955965347588064 0.022101624868810177 0.08750563897192479
445 24.230855510017136 0.0019440647698938844 0.061659483574330806 0.022460595797747375 0.08720692507922649
446 24.25763329898473 0.0019441225510090586 0.06172583110630512 0.022521038446575405 0.08732210025191307
447 24.185128033015644 0.0019406487066298728 0.0613809647783637 0.0219672105461359 0.08791084662079811
448 24.534341691993177 0.0019416092988103625 0.061275433599948886 0.022017996702343227 0.08688504435122013
449 24.034581426007207 0.001938829043880105 0.0612498626857996 0.02217081634327769 0.08781097084283829
450 23.973165664006956 0.001940027099102736 0.06138014879077673 0.022348987683653832 0.08757763281464577
451 24.753017206996446 0.001938941160216927 0.061035202704370024 0.02204167000949383 0.08702368550002575
452 23.078560963011114 0.0019383161440491678 0.06125210411846638 0.022250348031520845 0.08682277277112008
453 23.97491065299255 0.0019357497356832032 0.06132466949522495 0.021997595373541116 0.08794162385165691
454 23.479366001003655 0.0019341427180916066 0.06126574520021677 0.022336801588535314 0.08704238124191761
455 23.76726493399474 0.0019309995286166679 0.06171702090650797 0.02210827415809035 0.08689451478421688
456 23.990604351012735 0.001933458767831325 0.061303342208266255 0.02200473239645362 0.08649496175348759
457 24.278709847014397 0.0019295735936611887 0.06160881459712982 0.02226700533181429 0.08719298988580704
458 23.98221213600482 0.001930886026471854 0.06127235993742943 0.022218140047043557 0.08724145814776421
459 23.695543752983212 0.0019303328786045312 0.06088621087372303 0.02214688047766685 0.08603255935013294
460 23.497612978011603 0.0019315905086696142 0.06087283425033092 0.021956123970448972 0.08671780489385128
461 23.17159673399874 0.0019266044143587341 0.06101292159408331 0.022200511395931245 0.08796969279646874
462 23.249420973996166 0.001929749697446823 0.061426184885203836 0.022054546773433686 0.08681755773723125
463 23.698613873013528 0.0019263207335025068 0.061547703295946124 0.02167113736271858 0.08898567147552967
464 24.477129981009057 0.00192695657722652 0.06106541831046343 0.022166098710149525 0.0868142407387495
465 24.795278359000804 0.0019257374815642842 0.060893738120794294 0.02192915553227067 0.08678584657609463
466 23.8962145439873 0.0019259064998477695 0.06078257568180561 0.02208040295168758 0.08608357161283493
467 23.48821704898728 0.001924867192283273 0.06106795735657215 0.021935112681239842 0.08710656426846981
468 23.224438164994353 0.0019226272720843545 0.06084891639649868 0.02214977070689201 0.08695550970733165
469 23.977535659010755 0.0019242265522480015 0.060658425129950046 0.022207857128232717 0.08646447397768497
470 25.314632744994015 0.001921674026176334 0.06067218922078609 0.021870352011173967 0.08680052570998668
471 24.3546072760073 0.0019192466288805005 0.06112006101757288 0.02212101249024272 0.08733600415289403
472 23.527178762014955 0.0019218197055161001 0.06199239153414965 0.021835652459412817 0.08741006664931775
473 23.018813154980307 0.0019180916063487536 0.06131273046135902 0.0217451524361968 0.08642231002449989
474 23.082872763974592 0.00192027241177857 0.060426816456019876 0.022112644650042056 0.08662822023034096
475 23.269140751013765 0.0019175923671573398 0.06042021118104458 0.02206482721492648 0.08685885295271874
476 23.35631332398043 0.0019179576802998788 0.06079897943884134 0.021879979260265827 0.08670883700251579
477 22.551267720991746 0.0019144301526248457 0.06072556093335152 0.022303822897374627 0.08656915724277496
478 23.60558567897533 0.001915533009916544 0.060625155866146085 0.0219569849036634 0.0865965586155653
479 24.454277737007942 0.001914078181609512 0.06058092970401049 0.02182186057791114 0.08691156953573227
480 23.88179529600893 0.001913712237030267 0.06054130095988512 0.022101499345153562 0.08595256581902504
481 23.83646651401068 0.001914780279621483 0.06067388642579317 0.021843685135245323 0.08737023398280144
482 23.949606050009606 0.0019116724301129566 0.061074724458158015 0.0216864138841629 0.08648848310112953
483 24.21119003201602 0.0019092971477657546 0.06057949438691139 0.022128267511725426 0.08603452295064926
484 23.453966909990413 0.0019119447525590661 0.061456521712243556 0.021562594361603262 0.10198951363563538
485 24.113722159003373 0.0019080967176705588 0.06257046170532704 0.021963176652789112 0.0857902392745018
486 23.759251996001694 0.0019110931064933532 0.060470683239400386 0.021692611165344714 0.08803888782858849
487 22.861440262000542 0.0019072747267782682 0.060556821376085285 0.021994011960923675 0.08554627597332001
488 23.385064236994367 0.0019077194165438422 0.06039068732410669 0.022121589072048663 0.08601758070290089
489 23.593934695003554 0.001909939413890243 0.06035798043012619 0.021967095397412775 0.08586266413331031
490 23.673079220985528 0.0019051140937954186 0.06030067216604948 0.022140607610344885 0.0859400186687708
491 23.234286343009444 0.0019066884331405169 0.06024475168436766 0.02170034570619464 0.08590796962380409
492 22.710882084997138 0.001905396204441786 0.060543658994138244 0.021928002350032328 0.08682355061173438
493 23.55833408201579 0.0019061570987105364 0.060846849195659164 0.02150847245007754 0.08615330643951893
494 23.527263635012787 0.001906210670247674 0.060715603716671465 0.021738151367753745 0.08751042373478413
495 23.768181727005867 0.0019022120554000144 0.06025767784565687 0.02180103318765759 0.08630689270794392
496 23.44400783299352 0.0019024477824568745 0.060306768715381626 0.02181552058085799 0.08668185733258724
497 24.128607578983065 0.001901388617232442 0.06069023445248604 0.02196680681779981 0.08770068846642971
498 24.35196721999091 0.0019009406939148907 0.06101237371563911 0.022105352003127333 0.08724556006491184
499 23.620936610997887 0.0018992578554898503 0.061055133789777755 0.021644816901534795 0.08598194532096386
