nohup: ignoring input
loaded grouped PDEBench shallow-water samples: 50/1000
loaded grouped PDEBench shallow-water samples: 100/1000
loaded grouped PDEBench shallow-water samples: 150/1000
loaded grouped PDEBench shallow-water samples: 200/1000
loaded grouped PDEBench shallow-water samples: 250/1000
loaded grouped PDEBench shallow-water samples: 300/1000
loaded grouped PDEBench shallow-water samples: 350/1000
loaded grouped PDEBench shallow-water samples: 400/1000
loaded grouped PDEBench shallow-water samples: 450/1000
loaded grouped PDEBench shallow-water samples: 500/1000
loaded grouped PDEBench shallow-water samples: 550/1000
loaded grouped PDEBench shallow-water samples: 600/1000
loaded grouped PDEBench shallow-water samples: 650/1000
loaded grouped PDEBench shallow-water samples: 700/1000
loaded grouped PDEBench shallow-water samples: 750/1000
loaded grouped PDEBench shallow-water samples: 800/1000
loaded grouped PDEBench shallow-water samples: 850/1000
loaded grouped PDEBench shallow-water samples: 900/1000
loaded grouped PDEBench shallow-water samples: 950/1000
loaded grouped PDEBench shallow-water samples: 1000/1000
PDEBench grouped shallow-water HDF5 loaded: 0000 to 0999
Shallow Water Equations Dataset has been loaded successfully!
split: ntrain=900, ntest=100
X train shape: torch.Size([900, 128, 128, 10]) Y train shape: torch.Size([900, 128, 128, 40])
X test shape: torch.Size([100, 128, 128, 10]) Y test shape: torch.Size([100, 128, 128, 40])
The autoencoder type is MLP.
KNO2d model is completed.
Koopman Model has been compiled!
The Model Parameters Number is  526026
Epoch Time [Train Recons MSE] [Train Pred MSE] [Eval Recons MSE] [Eval Pred MSE]
0 169.77349958848208 0.026938515419347425 0.07359763804124668 0.025806458704173564 0.00512549530249089
1 172.2075720699504 0.0020674949610191913 0.004693845515915503 0.02372106311842799 0.004095890664029866
2 171.583464208059 0.0016575150310786239 0.0036852522080557215 0.018884153794497253 0.002949123166035861
3 172.11085834540427 0.0012442192668095234 0.002868618439727773 0.01277077365666628 0.0024617436924017967
4 171.66875483561307 0.0008860911547930706 0.0024284615957488615 0.008913217750377952 0.002242449956247583
5 171.77479342743754 0.0006205157182800273 0.001693253993936297 0.0065443012164905666 0.001815688272472471
6 171.80283456668258 0.0004539729040374776 0.0013247682286115984 0.004466391990426927 0.0012632211699383333
7 170.10916406661272 0.00035919234234218806 0.0011103997928633665 0.0036773818871006373 0.0011347375955665484
8 172.27097463142127 0.0003032455852695017 0.0009151828750166007 0.00321442112326622 0.0009809571638470516
9 171.680465050973 0.0002651307072180013 0.0007877771244643049 0.003027395473327488 0.0006382425111951306
10 171.88500630576164 0.00023534884462909163 0.0006589208218631231 0.002692758000921458 0.0005615026137093082
11 168.89960491657257 0.00020784401910431277 0.0006465116268373095 0.002301914676791057 0.0005294917806168087
12 172.52076883707196 0.00018526723394946508 0.0005254154686958323 0.0020132307335734368 0.0004823064475203864
13 172.31412193272263 0.00016351640360274663 0.00048462602911361803 0.0018140172818675638 0.0004531750382739119
14 171.70557173341513 0.00014539398996728575 0.00045269703437548337 0.0016037976043298842 0.0003790273127378896
15 173.0927119133994 0.00012933972003843837 0.0004531103115166641 0.0014892766112461688 0.00045345639809966085
16 173.4642874468118 0.00011669414344295443 0.0004391717498138961 0.0013473221124149861 0.000372889700520318
17 171.5869954759255 0.00010613152718481915 0.00041891870480160125 0.0012208665360230952 0.0003333823129651137
18 170.61921979114413 9.474004861355451e-05 0.0004058581757514427 0.0011266821558820084 0.0006037816201569512
19 170.88576385378838 8.678722971429424e-05 0.0003428382588835019 0.0009639439050806687 0.00028895143332192675
20 174.71516242437065 7.840371525768812e-05 0.0003230546913982835 0.0008915974019328131 0.000321278371848166
21 174.81256726384163 7.244046263319132e-05 0.0003476589720877301 0.0008581449271878228 0.0002864718080672901
22 181.61119520291686 6.657549639284197e-05 0.0003298472718193403 0.0007441594736883417 0.00026529259193921464
23 188.37987774889916 6.452519208930122e-05 0.00047531746669038615 0.0007224684330867602 0.0003995071790996008
24 183.3905931338668 5.751428611498946e-05 0.000288131018977664 0.0006437015917617828 0.00034919264289783313
25 182.22555057983845 5.347453843569388e-05 0.00030306581837875353 0.0006074774824082851 0.0003124464812572114
26 182.8437130600214 4.999299347724044e-05 0.0002891400495071947 0.0005813202814897522 0.00025026885341503655
27 181.28380840085447 4.995744140210768e-05 0.0003439681719303028 0.000522108017175924 0.0003232964656490367
28 176.9985756529495 4.5906358896495975e-05 0.00028468456277753123 0.0005503303575096651 0.0002316240774234757
29 174.25895633082837 4.2641948158335354e-05 0.00025213001734098524 0.000480110308562871 0.0008338566112797707
30 174.26223162095994 4.2892383935395604e-05 0.00036023050836067545 0.00044940234773093834 0.00022015607173671016
31 181.58777119684964 4.002429045309931e-05 0.0002655363367618217 0.0004328368592541665 0.00021926688132225535
32 182.0827437080443 3.9122667617953605e-05 0.00039307039349094136 0.00042096021643374116 0.00023563546346849762
33 182.36594798136503 3.559529778107794e-05 0.00020843221274036397 0.0004073169449111447 0.00025405631240573714
34 182.0104400878772 3.544112086981638e-05 0.000323131138833964 0.00041631426691310483 0.00020646103366743772
35 180.51691358629614 3.390267919005256e-05 0.00023052916286461469 0.0004266277002170682 0.0012423105479683727
36 171.97717599291354 3.5198249590596086e-05 0.0003060857466253866 0.00044743634003680205 0.0006132133305072785
