nohup: ignoring input
dataset shape: (50, 64, 64, 1200)
Navier-Stokes (vis = 1e-4) custom split loaded: ntrain=1000, ntest=200
X train shape: torch.Size([1000, 64, 64, 10]) Y train shape: torch.Size([1000, 64, 64, 40])
X test shape: torch.Size([200, 64, 64, 10]) Y test shape: torch.Size([200, 64, 64, 40])
The autoencoder type is MLP.
KNO2d model is completed.
Koopman Model has been compiled!
The Model Parameters Number is  526026
Epoch Time [Train Recons MSE] [Train Pred MSE] [Eval Recons MSE] [Eval Pred MSE]
0 70.48391693271697 0.04763916574418542 2.1647806227207185 0.3055902603268623 1.925104057788849
1 76.27336003724486 0.02275041791796684 1.8806812596321105 0.20933613777160645 1.8369026064872742
2 70.45255298167467 0.015894471563398835 1.887013043165207 0.13807041332125664 1.9590091168880464
3 69.8771354984492 0.014063851773738858 1.8332962465286256 0.14907876446843146 1.7535233557224275
4 67.45714519638568 0.08089830399304627 2.7838730239868164 0.6957306039333342 3.280370354652405
5 72.84078626614064 0.26719442033767704 4.930993514060974 2.9335146522521973 5.120540881156922
6 73.64017837867141 0.25367189764976517 5.141023168563843 2.813100700378418 5.120162463188171
7 70.74657568149269 0.24378691136837 5.140949716567993 2.7283386087417605 5.119528031349182
8 70.70993166137487 0.23862385940551753 5.140943789482117 2.669840295314789 5.119934892654419
9 76.00038493797183 0.23556530225276937 5.140743579864502 2.654508714675903 5.1204084873199465
10 74.2528111319989 0.23354475009441367 5.140778021812439 2.6280810713768004 5.119683933258057
11 70.433269248344 0.23270940017700195 5.148284869194031 2.653395938873291 5.1406536340713505
12 74.48229170776904 0.23296791279315957 5.165403571128845 2.6147047376632693 5.140835380554199
13 75.46904536522925 0.2323075275421144 5.165030188560486 2.6362186217308046 5.141316556930542
14 75.63980306033045 0.23180847156047826 5.16535496711731 2.609010951519012 5.142422461509705
15 71.47380569018424 0.2315357234477996 5.1648406887054445 2.7127019047737124 5.191164469718933
16 69.74808775447309 0.24751207935810082 5.27674364566803 2.804262363910675 5.253193140029907
17 73.63145342189819 0.27930610918998733 5.7341461086273195 3.3341097426414494 5.9542395830154415
18 71.38138061296195 0.2911140542030333 5.921283869743347 3.320199077129364 5.952713584899902
19 67.4894117442891 0.2906228835582734 5.9216796493530275 3.321078021526337 5.952610492706299
20 67.21314233541489 0.29037712574005137 5.921293082237244 3.348420960903167 5.952403783798218
21 67.92022669129074 0.28986547207832336 5.909889979362488 3.33361958026886 5.936722612380981
22 72.70538851898164 0.28972238874435413 5.907512249946595 3.3292235088348385 5.9361933946609495
23 68.7794208182022 0.28967644667625425 5.908001937866211 3.3221500539779663 5.936060690879822
24 68.3426255742088 0.2891647484302522 5.897669248580932 3.315383677482605 5.915706753730774
25 70.49528148025274 0.28859401059150686 5.889963150024414 3.317637155055999 5.915313792228699
26 65.72217616345733 0.2950985774993895 5.961172380447388 3.4424664926528927 6.052633833885193
27 69.14160697162151 0.299873367547989 6.013655114173889 3.433634707927704 6.052281236648559
28 67.30941722169518 0.29984093260765077 6.013452687263489 3.455231416225433 6.053602695465088
29 68.41974511835724 0.2998371856212616 6.013442144393921 3.4281533622741707 6.053569555282593
30 70.47959324065596 0.29979965448379525 6.013535437583923 3.4133748126029966 6.05298171043396
31 72.55555045697838 0.2996835794448852 6.013212718963623 3.443465030193328 6.051369476318359
32 68.69081141520292 0.29965595102310166 6.0149175786972044 3.4390912842750545 6.056101679801941
33 66.4478104794398 0.29996377706527705 6.018731961250305 3.450227823257446 6.0575206756591795
34 67.19378350581974 0.29989616942405706 6.017948441505432 3.4358310222625734 6.055444693565368
35 68.14433997962624 0.30035276055336 6.013531012535095 3.462171196937561 6.054201531410217
36 68.01291474048048 0.3004194614887238 6.012928462028503 3.4439946889877318 6.054944849014282
37 67.6185018774122 0.3003271770477296 6.013073420524597 3.4353977918624885 6.054297661781311
38 68.46703830640763 0.30040300226211547 6.013033223152161 3.44033020734787 6.05446183681488
39 71.88456372078508 0.3003123657703399 6.012949266433716 3.438946783542633 6.054207754135132
40 67.95714599918574 0.30013568592071543 6.012828574180603 3.4488371634483337 6.053473711013794
41 68.79446237441152 0.30024771928787236 6.014034748077393 3.4571954536437994 6.053951406478882
42 67.4106928575784 0.3002555320262908 6.013933053016663 3.447030873298645 6.053780937194825
43 67.63073934428394 0.30029555726051327 6.01418179512024 3.453127477169037 6.055070900917054
44 68.22527602035552 0.30034537672996514 6.014373092651367 3.455189247131348 6.055277252197266
45 67.4230773653835 0.3008584158420563 6.018249497413636 3.460741107463837 6.05870213508606
46 69.98112341761589 0.3014074609279633 6.015170102119446 3.458798251152038 6.0574439525604244
47 69.63500437047333 0.3017565686702729 6.017136182785034 3.49880743265152 6.064991855621338
48 71.49318885151297 0.30447735977172835 6.0152523851394655 3.507153816223144 6.060772466659546
49 68.633630390279 0.30126861047744746 5.960061635971069 3.4056837010383605 5.924955558776856
50 68.3575202897191 0.29735054564476016 5.89555561542511 3.409709136486053 5.926143836975098
51 69.37217618804425 0.21664466905593865 4.40492014169693 1.8456333184242246 3.9024779200553894
52 65.63380798138678 0.15833533453941354 3.896700868606567 1.7618845176696776 3.901111114025116
53 70.02703445963562 0.15386086678504943 3.893503475189209 1.7166661059856416 3.896209704875946
54 71.5682498011738 0.14873522686958307 3.8743214344978334 1.6694179129600524 3.8697319507598875
55 69.79059436265379 0.14697643291950224 3.8770860767364503 1.7240577888488768 3.930137276649475
56 69.33268344588578 0.1519021669626236 3.931036899089813 1.7061669433116915 3.9331103324890138
57 72.10342398658395 0.15123922181129457 3.93011305809021 1.6944070279598236 3.9291017174720766
58 69.53724221326411 0.1494000639915466 3.9168622660636903 1.6514924252033232 3.912279260158539
59 72.42429132666439 0.14884659111499787 3.9110836958885193 1.6665823316574098 3.9114479660987853
60 74.11037693731487 0.14876222360134123 3.911120607852936 1.6754315543174745 3.912233793735504
61 70.18818161450326 0.14886037695407867 3.9113554787635803 1.68531906247139 3.9125577926635744
62 70.09211152419448 0.1542961740493774 3.9405062699317934 1.8584902155399319 3.9920267343521116
63 73.25502364616841 0.16110833621025086 3.9878817772865296 1.8402474963665008 3.9887943387031557
64 75.23498519789428 0.16050716853141783 3.9874549388885496 1.7985783040523529 3.9898574113845826
65 75.94218463171273 0.1579014837741852 3.9666919708251953 1.7855071234703064 3.968088686466217
66 80.92477738764137 0.1566602910757065 3.963309988975525 1.767443264722824 3.9710789561271667
67 75.02814642712474 0.15199124336242675 3.9272464513778687 1.6943096911907198 3.906098425388336
68 77.6503796344623 0.1568661124706268 3.815118148326874 2.000631368160248 3.7421319007873537
69 73.93272676505148 0.1738933650255203 3.7351300716400146 1.9804783213138581 3.7437914609909058
70 74.19576636701822 0.17293387603759766 3.7354767966270446 1.9756763517856597 3.7438511490821837
71 74.30646218080074 0.17256236171722414 3.7355729484558107 1.9675405132770536 3.7438963413238526
72 74.67649885918945 0.1724344235658646 3.7355286502838134 1.969883457422257 3.743889129161835
73 71.17960478831083 0.17235301566123964 3.7355667567253112 1.9757791912555693 3.743891489505768
74 73.08657645620406 0.17231340229511263 3.7355998063087466 1.9685339426994326 3.7438730120658876
75 76.34796950407326 0.1723389438390732 3.7356232404708862 1.9645641434192658 3.7438881754875184
76 75.58307398017496 0.17230095303058623 3.7356118869781496 1.9709540450572967 3.74388188123703
77 74.19825975969434 0.17220278871059416 3.7355618023872377 1.969389499425888 3.743839979171753
78 75.56981972977519 0.17224176132678992 3.7355790948867797 1.9792389583587648 3.74378160238266
79 74.24052530806512 0.17222380983829502 3.735482032299042 1.9653462183475494 3.7438775539398192
80 73.9522734535858 0.1721819832324982 3.735518569946289 1.9728736567497254 3.7438835382461546
81 71.12169591430575 0.1722103751897812 3.7355458760261535 1.9654716789722446 3.743932104110718
82 71.05499288532883 0.17219711220264444 3.7356017589569093 1.9633470952510834 3.743936097621918
83 71.05106628499925 0.1722328573465348 3.7357002091407776 1.9616517674922946 3.743955159187317
84 70.6888583181426 0.17220654618740083 3.7357739925384523 1.9676572215557102 3.743920612335205
85 75.8420778522268 0.17226655483245845 3.7358168458938597 1.96950425028801 3.7439401388168334
86 71.56171790231019 0.17221792793273924 3.7356930589675903 1.9656096863746644 3.7438814997673036
87 70.97248317860067 0.17224212324619292 3.7356764698028564 1.9661399030685427 3.7439703822135924
88 71.14635859616101 0.17224471330642693 3.7357481646537782 1.965621736049652 3.743914616107941
89 69.86382953077555 0.17219409835338592 3.735607306957245 1.9717593145370487 3.7440056085586546
90 71.35868919827044 0.17219552600383764 3.735505404472351 1.9647046864032744 3.743950164318085
91 72.1572406180203 0.17216292333602903 3.7355091738700867 1.9690313065052034 3.7439094305038454
92 72.4942690404132 0.1721948630809785 3.7355430054664613 1.9658484315872193 3.744027149677277
93 71.63342136330903 0.1721894046068192 3.735343863964081 1.9777639853954312 3.743757259845734
94 75.84598893485963 0.17217972886562338 3.7353348112106324 1.964340568780899 3.7437157034873962
95 71.14520806446671 0.1721498055458069 3.7353054904937744 1.9651599824428558 3.7436447739601135
96 101.14849552791566 0.17216529417037965 3.735280468463898 1.9714804005622864 3.7436657905578614
