epoch 0000 | 167.09s | train_full 1.937690e-01 | test_full 6.183325e-02
epoch 0001 | 164.11s | train_full 6.124934e-02 | test_full 4.687385e-02
epoch 0002 | 163.23s | train_full 4.168359e-02 | test_full 3.572356e-02
epoch 0003 | 163.93s | train_full 4.093905e-02 | test_full 3.861276e-02
epoch 0004 | 163.05s | train_full 3.627376e-02 | test_full 3.397907e-02
epoch 0005 | 162.86s | train_full 3.446428e-02 | test_full 3.509692e-02
epoch 0006 | 167.87s | train_full 3.367735e-02 | test_full 4.280325e-02
epoch 0007 | 164.66s | train_full 3.413924e-02 | test_full 3.112087e-02
epoch 0008 | 162.68s | train_full 4.971689e-02 | test_full 7.800540e-02
epoch 0009 | 160.99s | train_full 8.093924e-02 | test_full 8.133300e-02
epoch 0010 | 161.70s | train_full 8.425776e-02 | test_full 8.639414e-02
epoch 0011 | 166.25s | train_full 8.124053e-02 | test_full 7.983323e-02
Traceback (most recent call last):
  File "/home/lpq/Wangwanqi/PKNO_Experiments/experiments/stage3_0/train_pkno_shallow_water.py", line 49, in <module>
    main()
  File "/home/lpq/Wangwanqi/PKNO_Experiments/experiments/stage3_0/train_pkno_shallow_water.py", line 45, in main
    run_stage3_training(args, bundle)
  File "/home/lpq/Wangwanqi/PKNO_Experiments/experiments/stage3_0/common.py", line 125, in run_stage3_training
    train_autoregressive(
  File "/home/lpq/Wangwanqi/PKNO_Experiments/src/pkno/trainers/train_rollout.py", line 314, in train_autoregressive
    raise FloatingPointError(
FloatingPointError: Non-finite training loss at epoch=12, batch=104. Check data layout/non-finite inputs or reduce --lr, --delta-scale, or --decompose.
